Archive member included to satisfy reference by file (symbol)

c:/development/arm-none-eabi/bin/../lib/gcc/arm-none-eabi/12.2.1/thumb/v6-m/nofp\libstdc++.a(functexcept.o)
                              CMakeFiles/temp.dir/C_/Development/sdk/netczech/picopad-playground/picopad-sdk/picopad-base/src/vendor/pico-onewire/source/one_wire.cpp.obj (std::__throw_length_error(char const*))
c:/development/arm-none-eabi/bin/../lib/gcc/arm-none-eabi/12.2.1/thumb/v6-m/nofp\libstdc++.a(snprintf_lite.o)
                              c:/development/arm-none-eabi/bin/../lib/gcc/arm-none-eabi/12.2.1/thumb/v6-m/nofp\libstdc++.a(functexcept.o) (__gnu_cxx::__snprintf_lite(char*, unsigned int, char const*, std::__va_list))
c:/development/arm-none-eabi/bin/../lib/gcc/arm-none-eabi/12.2.1/thumb/v6-m/nofp\libstdc++.a(bad_alloc.o)
                              c:/development/arm-none-eabi/bin/../lib/gcc/arm-none-eabi/12.2.1/thumb/v6-m/nofp\libstdc++.a(functexcept.o) (vtable for std::bad_alloc)
c:/development/arm-none-eabi/bin/../lib/gcc/arm-none-eabi/12.2.1/thumb/v6-m/nofp\libstdc++.a(bad_array_new.o)
                              c:/development/arm-none-eabi/bin/../lib/gcc/arm-none-eabi/12.2.1/thumb/v6-m/nofp\libstdc++.a(functexcept.o) (vtable for std::bad_array_new_length)
c:/development/arm-none-eabi/bin/../lib/gcc/arm-none-eabi/12.2.1/thumb/v6-m/nofp\libstdc++.a(bad_cast.o)
                              c:/development/arm-none-eabi/bin/../lib/gcc/arm-none-eabi/12.2.1/thumb/v6-m/nofp\libstdc++.a(functexcept.o) (vtable for std::bad_cast)
c:/development/arm-none-eabi/bin/../lib/gcc/arm-none-eabi/12.2.1/thumb/v6-m/nofp\libstdc++.a(bad_typeid.o)
                              c:/development/arm-none-eabi/bin/../lib/gcc/arm-none-eabi/12.2.1/thumb/v6-m/nofp\libstdc++.a(functexcept.o) (vtable for std::bad_typeid)
c:/development/arm-none-eabi/bin/../lib/gcc/arm-none-eabi/12.2.1/thumb/v6-m/nofp\libstdc++.a(eh_alloc.o)
                              c:/development/arm-none-eabi/bin/../lib/gcc/arm-none-eabi/12.2.1/thumb/v6-m/nofp\libstdc++.a(functexcept.o) (__cxa_allocate_exception)
c:/development/arm-none-eabi/bin/../lib/gcc/arm-none-eabi/12.2.1/thumb/v6-m/nofp\libstdc++.a(eh_arm.o)
                              c:/development/arm-none-eabi/bin/../lib/gcc/arm-none-eabi/12.2.1/thumb/v6-m/nofp\libstdc++.a(functexcept.o) (__cxa_end_cleanup)
c:/development/arm-none-eabi/bin/../lib/gcc/arm-none-eabi/12.2.1/thumb/v6-m/nofp\libstdc++.a(eh_exception.o)
                              c:/development/arm-none-eabi/bin/../lib/gcc/arm-none-eabi/12.2.1/thumb/v6-m/nofp\libstdc++.a(bad_alloc.o) (std::exception::~exception())
c:/development/arm-none-eabi/bin/../lib/gcc/arm-none-eabi/12.2.1/thumb/v6-m/nofp\libstdc++.a(eh_globals.o)
                              c:/development/arm-none-eabi/bin/../lib/gcc/arm-none-eabi/12.2.1/thumb/v6-m/nofp\libstdc++.a(eh_arm.o) (__cxa_get_globals)
c:/development/arm-none-eabi/bin/../lib/gcc/arm-none-eabi/12.2.1/thumb/v6-m/nofp\libstdc++.a(eh_personality.o)
                              c:/development/arm-none-eabi/bin/../lib/gcc/arm-none-eabi/12.2.1/thumb/v6-m/nofp\libstdc++.a(functexcept.o) (__gxx_personality_v0)
c:/development/arm-none-eabi/bin/../lib/gcc/arm-none-eabi/12.2.1/thumb/v6-m/nofp\libstdc++.a(eh_terminate.o)
                              c:/development/arm-none-eabi/bin/../lib/gcc/arm-none-eabi/12.2.1/thumb/v6-m/nofp\libstdc++.a(eh_alloc.o) (std::terminate())
c:/development/arm-none-eabi/bin/../lib/gcc/arm-none-eabi/12.2.1/thumb/v6-m/nofp\libstdc++.a(eh_throw.o)
                              c:/development/arm-none-eabi/bin/../lib/gcc/arm-none-eabi/12.2.1/thumb/v6-m/nofp\libstdc++.a(functexcept.o) (__cxa_throw)
c:/development/arm-none-eabi/bin/../lib/gcc/arm-none-eabi/12.2.1/thumb/v6-m/nofp\libstdc++.a(eh_unex_handler.o)
                              c:/development/arm-none-eabi/bin/../lib/gcc/arm-none-eabi/12.2.1/thumb/v6-m/nofp\libstdc++.a(eh_terminate.o) (__cxxabiv1::__unexpected_handler)
c:/development/arm-none-eabi/bin/../lib/gcc/arm-none-eabi/12.2.1/thumb/v6-m/nofp\libstdc++.a(si_class_type_info.o)
                              c:/development/arm-none-eabi/bin/../lib/gcc/arm-none-eabi/12.2.1/thumb/v6-m/nofp\libstdc++.a(bad_alloc.o) (vtable for __cxxabiv1::__si_class_type_info)
c:/development/arm-none-eabi/bin/../lib/gcc/arm-none-eabi/12.2.1/thumb/v6-m/nofp\libstdc++.a(tinfo.o)
                              c:/development/arm-none-eabi/bin/../lib/gcc/arm-none-eabi/12.2.1/thumb/v6-m/nofp\libstdc++.a(si_class_type_info.o) (std::type_info::__is_pointer_p() const)
c:/development/arm-none-eabi/bin/../lib/gcc/arm-none-eabi/12.2.1/thumb/v6-m/nofp\libstdc++.a(vterminate.o)
                              c:/development/arm-none-eabi/bin/../lib/gcc/arm-none-eabi/12.2.1/thumb/v6-m/nofp\libstdc++.a(eh_terminate.o) (__gnu_cxx::__verbose_terminate_handler())
c:/development/arm-none-eabi/bin/../lib/gcc/arm-none-eabi/12.2.1/thumb/v6-m/nofp\libstdc++.a(stdexcept.o)
[...]
Memory Configuration

Name             Origin             Length             Attributes
FLASH            0x10031000         0x001cf000         xr
RAM              0x20000000         0x00040000         xrw
SCRATCH_X        0x20040000         0x00001000         xrw
BOOTRAM          0x20041000         0x00000020         xrw
CONFIGRAM        0x20041020         0x00000020         xrw
SCRATCH_Y        0x20041040         0x00000fc0         xrw
*default*        0x00000000         0xffffffff

Linker script and memory map

LOAD c:/development/arm-none-eabi/bin/../lib/gcc/arm-none-eabi/12.2.1/thumb/v6-m/nofp/crti.o
LOAD c:/development/arm-none-eabi/bin/../lib/gcc/arm-none-eabi/12.2.1/thumb/v6-m/nofp/crtbegin.o
LOAD c:/development/arm-none-eabi/bin/../lib/gcc/arm-none-eabi/12.2.1/thumb/v6-m/nofp/crt0.o

.flash_begin    0x10031000        0x0
                0x10031000                        __flash_binary_start = .

.text           0x10031000     0x7518
                0x10031000                        __logical_binary_start = .
 *(.vectors)
 .vectors       0x10031000       0xd4 CMakeFiles/temp.dir/C_/Development/sdk/pico/pico-sdk/src/rp2_common/pico_standard_link/crt0.S.obj
                0x10031000                __vectors
                0x10031000                __VECTOR_TABLE
                0x100310c0                isr_invalid
                0x100310c0                __default_isrs_start
                0x100310c2                NMI_Handler
                0x100310c4                HardFault_Handler
                0x100310c6                SVC_Handler
                0x100310c8                PendSV_Handler
                0x100310ca                SysTick_Handler
                0x100310cc                IO_IRQ_BANK0_Handler
                0x100310cc                PIO0_IRQ_0_Handler
                0x100310cc                USBCTRL_IRQ_Handler
                0x100310cc                SPI1_IRQ_Handler
                0x100310cc                isr_irq27
                0x100310cc                isr_irq31
                0x100310cc                PIO1_IRQ_1_Handler
                0x100310cc                DMA_IRQ_1_Handler
                0x100310cc                __unhandled_user_irq
                0x100310cc                SPI0_IRQ_Handler
                0x100310cc                isr_irq28
                0x100310cc                UART0_IRQ_Handler
                0x100310cc                __default_isrs_end
                0x100310cc                PIO0_IRQ_1_Handler
                0x100310cc                I2C0_IRQ_Handler
                0x100310cc                SIO_IRQ_PROC1_Handler
                0x100310cc                TIMER_IRQ_0_Handler
                0x100310cc                isr_irq30
                0x100310cc                UART1_IRQ_Handler
                0x100310cc                TIMER_IRQ_3_Handler
                0x100310cc                DMA_IRQ_0_Handler
                0x100310cc                RTC_IRQ_Handler
                0x100310cc                TIMER_IRQ_2_Handler
                0x100310cc                CLOCKS_IRQ_Handler
                0x100310cc                PIO1_IRQ_0_Handler
                0x100310cc                I2C1_IRQ_Handler
                0x100310cc                ADC_IRQ_FIFO_Handler
                0x100310cc                IO_IRQ_QSPI_Handler
                0x100310cc                SIO_IRQ_PROC0_Handler
                0x100310cc                TIMER_IRQ_1_Handler
                0x100310cc                XIP_IRQ_Handler
                0x100310cc                isr_irq29
                0x100310cc                isr_irq26
                0x100310cc                PWM_IRQ_WRAP_Handler
                0x100310d2                unhandled_user_irq_num_in_r0
 *(.binary_info_header)
 .binary_info_header
                0x100310d4       0x14 CMakeFiles/temp.dir/C_/Development/sdk/pico/pico-sdk/src/rp2_common/pico_standard_link/crt0.S.obj
                0x100310e8                        __binary_info_header_end = .
 *(.reset)
 .reset         0x100310e8       0xa0 CMakeFiles/temp.dir/C_/Development/sdk/pico/pico-sdk/src/rp2_common/pico_standard_link/crt0.S.obj
                0x100310e8                _entry_point
 .reset         0x10031188       0x24 CMakeFiles/temp.dir/C_/Development/sdk/pico/pico-sdk/src/rp2_common/pico_standard_link/binary_info.c.obj
 *(.init)
 .init          0x100311ac        0x4 c:/development/arm-none-eabi/bin/../lib/gcc/arm-none-eabi/12.2.1/thumb/v6-m/nofp/crti.o
                0x100311ac                _init
 *(EXCLUDE_FILE(*libm.a: *libc.a:*lib_a-mem*.o *libgcc.a:) .text*)
 .text.register_tm_clones
                0x100311b0       0x28 c:/development/arm-none-eabi/bin/../lib/gcc/arm-none-eabi/12.2.1/thumb/v6-m/nofp/crtbegin.o
 .text.frame_dummy
                0x100311d8       0x24 c:/development/arm-none-eabi/bin/../lib/gcc/arm-none-eabi/12.2.1/thumb/v6-m/nofp/crtbegin.o
 .text._Z4waitt
                0x100311fc       0x2a CMakeFiles/temp.dir/src/main.cpp.obj
                0x100311fc                wait(unsigned short)
 *fill*         0x10031226        0x2 
 .text.startup.main
                0x10031228      0x1fc CMakeFiles/temp.dir/src/main.cpp.obj
                0x10031228                main
 .text.gpio_set_function
                0x10031424       0x2c CMakeFiles/temp.dir/C_/Development/sdk/pico/pico-sdk/src/rp2_common/hardware_gpio/gpio.c.obj
                0x10031424                gpio_set_function
 .text.gpio_set_pulls
                0x10031450       0x24 CMakeFiles/temp.dir/C_/Development/sdk/pico/pico-sdk/src/rp2_common/hardware_gpio/gpio.c.obj
                0x10031450                gpio_set_pulls
 .text.gpio_set_outover
                0x10031474       0x20 CMakeFiles/temp.dir/C_/Development/sdk/pico/pico-sdk/src/rp2_common/hardware_gpio/gpio.c.obj
                0x10031474                gpio_set_outover
 .text.gpio_set_input_enabled
                0x10031494       0x1c CMakeFiles/temp.dir/C_/Development/sdk/pico/pico-sdk/src/rp2_common/hardware_gpio/gpio.c.obj
                0x10031494                gpio_set_input_enabled
 .text.gpio_init
                0x100314b0       0x16 CMakeFiles/temp.dir/C_/Development/sdk/pico/pico-sdk/src/rp2_common/hardware_gpio/gpio.c.obj
                0x100314b0                gpio_init
 *fill*         0x100314c6        0x2 
 .text.running_on_fpga
                0x100314c8       0x10 CMakeFiles/temp.dir/C_/Development/sdk/pico/pico-sdk/src/rp2_common/pico_platform/platform.c.obj
                0x100314c8                running_on_fpga
 .text.hw_claim_lock
                0x100314d8       0x18 CMakeFiles/temp.dir/C_/Development/sdk/pico/pico-sdk/src/rp2_common/hardware_claim/claim.c.obj
                0x100314d8                hw_claim_lock
 .text.hw_claim_unlock
                0x100314f0       0x14 CMakeFiles/temp.dir/C_/Development/sdk/pico/pico-sdk/src/rp2_common/hardware_claim/claim.c.obj
                0x100314f0                hw_claim_unlock
 .text.hw_is_claimed
                0x10031504       0x16 CMakeFiles/temp.dir/C_/Development/sdk/pico/pico-sdk/src/rp2_common/hardware_claim/claim.c.obj
                0x10031504                hw_is_claimed
 .text.hw_claim_or_assert
                0x1003151a       0x3a CMakeFiles/temp.dir/C_/Development/sdk/pico/pico-sdk/src/rp2_common/hardware_claim/claim.c.obj
                0x1003151a                hw_claim_or_assert
 .text.hw_claim_unused_from_range
                0x10031554       0x52 CMakeFiles/temp.dir/C_/Development/sdk/pico/pico-sdk/src/rp2_common/hardware_claim/claim.c.obj
                0x10031554                hw_claim_unused_from_range
 .text.hw_claim_clear
                0x100315a6       0x20 CMakeFiles/temp.dir/C_/Development/sdk/pico/pico-sdk/src/rp2_common/hardware_claim/claim.c.obj
                0x100315a6                hw_claim_clear
 *fill*         0x100315c6        0x2 
 .text.spin_locks_reset
                0x100315c8       0x1c CMakeFiles/temp.dir/C_/Development/sdk/pico/pico-sdk/src/rp2_common/hardware_sync/sync.c.obj
                0x100315c8                spin_locks_reset
 .text.next_striped_spin_lock_num
                0x100315e4       0x18 CMakeFiles/temp.dir/C_/Development/sdk/pico/pico-sdk/src/rp2_common/hardware_sync/sync.c.obj
                0x100315e4                next_striped_spin_lock_num
 .text.spin_lock_unclaim
                0x100315fc       0x24 CMakeFiles/temp.dir/C_/Development/sdk/pico/pico-sdk/src/rp2_common/hardware_sync/sync.c.obj
                0x100315fc                spin_lock_unclaim
 .text.set_raw_irq_handler_and_unlock
                0x10031620       0x28 CMakeFiles/temp.dir/C_/Development/sdk/pico/pico-sdk/src/rp2_common/hardware_irq/irq.c.obj
 .text.irq_is_enabled
                0x10031648       0x18 CMakeFiles/temp.dir/C_/Development/sdk/pico/pico-sdk/src/rp2_common/hardware_irq/irq.c.obj
                0x10031648                irq_is_enabled
 .text.irq_set_mask_enabled
                0x10031660       0x20 CMakeFiles/temp.dir/C_/Development/sdk/pico/pico-sdk/src/rp2_common/hardware_irq/irq.c.obj
                0x10031660                irq_set_mask_enabled
 .text.irq_set_enabled
                0x10031680        0xe CMakeFiles/temp.dir/C_/Development/sdk/pico/pico-sdk/src/rp2_common/hardware_irq/irq.c.obj
                0x10031680                irq_set_enabled
 *fill*         0x1003168e        0x2 
 .text.irq_get_vtable_handler
                0x10031690       0x10 CMakeFiles/temp.dir/C_/Development/sdk/pico/pico-sdk/src/rp2_common/hardware_irq/irq.c.obj
                0x10031690                irq_get_vtable_handler
 .text.irq_set_exclusive_handler
                0x100316a0       0x40 CMakeFiles/temp.dir/C_/Development/sdk/pico/pico-sdk/src/rp2_common/hardware_irq/irq.c.obj
                0x100316a0                irq_set_exclusive_handler
 .text.irq_remove_handler
                0x100316e0      0x164 CMakeFiles/temp.dir/C_/Development/sdk/pico/pico-sdk/src/rp2_common/hardware_irq/irq.c.obj
                0x100316e0                irq_remove_handler
 .text.irq_add_tail_to_free_list
                0x10031844       0xa0 CMakeFiles/temp.dir/C_/Development/sdk/pico/pico-sdk/src/rp2_common/hardware_irq/irq.c.obj
                0x10031844                irq_add_tail_to_free_list
 .text.irq_init_priorities
                0x100318e4       0x24 CMakeFiles/temp.dir/C_/Development/sdk/pico/pico-sdk/src/rp2_common/hardware_irq/irq.c.obj
                0x100318e4                irq_init_priorities
 .text.lock_init
                0x10031908       0x10 CMakeFiles/temp.dir/C_/Development/sdk/pico/pico-sdk/src/common/pico_sync/lock_core.c.obj
                0x10031908                lock_init
 .text.mutex_init
                0x10031918       0x1a CMakeFiles/temp.dir/C_/Development/sdk/pico/pico-sdk/src/common/pico_sync/mutex.c.obj
                0x10031918                mutex_init
 .text.recursive_mutex_init
                0x10031932       0x1a CMakeFiles/temp.dir/C_/Development/sdk/pico/pico-sdk/src/common/pico_sync/mutex.c.obj
                0x10031932                recursive_mutex_init
 .text.time_reached
                0x1003194c       0x28 CMakeFiles/temp.dir/C_/Development/sdk/pico/pico-sdk/src/common/pico_time/time.c.obj
 .text.timer_pool_entry_comparator
                0x10031974       0x30 CMakeFiles/temp.dir/C_/Development/sdk/pico/pico-sdk/src/common/pico_time/time.c.obj
                0x10031974                timer_pool_entry_comparator
 .text.alarm_pool_post_alloc_init
                0x100319a4       0x40 CMakeFiles/temp.dir/C_/Development/sdk/pico/pico-sdk/src/common/pico_time/time.c.obj
 .text.sleep_until_callback
                0x100319e4       0x30 CMakeFiles/temp.dir/C_/Development/sdk/pico/pico-sdk/src/common/pico_time/time.c.obj
 .text.ph_add_child_node.isra.0
                0x10031a14       0x20 CMakeFiles/temp.dir/C_/Development/sdk/pico/pico-sdk/src/common/pico_time/time.c.obj
 .text.add_alarm_under_lock
                0x10031a34       0xcc CMakeFiles/temp.dir/C_/Development/sdk/pico/pico-sdk/src/common/pico_time/time.c.obj
 .text.alarm_pool_alarm_callback
                0x10031b00      0x18c CMakeFiles/temp.dir/C_/Development/sdk/pico/pico-sdk/src/common/pico_time/time.c.obj
 .text.alarm_pool_init_default
                0x10031c8c       0x3c CMakeFiles/temp.dir/C_/Development/sdk/pico/pico-sdk/src/common/pico_time/time.c.obj
                0x10031c8c                alarm_pool_init_default
 .text.alarm_pool_add_alarm_at
                0x10031cc8       0xd4 CMakeFiles/temp.dir/C_/Development/sdk/pico/pico-sdk/src/common/pico_time/time.c.obj
                0x10031cc8                alarm_pool_add_alarm_at
 .text.alarm_pool_cancel_alarm
                0x10031d9c       0x6a CMakeFiles/temp.dir/C_/Development/sdk/pico/pico-sdk/src/common/pico_time/time.c.obj
                0x10031d9c                alarm_pool_cancel_alarm
 *fill*         0x10031e06        0x2 
 .text.sleep_until
                0x10031e08       0x98 CMakeFiles/temp.dir/C_/Development/sdk/pico/pico-sdk/src/common/pico_time/time.c.obj
                0x10031e08                sleep_until
 .text.sleep_us
                0x10031ea0       0x28 CMakeFiles/temp.dir/C_/Development/sdk/pico/pico-sdk/src/common/pico_time/time.c.obj
                0x10031ea0                sleep_us
 .text.sleep_ms
                0x10031ec8       0x14 CMakeFiles/temp.dir/C_/Development/sdk/pico/pico-sdk/src/common/pico_time/time.c.obj
                0x10031ec8                sleep_ms
 .text.best_effort_wfe_or_timeout
                0x10031edc       0x44 CMakeFiles/temp.dir/C_/Development/sdk/pico/pico-sdk/src/common/pico_time/time.c.obj
                0x10031edc                best_effort_wfe_or_timeout
 .text.hardware_alarm_irq_handler
                0x10031f20       0xac CMakeFiles/temp.dir/C_/Development/sdk/pico/pico-sdk/src/rp2_common/hardware_timer/timer.c.obj
 .text.hardware_alarm_claim
                0x10031fcc       0x18 CMakeFiles/temp.dir/C_/Development/sdk/pico/pico-sdk/src/rp2_common/hardware_timer/timer.c.obj
                0x10031fcc                hardware_alarm_claim
 .text.time_us_64
                0x10031fe4       0x14 CMakeFiles/temp.dir/C_/Development/sdk/pico/pico-sdk/src/rp2_common/hardware_timer/timer.c.obj
                0x10031fe4                time_us_64
 .text.busy_wait_until
                0x10031ff8       0x1c CMakeFiles/temp.dir/C_/Development/sdk/pico/pico-sdk/src/rp2_common/hardware_timer/timer.c.obj
                0x10031ff8                busy_wait_until
 .text.hardware_alarm_set_callback
                0x10032014       0x9c CMakeFiles/temp.dir/C_/Development/sdk/pico/pico-sdk/src/rp2_common/hardware_timer/timer.c.obj
                0x10032014                hardware_alarm_set_callback
 .text.hardware_alarm_set_target
                0x100320b0       0xc0 CMakeFiles/temp.dir/C_/Development/sdk/pico/pico-sdk/src/rp2_common/hardware_timer/timer.c.obj
                0x100320b0                hardware_alarm_set_target
 .text.hardware_alarm_cancel
                0x10032170       0x40 CMakeFiles/temp.dir/C_/Development/sdk/pico/pico-sdk/src/rp2_common/hardware_timer/timer.c.obj
                0x10032170                hardware_alarm_cancel
 .text.ph_add_child_node.isra.0
                0x100321b0       0x20 CMakeFiles/temp.dir/C_/Development/sdk/pico/pico-sdk/src/common/pico_util/pheap.c.obj
 .text.ph_merge_nodes
                0x100321d0       0x36 CMakeFiles/temp.dir/C_/Development/sdk/pico/pico-sdk/src/common/pico_util/pheap.c.obj
 .text.ph_clear
                0x10032206       0x34 CMakeFiles/temp.dir/C_/Development/sdk/pico/pico-sdk/src/common/pico_util/pheap.c.obj
                0x10032206                ph_clear
 .text.ph_post_alloc_init
                0x1003223a        0xe CMakeFiles/temp.dir/C_/Development/sdk/pico/pico-sdk/src/common/pico_util/pheap.c.obj
                0x1003223a                ph_post_alloc_init
 .text.ph_merge_two_pass
                0x10032248       0x48 CMakeFiles/temp.dir/C_/Development/sdk/pico/pico-sdk/src/common/pico_util/pheap.c.obj
                0x10032248                ph_merge_two_pass
 .text.ph_remove_any_head
                0x10032290       0x52 CMakeFiles/temp.dir/C_/Development/sdk/pico/pico-sdk/src/common/pico_util/pheap.c.obj
 .text.ph_remove_head
                0x100322e2       0x14 CMakeFiles/temp.dir/C_/Development/sdk/pico/pico-sdk/src/common/pico_util/pheap.c.obj
                0x100322e2                ph_remove_head
 .text.ph_remove_and_free_node
                0x100322f6       0x6e CMakeFiles/temp.dir/C_/Development/sdk/pico/pico-sdk/src/common/pico_util/pheap.c.obj
                0x100322f6                ph_remove_and_free_node
 .text.clock_configure
                0x10032364       0xec CMakeFiles/temp.dir/C_/Development/sdk/pico/pico-sdk/src/rp2_common/hardware_clocks/clocks.c.obj
                0x10032364                clock_configure
 .text.clocks_init
                0x10032450       0xf4 CMakeFiles/temp.dir/C_/Development/sdk/pico/pico-sdk/src/rp2_common/hardware_clocks/clocks.c.obj
                0x10032450                clocks_init
 .text.clock_get_hz
                0x10032544        0xc CMakeFiles/temp.dir/C_/Development/sdk/pico/pico-sdk/src/rp2_common/hardware_clocks/clocks.c.obj
                0x10032544                clock_get_hz
 .text.pll_init
                0x10032550       0x9c CMakeFiles/temp.dir/C_/Development/sdk/pico/pico-sdk/src/rp2_common/hardware_pll/pll.c.obj
                0x10032550                pll_init
 .text.watchdog_start_tick
                0x100325ec       0x10 CMakeFiles/temp.dir/C_/Development/sdk/pico/pico-sdk/src/rp2_common/hardware_watchdog/watchdog.c.obj
                0x100325ec                watchdog_start_tick
 .text.watchdog_update
                0x100325fc       0x14 CMakeFiles/temp.dir/C_/Development/sdk/pico/pico-sdk/src/rp2_common/hardware_watchdog/watchdog.c.obj
                0x100325fc                watchdog_update
 .text._watchdog_enable
                0x10032610       0x64 CMakeFiles/temp.dir/C_/Development/sdk/pico/pico-sdk/src/rp2_common/hardware_watchdog/watchdog.c.obj
                0x10032610                _watchdog_enable
 .text.watchdog_enable
                0x10032674       0x18 CMakeFiles/temp.dir/C_/Development/sdk/pico/pico-sdk/src/rp2_common/hardware_watchdog/watchdog.c.obj
                0x10032674                watchdog_enable
 .text.xosc_init
                0x1003268c       0x28 CMakeFiles/temp.dir/C_/Development/sdk/pico/pico-sdk/src/rp2_common/hardware_xosc/xosc.c.obj
                0x1003268c                xosc_init
 .text.runtime_init
                0x100326b4       0xcc CMakeFiles/temp.dir/C_/Development/sdk/pico/pico-sdk/src/rp2_common/pico_runtime/runtime.c.obj
                0x100326b4                runtime_init
 .text._exit    0x10032780        0x4 CMakeFiles/temp.dir/C_/Development/sdk/pico/pico-sdk/src/rp2_common/pico_runtime/runtime.c.obj
                0x10032780                _exit
 .text._sbrk    0x10032784       0x30 CMakeFiles/temp.dir/C_/Development/sdk/pico/pico-sdk/src/rp2_common/pico_runtime/runtime.c.obj
                0x10032784                _sbrk
 .text.exit     0x100327b4        0x6 CMakeFiles/temp.dir/C_/Development/sdk/pico/pico-sdk/src/rp2_common/pico_runtime/runtime.c.obj
                0x100327b4                exit
 *fill*         0x100327ba        0x2 
 .text.panic    0x100327bc       0x30 CMakeFiles/temp.dir/C_/Development/sdk/pico/pico-sdk/src/rp2_common/pico_runtime/runtime.c.obj
                0x100327bc                panic
 .text.hard_assertion_failure
                0x100327ec        0xc CMakeFiles/temp.dir/C_/Development/sdk/pico/pico-sdk/src/rp2_common/pico_runtime/runtime.c.obj
                0x100327ec                hard_assertion_failure
 .text._out_buffer
                0x100327f8        0x8 CMakeFiles/temp.dir/C_/Development/sdk/pico/pico-sdk/src/rp2_common/pico_printf/printf.c.obj
 .text._out_null
                0x10032800        0x2 CMakeFiles/temp.dir/C_/Development/sdk/pico/pico-sdk/src/rp2_common/pico_printf/printf.c.obj
 .text._out_rev
                0x10032802       0x7a CMakeFiles/temp.dir/C_/Development/sdk/pico/pico-sdk/src/rp2_common/pico_printf/printf.c.obj
 .text._ntoa_format
                0x1003287c      0x12c CMakeFiles/temp.dir/C_/Development/sdk/pico/pico-sdk/src/rp2_common/pico_printf/printf.c.obj
 .text._ntoa_long
                0x100329a8       0x92 CMakeFiles/temp.dir/C_/Development/sdk/pico/pico-sdk/src/rp2_common/pico_printf/printf.c.obj
 .text._ntoa_long_long
                0x10032a3a       0xb6 CMakeFiles/temp.dir/C_/Development/sdk/pico/pico-sdk/src/rp2_common/pico_printf/printf.c.obj
 .text._etoa    0x10032af0      0x3e4 CMakeFiles/temp.dir/C_/Development/sdk/pico/pico-sdk/src/rp2_common/pico_printf/printf.c.obj
 .text._ftoa    0x10032ed4      0x31c CMakeFiles/temp.dir/C_/Development/sdk/pico/pico-sdk/src/rp2_common/pico_printf/printf.c.obj
 .text._out_char
                0x100331f0        0xc CMakeFiles/temp.dir/C_/Development/sdk/pico/pico-sdk/src/rp2_common/pico_printf/printf.c.obj
 .text._vsnprintf
                0x100331fc      0x590 CMakeFiles/temp.dir/C_/Development/sdk/pico/pico-sdk/src/rp2_common/pico_printf/printf.c.obj
 .text.__wrap_snprintf
                0x1003378c       0x28 CMakeFiles/temp.dir/C_/Development/sdk/pico/pico-sdk/src/rp2_common/pico_printf/printf.c.obj
                0x1003378c                __wrap_snprintf
 .text.weak_raw_vprintf
                0x100337b4       0x34 CMakeFiles/temp.dir/C_/Development/sdk/pico/pico-sdk/src/rp2_common/pico_printf/printf.c.obj
                0x100337b4                weak_raw_vprintf
 .text          0x100337e8       0x10 CMakeFiles/temp.dir/C_/Development/sdk/pico/pico-sdk/src/rp2_common/pico_bit_ops/bit_ops_aeabi.S.obj
 .text.rom_func_lookup
                0x100337f8       0x10 CMakeFiles/temp.dir/C_/Development/sdk/pico/pico-sdk/src/rp2_common/pico_bootrom/bootrom.c.obj
                0x100337f8                rom_func_lookup
 .text.rom_data_lookup
                0x10033808       0x10 CMakeFiles/temp.dir/C_/Development/sdk/pico/pico-sdk/src/rp2_common/pico_bootrom/bootrom.c.obj
                0x10033808                rom_data_lookup
 .text.rom_funcs_lookup
                0x10033818       0x26 CMakeFiles/temp.dir/C_/Development/sdk/pico/pico-sdk/src/rp2_common/pico_bootrom/bootrom.c.obj
                0x10033818                rom_funcs_lookup
 *fill*         0x1003383e        0x2 
 .text.__wrap___aeabi_idiv
                0x10033840       0x50 CMakeFiles/temp.dir/C_/Development/sdk/pico/pico-sdk/src/rp2_common/pico_divider/divider.S.obj
                0x10033840                __wrap___aeabi_idivmod
                0x10033840                divmod_s32s32
                0x10033840                div_s32s32
                0x10033840                __wrap___aeabi_idiv
                0x10033848                divmod_s32s32_unsafe
                0x10033874                divmod_s32s32_savestate
 .text.__wrap___aeabi_uidiv
                0x10033890       0x4c CMakeFiles/temp.dir/C_/Development/sdk/pico/pico-sdk/src/rp2_common/pico_divider/divider.S.obj
                0x10033890                __wrap___aeabi_uidiv
                0x10033890                __wrap___aeabi_uidivmod
                0x10033890                div_u32u32
                0x10033890                divmod_u32u32
                0x10033898                divmod_u32u32_unsafe
                0x100338c0                divmod_u32u32_savestate
 .text.__wrap___aeabi_ldiv
                0x100338dc      0x424 CMakeFiles/temp.dir/C_/Development/sdk/pico/pico-sdk/src/rp2_common/pico_divider/divider.S.obj
                0x100338dc                div_s64s64
                0x100338dc                divmod_s64s64
                0x100338dc                __wrap___aeabi_ldivmod
                0x1003390c                divmod_u64u64
                0x1003390c                div_u64u64
                0x1003390c                __wrap___aeabi_uldivmod
                0x1003391c                divmod_u64u64_savestate
                0x1003393c                divmod_s64s64_unsafe
                0x100339c4                divmod_u64u64_unsafe
 .text.__wrap___aeabi_darithmetic
                0x10033d00       0x80 CMakeFiles/temp.dir/C_/Development/sdk/pico/pico-sdk/src/rp2_common/pico_double/double_aeabi.S.obj
                0x10033d00                __wrap___aeabi_drsub
                0x10033d06                __wrap___aeabi_dsub
                0x10033d18                __wrap___aeabi_dadd
                0x10033d2a                __wrap___aeabi_ddiv
                0x10033d66                __wrap___aeabi_dmul
 .text.__wrap___aeabi_cdcmple
                0x10033d80       0x6c CMakeFiles/temp.dir/C_/Development/sdk/pico/pico-sdk/src/rp2_common/pico_double/double_aeabi.S.obj
                0x10033d80                __wrap___aeabi_cdrcmple
                0x10033d90                __wrap___aeabi_cdcmpeq
                0x10033d90                __wrap___aeabi_cdcmple
 .text.__wrap___aeabi_dcmplt
                0x10033dec        0xc CMakeFiles/temp.dir/C_/Development/sdk/pico/pico-sdk/src/rp2_common/pico_double/double_aeabi.S.obj
                0x10033dec                __wrap___aeabi_dcmplt
 .text.__wrap___aeabi_dcmple
                0x10033df8       0x10 CMakeFiles/temp.dir/C_/Development/sdk/pico/pico-sdk/src/rp2_common/pico_double/double_aeabi.S.obj
                0x10033df8                __wrap___aeabi_dcmple
 .text.__wrap___aeabi_dcmpge
                0x10033e08       0x10 CMakeFiles/temp.dir/C_/Development/sdk/pico/pico-sdk/src/rp2_common/pico_double/double_aeabi.S.obj
                0x10033e08                __wrap___aeabi_dcmpge
 .text.__wrap___aeabi_dcmpgt
                0x10033e18        0xa CMakeFiles/temp.dir/C_/Development/sdk/pico/pico-sdk/src/rp2_common/pico_double/double_aeabi.S.obj
                0x10033e18                __wrap___aeabi_dcmpgt
 .text.__wrap___aeabi_dcmpun
                0x10033e22       0x1c CMakeFiles/temp.dir/C_/Development/sdk/pico/pico-sdk/src/rp2_common/pico_double/double_aeabi.S.obj
                0x10033e22                __wrap___aeabi_dcmpun
 *fill*         0x10033e3e        0x2 
 .text.__wrap___aeabi_i2d
                0x10033e40       0x38 CMakeFiles/temp.dir/C_/Development/sdk/pico/pico-sdk/src/rp2_common/pico_double/double_aeabi.S.obj
                0x10033e40                __wrap___aeabi_ui2d
                0x10033e48                __wrap___aeabi_i2d
 .text.__wrap___aeabi_d2iz
                0x10033e78       0x48 CMakeFiles/temp.dir/C_/Development/sdk/pico/pico-sdk/src/rp2_common/pico_double/double_aeabi.S.obj
                0x10033e78                double2int_z
                0x10033e78                __wrap___aeabi_d2iz
 .text.__wrap___aeabi_d2uiz
                0x10033ec0       0x18 CMakeFiles/temp.dir/C_/Development/sdk/pico/pico-sdk/src/rp2_common/pico_double/double_aeabi.S.obj
                0x10033ec0                __wrap___aeabi_d2uiz
                0x10033ec0                double2uint
 .text.__wrap___aeabi_d2f
                0x10033ed8       0x18 CMakeFiles/temp.dir/C_/Development/sdk/pico/pico-sdk/src/rp2_common/pico_double/double_aeabi.S.obj
                0x10033ed8                __wrap___aeabi_d2f
 .text.__wrap_exp
                0x10033ef0       0x18 CMakeFiles/temp.dir/C_/Development/sdk/pico/pico-sdk/src/rp2_common/pico_double/double_aeabi.S.obj
                0x10033ef0                __wrap_exp
 .text.__aeabi_double_init
                0x10033f08       0x58 CMakeFiles/temp.dir/C_/Development/sdk/pico/pico-sdk/src/rp2_common/pico_double/double_init_rom.c.obj
                0x10033f08                __aeabi_double_init
 .text.double_table_shim_on_use_helper
                0x10033f60       0x2c CMakeFiles/temp.dir/C_/Development/sdk/pico/pico-sdk/src/rp2_common/pico_double/double_v1_rom_shim.S.obj
                0x10033f60                double_table_shim_on_use_helper
 .text.__wrap___aeabi_dsub
                0x10033f8c       0x10 CMakeFiles/temp.dir/C_/Development/sdk/pico/pico-sdk/src/rp2_common/pico_double/double_v1_rom_shim.S.obj
                0x10033f8c                drsub_shim
                0x10033f92                dsub_shim
 .text.dadd_shim
                0x10033f9c      0x15c CMakeFiles/temp.dir/C_/Development/sdk/pico/pico-sdk/src/rp2_common/pico_double/double_v1_rom_shim.S.obj
                0x10033f9c                dadd_shim
 .text.dmul_shim
                0x100340f8      0x15c CMakeFiles/temp.dir/C_/Development/sdk/pico/pico-sdk/src/rp2_common/pico_double/double_v1_rom_shim.S.obj
                0x100340f8                dmul_shim
 .text.ddiv_shim
                0x10034254      0x1b0 CMakeFiles/temp.dir/C_/Development/sdk/pico/pico-sdk/src/rp2_common/pico_double/double_v1_rom_shim.S.obj
                0x10034254                ddiv_shim
 .text.double2uint_shim
                0x10034404        0xe CMakeFiles/temp.dir/C_/Development/sdk/pico/pico-sdk/src/rp2_common/pico_double/double_v1_rom_shim.S.obj
                0x10034404                double2uint_shim
                0x10034406                double2ufix_shim
 *fill*         0x10034412        0x2 
 .text.double2uint64_shim
                0x10034414       0x70 CMakeFiles/temp.dir/C_/Development/sdk/pico/pico-sdk/src/rp2_common/pico_double/double_v1_rom_shim.S.obj
                0x10034414                double2uint64_shim
                0x10034416                double2ufix64_shim
                0x10034436                d2fix_a
 .text.double2float_shim
                0x10034484       0x5c CMakeFiles/temp.dir/C_/Development/sdk/pico/pico-sdk/src/rp2_common/pico_double/double_v1_rom_shim.S.obj
                0x10034484                double2float_shim
 .text.x2double_shims
                0x100344e0       0x90 CMakeFiles/temp.dir/C_/Development/sdk/pico/pico-sdk/src/rp2_common/pico_double/double_v1_rom_shim.S.obj
                0x100344e0                uint2double_shim
                0x100344e2                ufix2double_shim
                0x100344e8                int2double_shim
                0x100344ea                fix2double_shim
                0x100344f0                uint642double_shim
                0x100344f2                ufix642double_shim
                0x100344f8                int642double_shim
                0x100344fa                fix642double_shim
 .text.dunpacks
                0x10034570       0x3c CMakeFiles/temp.dir/C_/Development/sdk/pico/pico-sdk/src/rp2_common/pico_double/double_v1_rom_shim.S.obj
                0x10034570                dunpacks
 .text.dreduce  0x100345ac       0x82 CMakeFiles/temp.dir/C_/Development/sdk/pico/pico-sdk/src/rp2_common/pico_double/double_v1_rom_shim.S.obj
                0x100345ac                dreduce
 *fill*         0x1003462e        0x2 
 .text.dexp_guts
                0x10034630      0x268 CMakeFiles/temp.dir/C_/Development/sdk/pico/pico-sdk/src/rp2_common/pico_double/double_v1_rom_shim.S.obj
                0x10034630                dexp_shim
                0x100346cc                dln_shim
 .text.__aeabi_lmul
                0x10034898       0x32 CMakeFiles/temp.dir/C_/Development/sdk/pico/pico-sdk/src/rp2_common/pico_int64_ops/pico_int64_ops_aeabi.S.obj
                0x10034898                __wrap___aeabi_lmul
 *fill*         0x100348ca        0x2 
 .text.__wrap___aeabi_farithmetic
                0x100348cc       0x48 CMakeFiles/temp.dir/C_/Development/sdk/pico/pico-sdk/src/rp2_common/pico_float/float_aeabi.S.obj
                0x100348cc                __wrap___aeabi_frsub
                0x100348d2                __wrap___aeabi_fsub
                0x100348d8                __wrap___aeabi_fadd
                0x100348de                __wrap___aeabi_fdiv
                0x10034906                __wrap___aeabi_fmul
 .text.__wrap___aeabi_ui2f
                0x10034914        0xa CMakeFiles/temp.dir/C_/Development/sdk/pico/pico-sdk/src/rp2_common/pico_float/float_aeabi.S.obj
                0x10034914                __wrap___aeabi_ui2f
 *fill*         0x1003491e        0x2 
 .text.__wrap___aeabi_i2f
                0x10034920       0x44 CMakeFiles/temp.dir/C_/Development/sdk/pico/pico-sdk/src/rp2_common/pico_float/float_aeabi.S.obj
                0x10034920                __wrap___aeabi_i2f
 .text.__wrap___aeabi_f2d
                0x10034964       0x14 CMakeFiles/temp.dir/C_/Development/sdk/pico/pico-sdk/src/rp2_common/pico_float/float_aeabi.S.obj
                0x10034964                __wrap___aeabi_f2d
 .text.__aeabi_float_init
                0x10034978       0x5c CMakeFiles/temp.dir/C_/Development/sdk/pico/pico-sdk/src/rp2_common/pico_float/float_init_rom.c.obj
                0x10034978                __aeabi_float_init
 .text.__wrap_floorf
                0x100349d4       0x3c CMakeFiles/temp.dir/C_/Development/sdk/pico/pico-sdk/src/rp2_common/pico_float/float_math.c.obj
                0x100349d4                __wrap_floorf
 .text.float_table_shim_on_use_helper
                0x10034a10       0x2c CMakeFiles/temp.dir/C_/Development/sdk/pico/pico-sdk/src/rp2_common/pico_float/float_v1_rom_shim.S.obj
                0x10034a10                float_table_shim_on_use_helper
 .text.float2double_shim
                0x10034a3c       0x30 CMakeFiles/temp.dir/C_/Development/sdk/pico/pico-sdk/src/rp2_common/pico_float/float_v1_rom_shim.S.obj
                0x10034a3c                float2double_shim
 .text.check_alloc
                0x10034a6c       0x20 CMakeFiles/temp.dir/C_/Development/sdk/pico/pico-sdk/src/rp2_common/pico_malloc/pico_malloc.c.obj
 .text.__wrap_malloc
                0x10034a8c       0x2c CMakeFiles/temp.dir/C_/Development/sdk/pico/pico-sdk/src/rp2_common/pico_malloc/pico_malloc.c.obj
                0x10034a8c                __wrap_malloc
 .text          0x10034ab8       0x10 CMakeFiles/temp.dir/C_/Development/sdk/pico/pico-sdk/src/rp2_common/pico_mem_ops/mem_ops_aeabi.S.obj
                0x10034ab8                __aeabi_mem_init
 .text.memset   0x10034ac8        0xc CMakeFiles/temp.dir/C_/Development/sdk/pico/pico-sdk/src/rp2_common/pico_mem_ops/mem_ops_aeabi.S.obj
                0x10034ac8                __wrap_memset
 .text.memcpy   0x10034ad4        0xc CMakeFiles/temp.dir/C_/Development/sdk/pico/pico-sdk/src/rp2_common/pico_mem_ops/mem_ops_aeabi.S.obj
                0x10034ad4                __wrap_memcpy
                0x10034ad4                __wrap___aeabi_memcpy
 .text.stdio_out_chars_no_crlf
                0x10034ae0        0xe CMakeFiles/temp.dir/C_/Development/sdk/pico/pico-sdk/src/rp2_common/pico_stdio/stdio.c.obj
 *fill*         0x10034aee        0x2 
 .text.stdio_out_chars_crlf
                0x10034af0       0x80 CMakeFiles/temp.dir/C_/Development/sdk/pico/pico-sdk/src/rp2_common/pico_stdio/stdio.c.obj
 .text.stdout_serialize_begin
                0x10034b70       0x30 CMakeFiles/temp.dir/C_/Development/sdk/pico/pico-sdk/src/rp2_common/pico_stdio/stdio.c.obj
                0x10034b70                stdout_serialize_begin
 .text.stdout_serialize_end
                0x10034ba0       0x10 CMakeFiles/temp.dir/C_/Development/sdk/pico/pico-sdk/src/rp2_common/pico_stdio/stdio.c.obj
                0x10034ba0                stdout_serialize_end
 .text.stdio_put_string.isra.0
                0x10034bb0       0x80 CMakeFiles/temp.dir/C_/Development/sdk/pico/pico-sdk/src/rp2_common/pico_stdio/stdio.c.obj
 .text.__wrap_putchar
                0x10034c30       0x18 CMakeFiles/temp.dir/C_/Development/sdk/pico/pico-sdk/src/rp2_common/pico_stdio/stdio.c.obj
                0x10034c30                __wrap_putchar
 .text.stdio_flush
                0x10034c48       0x1c CMakeFiles/temp.dir/C_/Development/sdk/pico/pico-sdk/src/rp2_common/pico_stdio/stdio.c.obj
                0x10034c48                stdio_flush
 .text.__wrap_puts
                0x10034c64       0x1e CMakeFiles/temp.dir/C_/Development/sdk/pico/pico-sdk/src/rp2_common/pico_stdio/stdio.c.obj
                0x10034c64                __wrap_puts
 *fill*         0x10034c82        0x2 
 .text.splitmix64
                0x10034c84       0x58 CMakeFiles/temp.dir/C_/Development/sdk/pico/pico-sdk/src/rp2_common/pico_rand/rand.c.obj
 .text.xoroshiro128ss
                0x10034cdc       0x84 CMakeFiles/temp.dir/C_/Development/sdk/pico/pico-sdk/src/rp2_common/pico_rand/rand.c.obj
 .text.capture_additional_rosc_samples
                0x10034d60      0x120 CMakeFiles/temp.dir/C_/Development/sdk/pico/pico-sdk/src/rp2_common/pico_rand/rand.c.obj
 .text.get_rand_64
                0x10034e80      0x1ec CMakeFiles/temp.dir/C_/Development/sdk/pico/pico-sdk/src/rp2_common/pico_rand/rand.c.obj
                0x10034e80                get_rand_64
 .text.get_rand_32
                0x1003506c        0x8 CMakeFiles/temp.dir/C_/Development/sdk/pico/pico-sdk/src/rp2_common/pico_rand/rand.c.obj
                0x1003506c                get_rand_32
 .text.startup._retrieve_unique_id_on_boot
                0x10035074       0x10 CMakeFiles/temp.dir/C_/Development/sdk/pico/pico-sdk/src/rp2_common/pico_unique_id/unique_id.c.obj
 .text.pico_get_unique_board_id
                0x10035084       0x10 CMakeFiles/temp.dir/C_/Development/sdk/pico/pico-sdk/src/rp2_common/pico_unique_id/unique_id.c.obj
                0x10035084                pico_get_unique_board_id
 .text.flash_get_unique_id
                0x10035094       0x42 CMakeFiles/temp.dir/C_/Development/sdk/pico/pico-sdk/src/rp2_common/hardware_flash/flash.c.obj
                0x10035094                flash_get_unique_id
 .text.spi_set_baudrate
                0x100350d6       0xb6 CMakeFiles/temp.dir/C_/Development/sdk/pico/pico-sdk/src/rp2_common/hardware_spi/spi.c.obj
                0x100350d6                spi_set_baudrate
 .text.spi_init
                0x1003518c       0x78 CMakeFiles/temp.dir/C_/Development/sdk/pico/pico-sdk/src/rp2_common/hardware_spi/spi.c.obj
                0x1003518c                spi_init
 .text.dma_channel_unclaim
                0x10035204       0x14 CMakeFiles/temp.dir/C_/Development/sdk/pico/pico-sdk/src/rp2_common/hardware_dma/dma.c.obj
                0x10035204                dma_channel_unclaim
 .text.dma_claim_unused_channel
                0x10035218       0x20 CMakeFiles/temp.dir/C_/Development/sdk/pico/pico-sdk/src/rp2_common/hardware_dma/dma.c.obj
                0x10035218                dma_claim_unused_channel
 .text.Crc32ADMA
                0x10035238       0xb8 CMakeFiles/temp.dir/C_/Development/sdk/netczech/picopad-playground/picopad-sdk/picopad-base/src/common/libs/lib_crc.c.obj
                0x10035238                Crc32ADMA
 .text.DrawRect
                0x100352f0       0x84 CMakeFiles/temp.dir/C_/Development/sdk/netczech/picopad-playground/picopad-sdk/picopad-base/src/common/libs/lib_drawtft.c.obj
                0x100352f0                DrawRect
 .text.DrawClear
                0x10035374       0x20 CMakeFiles/temp.dir/C_/Development/sdk/netczech/picopad-playground/picopad-sdk/picopad-base/src/common/libs/lib_drawtft.c.obj
                0x10035374                DrawClear
 .text.DrawPoint
                0x10035394       0x30 CMakeFiles/temp.dir/C_/Development/sdk/netczech/picopad-playground/picopad-sdk/picopad-base/src/common/libs/lib_drawtft.c.obj
                0x10035394                DrawPoint
 .text.DrawText
                0x100353c4       0x88 CMakeFiles/temp.dir/C_/Development/sdk/netczech/picopad-playground/picopad-sdk/picopad-base/src/common/libs/lib_drawtft.c.obj
                0x100353c4                DrawText
 .text.DrawText2
                0x1003544c       0xbc CMakeFiles/temp.dir/C_/Development/sdk/netczech/picopad-playground/picopad-sdk/picopad-base/src/common/libs/lib_drawtft.c.obj
                0x1003544c                DrawText2
 .text.DrawImgRle
                0x10035508       0xa4 CMakeFiles/temp.dir/C_/Development/sdk/netczech/picopad-playground/picopad-sdk/picopad-base/src/common/libs/lib_drawtft.c.obj
                0x10035508                DrawImgRle
 .text.Disk_ClustValid
                0x100355ac       0x18 CMakeFiles/temp.dir/C_/Development/sdk/netczech/picopad-playground/picopad-sdk/picopad-base/src/common/libs/lib_fat.c.obj
                0x100355ac                Disk_ClustValid
 .text.Disk_CompFATName
                0x100355c4       0x28 CMakeFiles/temp.dir/C_/Development/sdk/netczech/picopad-playground/picopad-sdk/picopad-base/src/common/libs/lib_fat.c.obj
                0x100355c4                Disk_CompFATName
 .text.Disk_FlushBuf
                0x100355ec       0x68 CMakeFiles/temp.dir/C_/Development/sdk/netczech/picopad-playground/picopad-sdk/picopad-base/src/common/libs/lib_fat.c.obj
                0x100355ec                Disk_FlushBuf
 .text.Disk_SyncFS
                0x10035654       0x90 CMakeFiles/temp.dir/C_/Development/sdk/netczech/picopad-playground/picopad-sdk/picopad-base/src/common/libs/lib_fat.c.obj
                0x10035654                Disk_SyncFS
 .text.Disk_MoveBuf
                0x100356e4       0x3c CMakeFiles/temp.dir/C_/Development/sdk/netczech/picopad-playground/picopad-sdk/picopad-base/src/common/libs/lib_fat.c.obj
                0x100356e4                Disk_MoveBuf
 .text.Disk_ClustSect
                0x10035720       0x24 CMakeFiles/temp.dir/C_/Development/sdk/netczech/picopad-playground/picopad-sdk/picopad-base/src/common/libs/lib_fat.c.obj
                0x10035720                Disk_ClustSect
 .text.Disk_ReadFat
                0x10035744       0xb8 CMakeFiles/temp.dir/C_/Development/sdk/netczech/picopad-playground/picopad-sdk/picopad-base/src/common/libs/lib_fat.c.obj
                0x10035744                Disk_ReadFat
 .text.Disk_WriteFat
                0x100357fc       0xfc CMakeFiles/temp.dir/C_/Development/sdk/netczech/picopad-playground/picopad-sdk/picopad-base/src/common/libs/lib_fat.c.obj
                0x100357fc                Disk_WriteFat
 .text.Disk_CreateFat
                0x100358f8      0x124 CMakeFiles/temp.dir/C_/Development/sdk/netczech/picopad-playground/picopad-sdk/picopad-base/src/common/libs/lib_fat.c.obj
                0x100358f8                Disk_CreateFat
 .text.Disk_DirClear
                0x10035a1c       0x58 CMakeFiles/temp.dir/C_/Development/sdk/netczech/picopad-playground/picopad-sdk/picopad-base/src/common/libs/lib_fat.c.obj
                0x10035a1c                Disk_DirClear
 .text.Disk_DirInx
                0x10035a74       0x90 CMakeFiles/temp.dir/C_/Development/sdk/netczech/picopad-playground/picopad-sdk/picopad-base/src/common/libs/lib_fat.c.obj
                0x10035a74                Disk_DirInx
 .text.Disk_DirNext
                0x10035b04       0x94 CMakeFiles/temp.dir/C_/Development/sdk/netczech/picopad-playground/picopad-sdk/picopad-base/src/common/libs/lib_fat.c.obj
                0x10035b04                Disk_DirNext
 .text.Disk_LoadStartClust
                0x10035b98       0x24 CMakeFiles/temp.dir/C_/Development/sdk/netczech/picopad-playground/picopad-sdk/picopad-base/src/common/libs/lib_fat.c.obj
                0x10035b98                Disk_LoadStartClust
 .text.Disk_SaveStartClust
                0x10035bbc       0x20 CMakeFiles/temp.dir/C_/Development/sdk/netczech/picopad-playground/picopad-sdk/picopad-base/src/common/libs/lib_fat.c.obj
                0x10035bbc                Disk_SaveStartClust
 .text.Disk_DirFind
                0x10035bdc       0x5a CMakeFiles/temp.dir/C_/Development/sdk/netczech/picopad-playground/picopad-sdk/picopad-base/src/common/libs/lib_fat.c.obj
                0x10035bdc                Disk_DirFind
 *fill*         0x10035c36        0x2 
 .text.Disk_CheckChar
                0x10035c38       0x4c CMakeFiles/temp.dir/C_/Development/sdk/netczech/picopad-playground/picopad-sdk/picopad-base/src/common/libs/lib_fat.c.obj
                0x10035c38                Disk_CheckChar
 .text.Disk_ExtractName
                0x10035c84       0xa2 CMakeFiles/temp.dir/C_/Development/sdk/netczech/picopad-playground/picopad-sdk/picopad-base/src/common/libs/lib_fat.c.obj
                0x10035c84                Disk_ExtractName
 *fill*         0x10035d26        0x2 
 .text.Disk_FollowPath
                0x10035d28       0xc0 CMakeFiles/temp.dir/C_/Development/sdk/netczech/picopad-playground/picopad-sdk/picopad-base/src/common/libs/lib_fat.c.obj
                0x10035d28                Disk_FollowPath
 .text.Disk_CheckFS
                0x10035de8       0xd4 CMakeFiles/temp.dir/C_/Development/sdk/netczech/picopad-playground/picopad-sdk/picopad-base/src/common/libs/lib_fat.c.obj
                0x10035de8                Disk_CheckFS
 .text.DiskUnmount
                0x10035ebc       0xb4 CMakeFiles/temp.dir/C_/Development/sdk/netczech/picopad-playground/picopad-sdk/picopad-base/src/common/libs/lib_fat.c.obj
                0x10035ebc                DiskUnmount
 .text.DiskMount
                0x10035f70      0x220 CMakeFiles/temp.dir/C_/Development/sdk/netczech/picopad-playground/picopad-sdk/picopad-base/src/common/libs/lib_fat.c.obj
                0x10035f70                DiskMount
 .text.FileOpen
                0x10036190       0x64 CMakeFiles/temp.dir/C_/Development/sdk/netczech/picopad-playground/picopad-sdk/picopad-base/src/common/libs/lib_fat.c.obj
                0x10036190                FileOpen
 .text.FileRead
                0x100361f4       0xe8 CMakeFiles/temp.dir/C_/Development/sdk/netczech/picopad-playground/picopad-sdk/picopad-base/src/common/libs/lib_fat.c.obj
                0x100361f4                FileRead
 .text.FileWrite
                0x100362dc      0x110 CMakeFiles/temp.dir/C_/Development/sdk/netczech/picopad-playground/picopad-sdk/picopad-base/src/common/libs/lib_fat.c.obj
                0x100362dc                FileWrite
 .text.FileFlush
                0x100363ec       0x84 CMakeFiles/temp.dir/C_/Development/sdk/netczech/picopad-playground/picopad-sdk/picopad-base/src/common/libs/lib_fat.c.obj
                0x100363ec                FileFlush
 .text.FileClose
                0x10036470       0x20 CMakeFiles/temp.dir/C_/Development/sdk/netczech/picopad-playground/picopad-sdk/picopad-base/src/common/libs/lib_fat.c.obj
                0x10036470                FileClose
 .text.SDByte   0x10036490       0x28 CMakeFiles/temp.dir/C_/Development/sdk/netczech/picopad-playground/picopad-sdk/picopad-base/src/common/libs/lib_sd.c.obj
                0x10036490                SDByte
 .text.SDUnsel  0x100364b8       0x20 CMakeFiles/temp.dir/C_/Development/sdk/netczech/picopad-playground/picopad-sdk/picopad-base/src/common/libs/lib_sd.c.obj
 .text.SDSendCmd
                0x100364d8       0x7a CMakeFiles/temp.dir/C_/Development/sdk/netczech/picopad-playground/picopad-sdk/picopad-base/src/common/libs/lib_sd.c.obj
                0x100364d8                SDSendCmd
 *fill*         0x10036552        0x2 
 .text.SDConnect
                0x10036554      0x140 CMakeFiles/temp.dir/C_/Development/sdk/netczech/picopad-playground/picopad-sdk/picopad-base/src/common/libs/lib_sd.c.obj
                0x10036554                SDConnect
 .text.SDReadBlock
                0x10036694       0x44 CMakeFiles/temp.dir/C_/Development/sdk/netczech/picopad-playground/picopad-sdk/picopad-base/src/common/libs/lib_sd.c.obj
                0x10036694                SDReadBlock
 .text.SDOpen   0x100366d8       0x38 CMakeFiles/temp.dir/C_/Development/sdk/netczech/picopad-playground/picopad-sdk/picopad-base/src/common/libs/lib_sd.c.obj
                0x100366d8                SDOpen
 .text.SDClose  0x10036710       0x20 CMakeFiles/temp.dir/C_/Development/sdk/netczech/picopad-playground/picopad-sdk/picopad-base/src/common/libs/lib_sd.c.obj
                0x10036710                SDClose
 .text.SDReadSect
                0x10036730       0x48 CMakeFiles/temp.dir/C_/Development/sdk/netczech/picopad-playground/picopad-sdk/picopad-base/src/common/libs/lib_sd.c.obj
                0x10036730                SDReadSect
 .text.SDWriteSect
                0x10036778       0x90 CMakeFiles/temp.dir/C_/Development/sdk/netczech/picopad-playground/picopad-sdk/picopad-base/src/common/libs/lib_sd.c.obj
                0x10036778                SDWriteSect
 .text.SDInit   0x10036808       0x40 CMakeFiles/temp.dir/C_/Development/sdk/netczech/picopad-playground/picopad-sdk/picopad-base/src/common/libs/lib_sd.c.obj
                0x10036808                SDInit
 .text.NumListInit
                0x10036848        0xa CMakeFiles/temp.dir/C_/Development/sdk/netczech/picopad-playground/picopad-sdk/picopad-base/src/common/libs/lib_list.c.obj
                0x10036848                NumListInit
 .text.NumListAddFirst
                0x10036852       0x12 CMakeFiles/temp.dir/C_/Development/sdk/netczech/picopad-playground/picopad-sdk/picopad-base/src/common/libs/lib_list.c.obj
                0x10036852                NumListAddFirst
 .text.PWMSndIrq
                0x10036864       0xcc CMakeFiles/temp.dir/C_/Development/sdk/netczech/picopad-playground/picopad-sdk/picopad-base/src/common/libs/lib_pwmsnd.c.obj
                0x10036864                PWMSndIrq
 .text.linear_to_logarithmic
                0x10036930       0x3c CMakeFiles/temp.dir/C_/Development/sdk/netczech/picopad-playground/picopad-sdk/picopad-base/src/common/libs/lib_pwmsnd.c.obj
                0x10036930                linear_to_logarithmic
 .text.set_volume
                0x1003696c       0x34 CMakeFiles/temp.dir/C_/Development/sdk/netczech/picopad-playground/picopad-sdk/picopad-base/src/common/libs/lib_pwmsnd.c.obj
                0x1003696c                set_volume
 .text.PWMSndInitInternal
                0x100369a0       0xb0 CMakeFiles/temp.dir/C_/Development/sdk/netczech/picopad-playground/picopad-sdk/picopad-base/src/common/libs/lib_pwmsnd.c.obj
                0x100369a0                PWMSndInitInternal
 .text.PWMSndInit
                0x10036a50        0xc CMakeFiles/temp.dir/C_/Development/sdk/netczech/picopad-playground/picopad-sdk/picopad-base/src/common/libs/lib_pwmsnd.c.obj
                0x10036a50                PWMSndInit
 .text.RandShift
                0x10036a5c       0x40 CMakeFiles/temp.dir/C_/Development/sdk/netczech/picopad-playground/picopad-sdk/picopad-base/src/common/libs/lib_rand.c.obj
                0x10036a5c                RandShift
 .text.RandInit
                0x10036a9c       0x54 CMakeFiles/temp.dir/C_/Development/sdk/netczech/picopad-playground/picopad-sdk/picopad-base/src/common/libs/lib_rand.c.obj
                0x10036a9c                RandInit
 .text.MemInit  0x10036af0       0x70 CMakeFiles/temp.dir/C_/Development/sdk/netczech/picopad-playground/picopad-sdk/picopad-base/src/common/libs/lib_mem.c.obj
                0x10036af0                MemInit
 .text.DispWriteCmd
                0x10036b60       0x28 CMakeFiles/temp.dir/C_/Development/sdk/netczech/picopad-playground/picopad-sdk/picopad-base/src/common/st7789/st7789.c.obj
                0x10036b60                DispWriteCmd
 .text.DispWriteData
                0x10036b88       0x24 CMakeFiles/temp.dir/C_/Development/sdk/netczech/picopad-playground/picopad-sdk/picopad-base/src/common/st7789/st7789.c.obj
                0x10036b88                DispWriteData
 .text.DispWriteCmdData
                0x10036bac       0x40 CMakeFiles/temp.dir/C_/Development/sdk/netczech/picopad-playground/picopad-sdk/picopad-base/src/common/st7789/st7789.c.obj
                0x10036bac                DispWriteCmdData
 .text.DispHardReset
                0x10036bec       0x2c CMakeFiles/temp.dir/C_/Development/sdk/netczech/picopad-playground/picopad-sdk/picopad-base/src/common/st7789/st7789.c.obj
                0x10036bec                DispHardReset
 .text.DispSoftReset
                0x10036c18       0x10 CMakeFiles/temp.dir/C_/Development/sdk/netczech/picopad-playground/picopad-sdk/picopad-base/src/common/st7789/st7789.c.obj
                0x10036c18                DispSoftReset
 .text.DispSleepDisable
                0x10036c28        0xa CMakeFiles/temp.dir/C_/Development/sdk/netczech/picopad-playground/picopad-sdk/picopad-base/src/common/st7789/st7789.c.obj
                0x10036c28                DispSleepDisable
 .text.DispInvEnable
                0x10036c32        0xa CMakeFiles/temp.dir/C_/Development/sdk/netczech/picopad-playground/picopad-sdk/picopad-base/src/common/st7789/st7789.c.obj
                0x10036c32                DispInvEnable
 .text.DispColorMode
                0x10036c3c       0x12 CMakeFiles/temp.dir/C_/Development/sdk/netczech/picopad-playground/picopad-sdk/picopad-base/src/common/st7789/st7789.c.obj
                0x10036c3c                DispColorMode
 *fill*         0x10036c4e        0x2 
 .text.DispRotation
                0x10036c50       0x40 CMakeFiles/temp.dir/C_/Development/sdk/netczech/picopad-playground/picopad-sdk/picopad-base/src/common/st7789/st7789.c.obj
                0x10036c50                DispRotation
 .text.DispWindow
                0x10036c90       0x38 CMakeFiles/temp.dir/C_/Development/sdk/netczech/picopad-playground/picopad-sdk/picopad-base/src/common/st7789/st7789.c.obj
                0x10036c90                DispWindow
 .text.DispDirtyAll
                0x10036cc8       0x34 CMakeFiles/temp.dir/C_/Development/sdk/netczech/picopad-playground/picopad-sdk/picopad-base/src/common/st7789/st7789.c.obj
                0x10036cc8                DispDirtyAll
 .text.DispDirtyNone
                0x10036cfc       0x34 CMakeFiles/temp.dir/C_/Development/sdk/netczech/picopad-playground/picopad-sdk/picopad-base/src/common/st7789/st7789.c.obj
                0x10036cfc                DispDirtyNone
 .text.DispDirtyRect
                0x10036d30       0x78 CMakeFiles/temp.dir/C_/Development/sdk/netczech/picopad-playground/picopad-sdk/picopad-base/src/common/st7789/st7789.c.obj
                0x10036d30                DispDirtyRect
 .text.DispDirtyPoint
                0x10036da8       0x58 CMakeFiles/temp.dir/C_/Development/sdk/netczech/picopad-playground/picopad-sdk/picopad-base/src/common/st7789/st7789.c.obj
                0x10036da8                DispDirtyPoint
 .text.DispUpdate
                0x10036e00       0x7c CMakeFiles/temp.dir/C_/Development/sdk/netczech/picopad-playground/picopad-sdk/picopad-base/src/common/st7789/st7789.c.obj
                0x10036e00                DispUpdate
 .text.DispUpdateAll
                0x10036e7c        0xc CMakeFiles/temp.dir/C_/Development/sdk/netczech/picopad-playground/picopad-sdk/picopad-base/src/common/st7789/st7789.c.obj
                0x10036e7c                DispUpdateAll
 .text.calc_brightness
                0x10036e88       0x10 CMakeFiles/temp.dir/C_/Development/sdk/netczech/picopad-playground/picopad-sdk/picopad-base/src/common/st7789/st7789.c.obj
                0x10036e88                calc_brightness
 .text.set_brightness
                0x10036e98       0x28 CMakeFiles/temp.dir/C_/Development/sdk/netczech/picopad-playground/picopad-sdk/picopad-base/src/common/st7789/st7789.c.obj
                0x10036e98                set_brightness
 .text.DispInit
                0x10036ec0      0x138 CMakeFiles/temp.dir/C_/Development/sdk/netczech/picopad-playground/picopad-sdk/picopad-base/src/common/st7789/st7789.c.obj
                0x10036ec0                DispInit
 .text.ADC_Init
                0x10036ff8        0x8 CMakeFiles/temp.dir/C_/Development/sdk/netczech/picopad-playground/picopad-sdk/picopad-base/src/common/sdk/sdk_adc.c.obj
                0x10036ff8                ADC_Init
 .text.ADC_PinInit
                0x10037000       0x1e CMakeFiles/temp.dir/C_/Development/sdk/netczech/picopad-playground/picopad-sdk/picopad-base/src/common/sdk/sdk_adc.c.obj
                0x10037000                ADC_PinInit
 .text.ResetToBootLoader
                0x1003701e        0xc CMakeFiles/temp.dir/C_/Development/sdk/netczech/picopad-playground/picopad-sdk/picopad-base/src/common/sdk/sdk_watchdog.c.obj
                0x1003701e                ResetToBootLoader
 *fill*         0x1003702a        0x2 
 .text.load_config_data
                0x1003702c       0x60 CMakeFiles/temp.dir/C_/Development/sdk/netczech/picopad-playground/picopad-sdk/picopad-base/src/common/sdk/sdk_config.c.obj
                0x1003702c                load_config_data
 .text.save_config_data
                0x1003708c       0x34 CMakeFiles/temp.dir/C_/Development/sdk/netczech/picopad-playground/picopad-sdk/picopad-base/src/common/sdk/sdk_config.c.obj
                0x1003708c                save_config_data
 .text.save_config_to_file
                0x100370c0       0x80 CMakeFiles/temp.dir/C_/Development/sdk/netczech/picopad-playground/picopad-sdk/picopad-base/src/common/sdk/sdk_config.c.obj
                0x100370c0                save_config_to_file
 .text.save_volume
                0x10037140       0x1c CMakeFiles/temp.dir/C_/Development/sdk/netczech/picopad-playground/picopad-sdk/picopad-base/src/common/sdk/sdk_config.c.obj
                0x10037140                save_volume
 .text.save_brightness
                0x1003715c       0x1c CMakeFiles/temp.dir/C_/Development/sdk/netczech/picopad-playground/picopad-sdk/picopad-base/src/common/sdk/sdk_config.c.obj
                0x1003715c                save_brightness
 .text.load_config_from_sd_card
                0x10037178       0x9c CMakeFiles/temp.dir/C_/Development/sdk/netczech/picopad-playground/picopad-sdk/picopad-base/src/common/sdk/sdk_config.c.obj
                0x10037178                load_config_from_sd_card
 .text.adc_init
                0x10037214       0x34 CMakeFiles/temp.dir/C_/Development/sdk/pico/pico-sdk/src/rp2_common/hardware_adc/adc.c.obj
                0x10037214                adc_init
 .text.SystemCoreClockUpdate
                0x10037248       0x14 CMakeFiles/temp.dir/C_/Development/sdk/pico/pico-sdk/src/rp2_common/cmsis/stub/CMSIS/Device/RaspberryPi/RP2040/Source/system_RP2040.c.obj
                0x10037248                SystemCoreClockUpdate
 .text.startup.SystemInit
                0x1003725c        0x8 CMakeFiles/temp.dir/C_/Development/sdk/pico/pico-sdk/src/rp2_common/cmsis/stub/CMSIS/Device/RaspberryPi/RP2040/Source/system_RP2040.c.obj
                0x1003725c                SystemInit
 .text.BatInit  0x10037264        0xe CMakeFiles/temp.dir/C_/Development/sdk/netczech/picopad-playground/picopad-sdk/picopad-base/src/common/machine/picopad_bat.c.obj
                0x10037264                BatInit
 .text.DeviceInit
                0x10037272       0x4c CMakeFiles/temp.dir/C_/Development/sdk/netczech/picopad-playground/picopad-sdk/picopad-base/src/common/machine/picopad_init.c.obj
                0x10037272                DeviceInit
 *fill*         0x100372be        0x2 
 .text.KeyInit  0x100372c0       0x4c CMakeFiles/temp.dir/C_/Development/sdk/netczech/picopad-playground/picopad-sdk/picopad-base/src/common/machine/picopad_key.c.obj
                0x100372c0                KeyInit
 .text.KeyWriteKey
                0x1003730c       0x2c CMakeFiles/temp.dir/C_/Development/sdk/netczech/picopad-playground/picopad-sdk/picopad-base/src/common/machine/picopad_key.c.obj
                0x1003730c                KeyWriteKey
 .text.KeyScan  0x10037338       0x90 CMakeFiles/temp.dir/C_/Development/sdk/netczech/picopad-playground/picopad-sdk/picopad-base/src/common/machine/picopad_key.c.obj
                0x10037338                KeyScan
 .text.KeyGet   0x100373c8       0x44 CMakeFiles/temp.dir/C_/Development/sdk/netczech/picopad-playground/picopad-sdk/picopad-base/src/common/machine/picopad_key.c.obj
                0x100373c8                KeyGet
 .text.LedOff   0x1003740c       0x14 CMakeFiles/temp.dir/C_/Development/sdk/netczech/picopad-playground/picopad-sdk/picopad-base/src/common/machine/picopad_led.c.obj
                0x1003740c                LedOff
 .text.LedInit  0x10037420       0x34 CMakeFiles/temp.dir/C_/Development/sdk/netczech/picopad-playground/picopad-sdk/picopad-base/src/common/machine/picopad_led.c.obj
                0x10037420                LedInit
 .text._ZN8One_wireC2Ejjb
                0x10037454       0x30 CMakeFiles/temp.dir/C_/Development/sdk/netczech/picopad-playground/picopad-sdk/picopad-base/src/vendor/pico-onewire/source/one_wire.cpp.obj
                0x10037454                One_wire::One_wire(unsigned int, unsigned int, bool)
                0x10037454                One_wire::One_wire(unsigned int, unsigned int, bool)
 .text._ZN8One_wireD2Ev
                0x10037484       0x14 CMakeFiles/temp.dir/C_/Development/sdk/netczech/picopad-playground/picopad-sdk/picopad-base/src/vendor/pico-onewire/source/one_wire.cpp.obj
                0x10037484                One_wire::~One_wire()
                0x10037484                One_wire::~One_wire()
 .text._ZNK8One_wire22reset_check_for_deviceEv
                0x10037498       0x4a CMakeFiles/temp.dir/C_/Development/sdk/netczech/picopad-playground/picopad-sdk/picopad-base/src/vendor/pico-onewire/source/one_wire.cpp.obj
                0x10037498                One_wire::reset_check_for_device() const
 .text._ZNK8One_wire15onewire_bit_outEb
                0x100374e2       0x44 CMakeFiles/temp.dir/C_/Development/sdk/netczech/picopad-playground/picopad-sdk/picopad-base/src/vendor/pico-onewire/source/one_wire.cpp.obj
                0x100374e2                One_wire::onewire_bit_out(bool) const
 .text._ZN8One_wire16onewire_byte_outEh
                0x10037526       0x1e CMakeFiles/temp.dir/C_/Development/sdk/netczech/picopad-playground/picopad-sdk/picopad-base/src/vendor/pico-onewire/source/one_wire.cpp.obj
                0x10037526                One_wire::onewire_byte_out(unsigned char)
 .text._ZNK8One_wire14onewire_bit_inEv
                0x10037544       0x40 CMakeFiles/temp.dir/C_/Development/sdk/netczech/picopad-playground/picopad-sdk/picopad-base/src/vendor/pico-onewire/source/one_wire.cpp.obj
                0x10037544                One_wire::onewire_bit_in() const
 .text._ZN8One_wire15onewire_byte_inEv
                0x10037584       0x26 CMakeFiles/temp.dir/C_/Development/sdk/netczech/picopad-playground/picopad-sdk/picopad-base/src/vendor/pico-onewire/source/one_wire.cpp.obj
                0x10037584                One_wire::onewire_byte_in()
 .text._ZN8One_wire9bit_writeERhib
                0x100375aa       0x1c CMakeFiles/temp.dir/C_/Development/sdk/netczech/picopad-playground/picopad-sdk/picopad-base/src/vendor/pico-onewire/source/one_wire.cpp.obj
                0x100375aa                One_wire::bit_write(unsigned char&, int, bool)
 .text._ZN8One_wire22single_device_read_romER13rom_address_t
                0x100375c6       0x36 CMakeFiles/temp.dir/C_/Development/sdk/netczech/picopad-playground/picopad-sdk/picopad-base/src/vendor/pico-onewire/source/one_wire.cpp.obj
                0x100375c6                One_wire::single_device_read_rom(rom_address_t&)
 .text._ZN8One_wire9match_romER13rom_address_t
                0x100375fc       0x38 CMakeFiles/temp.dir/C_/Development/sdk/netczech/picopad-playground/picopad-sdk/picopad-base/src/vendor/pico-onewire/source/one_wire.cpp.obj
                0x100375fc                One_wire::match_rom(rom_address_t&)
 .text._ZN8One_wire8skip_romEv
                0x10037634       0x24 CMakeFiles/temp.dir/C_/Development/sdk/netczech/picopad-playground/picopad-sdk/picopad-base/src/vendor/pico-onewire/source/one_wire.cpp.obj
                0x10037634                One_wire::skip_rom()
 .text._ZN8One_wire8crc_byteEhh
                0x10037658       0x42 CMakeFiles/temp.dir/C_/Development/sdk/netczech/picopad-playground/picopad-sdk/picopad-base/src/vendor/pico-onewire/source/one_wire.cpp.obj
                0x10037658                One_wire::crc_byte(unsigned char, unsigned char)
 .text._ZN8One_wire18ram_checksum_errorEv
                0x1003769a       0x26 CMakeFiles/temp.dir/C_/Development/sdk/netczech/picopad-playground/picopad-sdk/picopad-base/src/vendor/pico-onewire/source/one_wire.cpp.obj
                0x1003769a                One_wire::ram_checksum_error()
 .text._ZN8One_wire19convert_temperatureER13rom_address_tbb
                0x100376c0       0xe4 CMakeFiles/temp.dir/C_/Development/sdk/netczech/picopad-playground/picopad-sdk/picopad-base/src/vendor/pico-onewire/source/one_wire.cpp.obj
                0x100376c0                One_wire::convert_temperature(rom_address_t&, bool, bool)
 .text._ZN8One_wire16read_scratch_padER13rom_address_t
                0x100377a4       0x28 CMakeFiles/temp.dir/C_/Development/sdk/netczech/picopad-playground/picopad-sdk/picopad-base/src/vendor/pico-onewire/source/one_wire.cpp.obj
                0x100377a4                One_wire::read_scratch_pad(rom_address_t&)
 .text._ZN8One_wire9to_uint64ER13rom_address_t
                0x100377cc       0x2e CMakeFiles/temp.dir/C_/Development/sdk/netczech/picopad-playground/picopad-sdk/picopad-base/src/vendor/pico-onewire/source/one_wire.cpp.obj
                0x100377cc                One_wire::to_uint64(rom_address_t&)
 *fill*         0x100377fa        0x2 
 .text._ZN8One_wire11temperatureER13rom_address_tb
                0x100377fc       0xd4 CMakeFiles/temp.dir/C_/Development/sdk/netczech/picopad-playground/picopad-sdk/picopad-base/src/vendor/pico-onewire/source/one_wire.cpp.obj
                0x100377fc                One_wire::temperature(rom_address_t&, bool)
 .text._ZN8One_wire22power_supply_availableER13rom_address_tb
                0x100378d0       0x22 CMakeFiles/temp.dir/C_/Development/sdk/netczech/picopad-playground/picopad-sdk/picopad-base/src/vendor/pico-onewire/source/one_wire.cpp.obj
                0x100378d0                One_wire::power_supply_available(rom_address_t&, bool)
 .text._ZN8One_wire4initEv
                0x100378f2       0x3c CMakeFiles/temp.dir/C_/Development/sdk/netczech/picopad-playground/picopad-sdk/picopad-base/src/vendor/pico-onewire/source/one_wire.cpp.obj
                0x100378f2                One_wire::init()
 *fill*         0x1003792e        0x2 
 .text.startup._GLOBAL__sub_I_found_addresses
                0x10037930       0x10 CMakeFiles/temp.dir/C_/Development/sdk/netczech/picopad-playground/picopad-sdk/picopad-base/src/vendor/pico-onewire/source/one_wire.cpp.obj
 .text.startup._GLOBAL__sub_I__ZN9__gnu_cxx9__freeresEv
                0x10037940       0x28 c:/development/arm-none-eabi/bin/../lib/gcc/arm-none-eabi/12.2.1/thumb/v6-m/nofp\libstdc++.a(eh_alloc.o)
 .text._ZN12_GLOBAL__N_113constant_initD2Ev
                0x10037968        0x4 c:/development/arm-none-eabi/bin/../lib/gcc/arm-none-eabi/12.2.1/thumb/v6-m/nofp\libstdc++.a(eh_globals.o)
 .text.startup._GLOBAL__sub_I___cxa_get_globals_fast
                0x1003796c       0x1c c:/development/arm-none-eabi/bin/../lib/gcc/arm-none-eabi/12.2.1/thumb/v6-m/nofp\libstdc++.a(eh_globals.o)
 .text.__aeabi_atexit
                0x10037988       0x10 c:/development/arm-none-eabi/bin/../lib/gcc/arm-none-eabi/12.2.1/thumb/v6-m/nofp\libstdc++.a(atexit_arm.o)
                0x10037988                __aeabi_atexit
 .text.malloc   0x10037998       0x14 c:/development/arm-none-eabi/bin/../lib/gcc/arm-none-eabi/12.2.1/thumb/v6-m/nofp\libc.a(libc_a-malloc.o)
                0x10037998                malloc
 .text._malloc_r
                0x100379ac      0x5c4 c:/development/arm-none-eabi/bin/../lib/gcc/arm-none-eabi/12.2.1/thumb/v6-m/nofp\libc.a(libc_a-mallocr.o)
                0x100379ac                _malloc_r
 .text.__malloc_lock
                0x10037f70       0x10 c:/development/arm-none-eabi/bin/../lib/gcc/arm-none-eabi/12.2.1/thumb/v6-m/nofp\libc.a(libc_a-mlock.o)
                0x10037f70                __malloc_lock
 .text.__malloc_unlock
                0x10037f80       0x10 c:/development/arm-none-eabi/bin/../lib/gcc/arm-none-eabi/12.2.1/thumb/v6-m/nofp\libc.a(libc_a-mlock.o)
                0x10037f80                __malloc_unlock
 .text.__cxa_atexit
                0x10037f90       0x10 c:/development/arm-none-eabi/bin/../lib/gcc/arm-none-eabi/12.2.1/thumb/v6-m/nofp\libc.a(libc_a-cxa_atexit.o)
                0x10037f90                __cxa_atexit
 .text.memcmp   0x10037fa0       0x44 c:/development/arm-none-eabi/bin/../lib/gcc/arm-none-eabi/12.2.1/thumb/v6-m/nofp\libc.a(libc_a-memcmp.o)
                0x10037fa0                memcmp
 .text.strcat   0x10037fe4       0x4c c:/development/arm-none-eabi/bin/../lib/gcc/arm-none-eabi/12.2.1/thumb/v6-m/nofp\libc.a(libc_a-strcat.o)
                0x10037fe4                strcat
 .text._sbrk_r  0x10038030       0x24 c:/development/arm-none-eabi/bin/../lib/gcc/arm-none-eabi/12.2.1/thumb/v6-m/nofp\libc.a(libc_a-sbrkr.o)
                0x10038030                _sbrk_r
 .text.__errno  0x10038054        0xc c:/development/arm-none-eabi/bin/../lib/gcc/arm-none-eabi/12.2.1/thumb/v6-m/nofp\libc.a(libc_a-errno.o)
                0x10038054                __errno
 .text.__retarget_lock_acquire_recursive
                0x10038060        0x4 c:/development/arm-none-eabi/bin/../lib/gcc/arm-none-eabi/12.2.1/thumb/v6-m/nofp\libc.a(libc_a-lock.o)
                0x10038060                __retarget_lock_acquire_recursive
 .text.__retarget_lock_release_recursive
                0x10038064        0x4 c:/development/arm-none-eabi/bin/../lib/gcc/arm-none-eabi/12.2.1/thumb/v6-m/nofp\libc.a(libc_a-lock.o)
                0x10038064                __retarget_lock_release_recursive
 .text.sysconf  0x10038068       0x1c c:/development/arm-none-eabi/bin/../lib/gcc/arm-none-eabi/12.2.1/thumb/v6-m/nofp\libc.a(libc_a-sysconf.o)
                0x10038068                sysconf
 .text.strcpy   0x10038084       0x10 c:/development/arm-none-eabi/bin/../lib/gcc/arm-none-eabi/12.2.1/thumb/v6-m/nofp\libc.a(libc_a-strcpy.o)
                0x10038084                strcpy
 .text.strlen   0x10038094       0x5c c:/development/arm-none-eabi/bin/../lib/gcc/arm-none-eabi/12.2.1/thumb/v6-m/nofp\libc.a(libc_a-strlen-stub.o)
                0x10038094                strlen
 .text.__register_exitproc
                0x100380f0       0xa8 c:/development/arm-none-eabi/bin/../lib/gcc/arm-none-eabi/12.2.1/thumb/v6-m/nofp\libc.a(libc_a-__atexit.o)
                0x100380f0                __register_exitproc
 .text.startup.register_fini
                0x10038198       0x18 c:/development/arm-none-eabi/bin/../lib/gcc/arm-none-eabi/12.2.1/thumb/v6-m/nofp\libc.a(libc_a-__call_atexit.o)
 .text.atexit   0x100381b0       0x10 c:/development/arm-none-eabi/bin/../lib/gcc/arm-none-eabi/12.2.1/thumb/v6-m/nofp\libc.a(libc_a-atexit.o)
                0x100381b0                atexit
 .text._malloc_trim_r
                0x100381c0       0xb4 c:/development/arm-none-eabi/bin/../lib/gcc/arm-none-eabi/12.2.1/thumb/v6-m/nofp\libc.a(libc_a-freer.o)
                0x100381c0                _malloc_trim_r
 .text._free_r  0x10038274      0x1d4 c:/development/arm-none-eabi/bin/../lib/gcc/arm-none-eabi/12.2.1/thumb/v6-m/nofp\libc.a(libc_a-freer.o)
                0x10038274                _free_r
 .text.__libc_fini_array
                0x10038448       0x28 c:/development/arm-none-eabi/bin/../lib/gcc/arm-none-eabi/12.2.1/thumb/v6-m/nofp\libc.a(libc_a-fini.o)
                0x10038448                __libc_fini_array
 *(.fini)
 .fini          0x10038470        0x4 c:/development/arm-none-eabi/bin/../lib/gcc/arm-none-eabi/12.2.1/thumb/v6-m/nofp/crti.o
                0x10038470                _fini
 *fill*         0x10038474        0x4 
 .fini.__stub   0x10038478       0xa0 linker stubs
 *crtbegin.o(.ctors)
 *crtbegin?.o(.ctors)
 *(EXCLUDE_FILE(*crtend.o *crtend?.o) .ctors)
 *(SORT_BY_NAME(.ctors.*))
 *(.ctors)
 *crtbegin.o(.dtors)
 *crtbegin?.o(.dtors)
 *(EXCLUDE_FILE(*crtend.o *crtend?.o) .dtors)
 *(SORT_BY_NAME(.dtors.*))
 *(.dtors)
 *(.eh_frame*)
 .eh_frame      0x10038518        0x0 c:/development/arm-none-eabi/bin/../lib/gcc/arm-none-eabi/12.2.1/thumb/v6-m/nofp/crtbegin.o
                0x10038518                        . = ALIGN (0x4)

.glue_7         0x10038518        0x0
 .glue_7        0x10038518        0x0 linker stubs

.glue_7t        0x10038518        0x0
 .glue_7t       0x10038518        0x0 linker stubs

.vfp11_veneer   0x10038518        0x0
 .vfp11_veneer  0x10038518        0x0 linker stubs

.v4_bx          0x10038518        0x0
 .v4_bx         0x10038518        0x0 linker stubs

.iplt           0x10038518        0x0
 .iplt          0x10038518        0x0 c:/development/arm-none-eabi/bin/../lib/gcc/arm-none-eabi/12.2.1/thumb/v6-m/nofp/crtbegin.o

.rodata         0x10038518     0x51d0
 *(EXCLUDE_FILE(*libm.a: *libc.a:*lib_a-mem*.o *libgcc.a:) .rodata*)
 .rodata.main.str1.1
                0x10038518       0x35 CMakeFiles/temp.dir/src/main.cpp.obj
 *fill*         0x1003854d        0x3 
 .rodata._ZL17DconnectedImg_RLE
                0x10038550      0x1fd CMakeFiles/temp.dir/src/main.cpp.obj
 *fill*         0x1003874d        0x3 
 .rodata._ZL17DconnectedImg_Pal
                0x10038750      0x200 CMakeFiles/temp.dir/src/main.cpp.obj
 .rodata._ZL16ConnectedImg_RLE
                0x10038950      0x1f6 CMakeFiles/temp.dir/src/main.cpp.obj
 *fill*         0x10038b46        0x2 
 .rodata._ZL16ConnectedImg_Pal
                0x10038b48      0x200 CMakeFiles/temp.dir/src/main.cpp.obj
 .rodata._ZL14Ds18B20Img_RLE
                0x10038d48     0x1dbe CMakeFiles/temp.dir/src/main.cpp.obj
 *fill*         0x1003ab06        0x2 
 .rodata._ZL14Ds18B20Img_Pal
                0x1003ab08      0x200 CMakeFiles/temp.dir/src/main.cpp.obj
 .rodata._ZL11FontBold8x8
                0x1003ad08      0x800 CMakeFiles/temp.dir/src/main.cpp.obj
 .rodata._ZL13FontBoldB8x16
                0x1003b508     0x1000 CMakeFiles/temp.dir/src/main.cpp.obj
 .rodata.hardware_alarm_claim.str1.1
                0x1003c508       0x22 CMakeFiles/temp.dir/C_/Development/sdk/pico/pico-sdk/src/rp2_common/hardware_timer/timer.c.obj
 .rodata.panic.str1.1
                0x1003c52a       0x10 CMakeFiles/temp.dir/C_/Development/sdk/pico/pico-sdk/src/rp2_common/pico_runtime/runtime.c.obj
                                 0x12 (size before relaxing)
 .rodata.hard_assertion_failure.str1.1
                0x1003c53a        0xc CMakeFiles/temp.dir/C_/Development/sdk/pico/pico-sdk/src/rp2_common/pico_runtime/runtime.c.obj
 .rodata._ftoa.str1.1
                0x1003c546       0x12 CMakeFiles/temp.dir/C_/Development/sdk/pico/pico-sdk/src/rp2_common/pico_printf/printf.c.obj
 .rodata.pow10.0
                0x1003c558       0x50 CMakeFiles/temp.dir/C_/Development/sdk/pico/pico-sdk/src/rp2_common/pico_printf/printf.c.obj
 .rodata.check_alloc.str1.1
                0x1003c5a8        0xe CMakeFiles/temp.dir/C_/Development/sdk/pico/pico-sdk/src/rp2_common/pico_malloc/pico_malloc.c.obj
 .rodata.str1.1
                0x1003c5b6       0x2d CMakeFiles/temp.dir/C_/Development/sdk/pico/pico-sdk/src/rp2_common/pico_standard_link/binary_info.c.obj
 .rodata.__bi_81
                0x1003c5e3        0xc CMakeFiles/temp.dir/C_/Development/sdk/pico/pico-sdk/src/rp2_common/pico_standard_link/binary_info.c.obj
 .rodata.__bi_75
                0x1003c5ef        0xc CMakeFiles/temp.dir/C_/Development/sdk/pico/pico-sdk/src/rp2_common/pico_standard_link/binary_info.c.obj
 .rodata.__bi_44
                0x1003c5fb        0xc CMakeFiles/temp.dir/C_/Development/sdk/pico/pico-sdk/src/rp2_common/pico_standard_link/binary_info.c.obj
 .rodata.crlf_str.0
                0x1003c607        0x2 CMakeFiles/temp.dir/C_/Development/sdk/pico/pico-sdk/src/rp2_common/pico_stdio/stdio.c.obj
 .rodata.dma_claim_unused_channel.str1.1
                0x1003c609       0x1e CMakeFiles/temp.dir/C_/Development/sdk/pico/pico-sdk/src/rp2_common/hardware_dma/dma.c.obj
 *fill*         0x1003c627        0x1 
 .rodata.FontBold8x16
                0x1003c628     0x1000 CMakeFiles/temp.dir/C_/Development/sdk/netczech/picopad-playground/picopad-sdk/picopad-base/src/common/libs/lib_drawtft.c.obj
                0x1003c628                FontBold8x16
 .rodata.FSName
                0x1003d628       0x14 CMakeFiles/temp.dir/C_/Development/sdk/netczech/picopad-playground/picopad-sdk/picopad-base/src/common/libs/lib_fat.c.obj
                0x1003d628                FSName
 .rodata.FSName4
                0x1003d63c        0x4 CMakeFiles/temp.dir/C_/Development/sdk/netczech/picopad-playground/picopad-sdk/picopad-base/src/common/libs/lib_fat.c.obj
                0x1003d63c                FSName4
 .rodata.FSName3
                0x1003d640        0x6 CMakeFiles/temp.dir/C_/Development/sdk/netczech/picopad-playground/picopad-sdk/picopad-base/src/common/libs/lib_fat.c.obj
                0x1003d640                FSName3
 .rodata.FSName2
                0x1003d646        0x6 CMakeFiles/temp.dir/C_/Development/sdk/netczech/picopad-playground/picopad-sdk/picopad-base/src/common/libs/lib_fat.c.obj
                0x1003d646                FSName2
 .rodata.FSName1
                0x1003d64c        0x6 CMakeFiles/temp.dir/C_/Development/sdk/netczech/picopad-playground/picopad-sdk/picopad-base/src/common/libs/lib_fat.c.obj
                0x1003d64c                FSName1
 .rodata.FSName0
                0x1003d652        0x5 CMakeFiles/temp.dir/C_/Development/sdk/netczech/picopad-playground/picopad-sdk/picopad-base/src/common/libs/lib_fat.c.obj
                0x1003d652                FSName0
 .rodata.RotationTab
                0x1003d657        0x4 CMakeFiles/temp.dir/C_/Development/sdk/netczech/picopad-playground/picopad-sdk/picopad-base/src/common/st7789/st7789.c.obj
                0x1003d657                RotationTab
 .rodata.save_config_to_file.str1.1
                0x1003d65b       0x25 CMakeFiles/temp.dir/C_/Development/sdk/netczech/picopad-playground/picopad-sdk/picopad-base/src/common/sdk/sdk_config.c.obj
 .rodata        0x1003d680       0x20 CMakeFiles/temp.dir/C_/Development/sdk/netczech/picopad-playground/picopad-sdk/picopad-base/src/common/sdk/sdk_config.c.obj
 .rodata.KeyGpioTab
                0x1003d6a0        0x8 CMakeFiles/temp.dir/C_/Development/sdk/netczech/picopad-playground/picopad-sdk/picopad-base/src/common/machine/picopad_key.c.obj
                0x1003d6a0                KeyGpioTab
 .rodata.LedGpioTab
                0x1003d6a8        0x2 CMakeFiles/temp.dir/C_/Development/sdk/netczech/picopad-playground/picopad-sdk/picopad-base/src/common/machine/picopad_led.c.obj
                0x1003d6a8                LedGpioTab
 .rodata._ZN8One_wire9match_romER13rom_address_t.str1.1
                0x1003d6aa       0x11 CMakeFiles/temp.dir/C_/Development/sdk/netczech/picopad-playground/picopad-sdk/picopad-base/src/vendor/pico-onewire/source/one_wire.cpp.obj
 .rodata._ZN8One_wire8skip_romEv.str1.1
                0x1003d6bb       0x10 CMakeFiles/temp.dir/C_/Development/sdk/netczech/picopad-playground/picopad-sdk/picopad-base/src/vendor/pico-onewire/source/one_wire.cpp.obj
 .rodata._ZN8One_wire11temperatureER13rom_address_tb.str1.1
                0x1003d6cb       0x1a CMakeFiles/temp.dir/C_/Development/sdk/netczech/picopad-playground/picopad-sdk/picopad-base/src/vendor/pico-onewire/source/one_wire.cpp.obj
                0x1003d6e8                        . = ALIGN (0x4)
 *fill*         0x1003d6e5        0x3 
 *(SORT_BY_ALIGNMENT(SORT_BY_NAME(.flashdata*)))
                0x1003d6e8                        . = ALIGN (0x4)

.ARM.extab
 *(.ARM.extab* .gnu.linkonce.armextab.*)
                0x1003d6e8                        __exidx_start = .

.ARM.exidx      0x1003d6e8        0x8
 *(.ARM.exidx* .gnu.linkonce.armexidx.*)
 .ARM.exidx.text.startup._GLOBAL__sub_I__ZN9__gnu_cxx9__freeresEv
                0x1003d6e8        0x8 c:/development/arm-none-eabi/bin/../lib/gcc/arm-none-eabi/12.2.1/thumb/v6-m/nofp\libstdc++.a(eh_alloc.o)
 .ARM.exidx.text._ZN12_GLOBAL__N_113constant_initD2Ev
                0x1003d6f0        0x0 c:/development/arm-none-eabi/bin/../lib/gcc/arm-none-eabi/12.2.1/thumb/v6-m/nofp\libstdc++.a(eh_globals.o)
                                  0x8 (size before relaxing)
 .ARM.exidx.text.startup._GLOBAL__sub_I___cxa_get_globals_fast
                0x1003d6f0        0x0 c:/development/arm-none-eabi/bin/../lib/gcc/arm-none-eabi/12.2.1/thumb/v6-m/nofp\libstdc++.a(eh_globals.o)
                                  0x8 (size before relaxing)
 .ARM.exidx.text.__aeabi_atexit
                0x1003d6f0        0x0 c:/development/arm-none-eabi/bin/../lib/gcc/arm-none-eabi/12.2.1/thumb/v6-m/nofp\libstdc++.a(atexit_arm.o)
                                  0x8 (size before relaxing)
                0x1003d6f0                        __exidx_end = .
                0x1003d6f0                        . = ALIGN (0x4)
                0x1003d6f0                        __binary_info_start = .

.binary_info    0x1003d6f0       0x18
 *(.binary_info.keep.*)
 .binary_info.keep.__bi_ptr81
                0x1003d6f0        0x4 CMakeFiles/temp.dir/C_/Development/sdk/pico/pico-sdk/src/rp2_common/pico_standard_link/binary_info.c.obj
 .binary_info.keep.__bi_ptr75
                0x1003d6f4        0x4 CMakeFiles/temp.dir/C_/Development/sdk/pico/pico-sdk/src/rp2_common/pico_standard_link/binary_info.c.obj
 .binary_info.keep.__bi_ptr50
                0x1003d6f8        0x4 CMakeFiles/temp.dir/C_/Development/sdk/pico/pico-sdk/src/rp2_common/pico_standard_link/binary_info.c.obj
 .binary_info.keep.__bi_ptr44
                0x1003d6fc        0x4 CMakeFiles/temp.dir/C_/Development/sdk/pico/pico-sdk/src/rp2_common/pico_standard_link/binary_info.c.obj
 .binary_info.keep.__bi_ptr30
                0x1003d700        0x4 CMakeFiles/temp.dir/C_/Development/sdk/pico/pico-sdk/src/rp2_common/pico_standard_link/binary_info.c.obj
 .binary_info.keep.__bi_ptr22
                0x1003d704        0x4 CMakeFiles/temp.dir/C_/Development/sdk/pico/pico-sdk/src/rp2_common/pico_standard_link/binary_info.c.obj
 *(.binary_info.*)
                0x1003d708                        __binary_info_end = .
                0x1003d708                        . = ALIGN (0x4)
                0x1003d708                        __etext = .

.rel.dyn        0x1003d708        0x0
 .rel.iplt      0x1003d708        0x0 c:/development/arm-none-eabi/bin/../lib/gcc/arm-none-eabi/12.2.1/thumb/v6-m/nofp/crtbegin.o

.ram_vector_table
                0x20000000       0xc0
 *(.ram_vector_table)
 .ram_vector_table
                0x20000000       0xc0 CMakeFiles/temp.dir/C_/Development/sdk/pico/pico-sdk/src/rp2_common/pico_runtime/runtime.c.obj
                0x20000000                ram_vector_table

.data           0x200000c0      0x928 load address 0x1003d708
                0x200000c0                        __data_start__ = .
 *(vtable)
 *(.time_critical*)
 .time_critical.mutex_enter_blocking
                0x200000c0       0x42 CMakeFiles/temp.dir/C_/Development/sdk/pico/pico-sdk/src/common/pico_sync/mutex.c.obj
                0x200000c0                mutex_enter_blocking
 .time_critical.mutex_try_enter
                0x20000102       0x44 CMakeFiles/temp.dir/C_/Development/sdk/pico/pico-sdk/src/common/pico_sync/mutex.c.obj
                0x20000102                mutex_try_enter
 .time_critical.mutex_enter_block_until
                0x20000146       0x54 CMakeFiles/temp.dir/C_/Development/sdk/pico/pico-sdk/src/common/pico_sync/mutex.c.obj
                0x20000146                mutex_enter_block_until
 .time_critical.mutex_try_enter_block_until
                0x2000019a       0x2e CMakeFiles/temp.dir/C_/Development/sdk/pico/pico-sdk/src/common/pico_sync/mutex.c.obj
                0x2000019a                mutex_try_enter_block_until
 .time_critical.mutex_exit
                0x200001c8       0x28 CMakeFiles/temp.dir/C_/Development/sdk/pico/pico-sdk/src/common/pico_sync/mutex.c.obj
                0x200001c8                mutex_exit
 .time_critical.flash_init_boot2_copyout
                0x200001f0       0x30 CMakeFiles/temp.dir/C_/Development/sdk/pico/pico-sdk/src/rp2_common/hardware_flash/flash.c.obj
 .time_critical.flash_enable_xip_via_boot2
                0x20000220        0xc CMakeFiles/temp.dir/C_/Development/sdk/pico/pico-sdk/src/rp2_common/hardware_flash/flash.c.obj
 .time_critical.flash_cs_force
                0x2000022c       0x20 CMakeFiles/temp.dir/C_/Development/sdk/pico/pico-sdk/src/rp2_common/hardware_flash/flash.c.obj
 .time_critical.flash_do_cmd
                0x2000024c       0xa4 CMakeFiles/temp.dir/C_/Development/sdk/pico/pico-sdk/src/rp2_common/hardware_flash/flash.c.obj
                0x2000024c                flash_do_cmd
 .time_critical.spi_write_read_blocking
                0x200002f0       0x46 CMakeFiles/temp.dir/C_/Development/sdk/pico/pico-sdk/src/rp2_common/hardware_spi/spi.c.obj
                0x200002f0                spi_write_read_blocking
 .time_critical.spi_write_blocking
                0x20000336       0x42 CMakeFiles/temp.dir/C_/Development/sdk/pico/pico-sdk/src/rp2_common/hardware_spi/spi.c.obj
                0x20000336                spi_write_blocking
 *(.text*)
 .text          0x20000378       0x14 c:/development/arm-none-eabi/bin/../lib/gcc/arm-none-eabi/12.2.1/thumb/v6-m/nofp\libgcc.a(_thumb1_case_shi.o)
                0x20000378                __gnu_thumb1_case_shi
 .text          0x2000038c        0x4 c:/development/arm-none-eabi/bin/../lib/gcc/arm-none-eabi/12.2.1/thumb/v6-m/nofp\libgcc.a(_dvmd_tls.o)
                0x2000038c                __aeabi_idiv0
                0x2000038c                __aeabi_ldiv0
 .text          0x20000390       0x18 c:/development/arm-none-eabi/bin/../lib/gcc/arm-none-eabi/12.2.1/thumb/v6-m/nofp\libgcc.a(_ashldi3.o)
                0x20000390                __aeabi_llsl
                0x20000390                __ashldi3
 .text.__stub   0x200003a8       0x10 linker stubs
                0x200003b8                        . = ALIGN (0x4)
 *(.rodata*)
                0x200003b8                        . = ALIGN (0x4)
 *(.data*)
 .data.__dso_handle
                0x200003b8        0x4 c:/development/arm-none-eabi/bin/../lib/gcc/arm-none-eabi/12.2.1/thumb/v6-m/nofp/crtbegin.o
                0x200003b8                __dso_handle
 .data.striped_spin_lock_num
                0x200003bc        0x1 CMakeFiles/temp.dir/C_/Development/sdk/pico/pico-sdk/src/rp2_common/hardware_sync/sync.c.obj
 *fill*         0x200003bd        0x3 
 .data          0x200003c0       0x48 CMakeFiles/temp.dir/C_/Development/sdk/pico/pico-sdk/src/rp2_common/hardware_irq/irq_handler_chain.S.obj
                0x200003c0                irq_handler_chain_slots
                0x200003f0                irq_handler_chain_first_slot
                0x200003fa                irq_handler_chain_remove_tail
 .data.default_alarm_pool
                0x20000408       0x18 CMakeFiles/temp.dir/C_/Development/sdk/pico/pico-sdk/src/common/pico_time/time.c.obj
 .data.default_alarm_pool_heap
                0x20000420       0x10 CMakeFiles/temp.dir/C_/Development/sdk/pico/pico-sdk/src/common/pico_time/time.c.obj
 .data.aeabi_bits_funcs
                0x20000430       0x10 CMakeFiles/temp.dir/C_/Development/sdk/pico/pico-sdk/src/rp2_common/pico_bit_ops/bit_ops_aeabi.S.obj
                0x20000430                aeabi_bits_funcs
                0x20000440                aeabi_bits_funcs_end
 .data.aeabi_mem_funcs
                0x20000440       0x10 CMakeFiles/temp.dir/C_/Development/sdk/pico/pico-sdk/src/rp2_common/pico_mem_ops/mem_ops_aeabi.S.obj
                0x20000440                aeabi_mem_funcs
                0x20000450                aeabi_mem_funcs_end
 .data.DrawFontWidth
                0x20000450        0x4 CMakeFiles/temp.dir/C_/Development/sdk/netczech/picopad-playground/picopad-sdk/picopad-base/src/common/libs/lib_drawtft.c.obj
                0x20000450                DrawFontWidth
 .data.DrawFontHeight
                0x20000454        0x4 CMakeFiles/temp.dir/C_/Development/sdk/netczech/picopad-playground/picopad-sdk/picopad-base/src/common/libs/lib_drawtft.c.obj
                0x20000454                DrawFontHeight
 .data.pDrawFont
                0x20000458        0x4 CMakeFiles/temp.dir/C_/Development/sdk/netczech/picopad-playground/picopad-sdk/picopad-base/src/common/libs/lib_drawtft.c.obj
                0x20000458                pDrawFont
 .data.FSinfo   0x2000045c        0x1 CMakeFiles/temp.dir/C_/Development/sdk/netczech/picopad-playground/picopad-sdk/picopad-base/src/common/libs/lib_fat.c.obj
                0x2000045c                FSinfo
 *fill*         0x2000045d        0x3 
 .data.DiskBufSect
                0x20000460        0x4 CMakeFiles/temp.dir/C_/Development/sdk/netczech/picopad-playground/picopad-sdk/picopad-base/src/common/libs/lib_fat.c.obj
                0x20000460                DiskBufSect
 .data.GlobalVolume
                0x20000464        0x4 CMakeFiles/temp.dir/C_/Development/sdk/netczech/picopad-playground/picopad-sdk/picopad-base/src/common/libs/lib_pwmsnd.c.obj
                0x20000464                GlobalVolume
 .data.cr       0x20000468        0x1 CMakeFiles/temp.dir/C_/Development/sdk/netczech/picopad-playground/picopad-sdk/picopad-base/src/common/sdk/sdk_config.c.obj
                0x20000468                cr
 *fill*         0x20000469        0x3 
 .data.__malloc_sbrk_base
                0x2000046c        0x4 c:/development/arm-none-eabi/bin/../lib/gcc/arm-none-eabi/12.2.1/thumb/v6-m/nofp\libc.a(libc_a-mallocr.o)
                0x2000046c                __malloc_sbrk_base
 .data.__malloc_trim_threshold
                0x20000470        0x4 c:/development/arm-none-eabi/bin/../lib/gcc/arm-none-eabi/12.2.1/thumb/v6-m/nofp\libc.a(libc_a-mallocr.o)
                0x20000470                __malloc_trim_threshold
 *fill*         0x20000474        0x4 
 .data.__malloc_av_
                0x20000478      0x408 c:/development/arm-none-eabi/bin/../lib/gcc/arm-none-eabi/12.2.1/thumb/v6-m/nofp\libc.a(libc_a-mallocr.o)
                0x20000478                __malloc_av_
 .data._impure_ptr
                0x20000880        0x4 c:/development/arm-none-eabi/bin/../lib/gcc/arm-none-eabi/12.2.1/thumb/v6-m/nofp\libc.a(libc_a-impure.o)
                0x20000880                _impure_ptr
 *fill*         0x20000884        0x4 
 .data._impure_data
                0x20000888      0x120 c:/development/arm-none-eabi/bin/../lib/gcc/arm-none-eabi/12.2.1/thumb/v6-m/nofp\libc.a(libc_a-impure.o)
                0x20000888                _impure_data
 .data.__atexit_recursive_mutex
                0x200009a8        0x4 c:/development/arm-none-eabi/bin/../lib/gcc/arm-none-eabi/12.2.1/thumb/v6-m/nofp\libc.a(libc_a-__call_atexit.o)
                0x200009a8                __atexit_recursive_mutex
                0x200009ac                        . = ALIGN (0x4)
 *(.after_data.*)
                0x200009ac                        . = ALIGN (0x4)
                0x200009ac                        PROVIDE (__mutex_array_start = .)
 *(SORT_BY_NAME(.mutex_array.*))
 *(.mutex_array)
 .mutex_array   0x200009ac        0x8 CMakeFiles/temp.dir/C_/Development/sdk/pico/pico-sdk/src/rp2_common/pico_malloc/pico_malloc.c.obj
 .mutex_array   0x200009b4        0x8 CMakeFiles/temp.dir/C_/Development/sdk/pico/pico-sdk/src/rp2_common/pico_stdio/stdio.c.obj
                0x200009bc                        PROVIDE (__mutex_array_end = .)
                0x200009bc                        . = ALIGN (0x4)
                0x200009bc                        PROVIDE (__preinit_array_start = .)
 *(SORT_BY_NAME(.preinit_array.*))
 .preinit_array.00001
                0x200009bc        0x4 CMakeFiles/temp.dir/C_/Development/sdk/pico/pico-sdk/src/rp2_common/pico_mem_ops/mem_ops_aeabi.S.obj
 .preinit_array.00010
                0x200009c0        0x4 CMakeFiles/temp.dir/C_/Development/sdk/pico/pico-sdk/src/rp2_common/pico_bit_ops/bit_ops_aeabi.S.obj
 .preinit_array.00020
                0x200009c4        0x4 CMakeFiles/temp.dir/C_/Development/sdk/pico/pico-sdk/src/rp2_common/pico_double/double_aeabi.S.obj
 .preinit_array.00020
                0x200009c8        0x4 CMakeFiles/temp.dir/C_/Development/sdk/pico/pico-sdk/src/rp2_common/pico_float/float_aeabi.S.obj
 *(.preinit_array)
                0x200009cc                        PROVIDE (__preinit_array_end = .)
                0x200009cc                        . = ALIGN (0x4)
                0x200009cc                        PROVIDE (__init_array_start = .)
 *(SORT_BY_NAME(.init_array.*))
 .init_array.00000
                0x200009cc        0x4 c:/development/arm-none-eabi/bin/../lib/gcc/arm-none-eabi/12.2.1/thumb/v6-m/nofp\libc.a(libc_a-__call_atexit.o)
 *(.init_array)
 .init_array    0x200009d0        0x4 c:/development/arm-none-eabi/bin/../lib/gcc/arm-none-eabi/12.2.1/thumb/v6-m/nofp/crtbegin.o
 .init_array    0x200009d4        0x4 CMakeFiles/temp.dir/C_/Development/sdk/pico/pico-sdk/src/rp2_common/pico_unique_id/unique_id.c.obj
 .init_array    0x200009d8        0x4 CMakeFiles/temp.dir/C_/Development/sdk/pico/pico-sdk/src/rp2_common/cmsis/stub/CMSIS/Device/RaspberryPi/RP2040/Source/system_RP2040.c.obj
 .init_array    0x200009dc        0x4 CMakeFiles/temp.dir/C_/Development/sdk/netczech/picopad-playground/picopad-sdk/picopad-base/src/vendor/pico-onewire/source/one_wire.cpp.obj
 .init_array    0x200009e0        0x4 c:/development/arm-none-eabi/bin/../lib/gcc/arm-none-eabi/12.2.1/thumb/v6-m/nofp\libstdc++.a(eh_alloc.o)
 .init_array    0x200009e4        0x4 c:/development/arm-none-eabi/bin/../lib/gcc/arm-none-eabi/12.2.1/thumb/v6-m/nofp\libstdc++.a(eh_globals.o)
                0x200009e8                        PROVIDE (__init_array_end = .)
                0x200009e8                        . = ALIGN (0x4)
                0x200009e8                        PROVIDE (__fini_array_start = .)
 *(SORT_BY_NAME(.fini_array.*))
 *(.fini_array)
                0x200009e8                        PROVIDE (__fini_array_end = .)
 *(.jcr)
                0x200009e8                        . = ALIGN (0x4)
                0x200009e8                        __data_end__ = .

.tm_clone_table
                0x200009e8        0x0 load address 0x1003e030
 .tm_clone_table
                0x200009e8        0x0 c:/development/arm-none-eabi/bin/../lib/gcc/arm-none-eabi/12.2.1/thumb/v6-m/nofp/crtbegin.o
 .tm_clone_table
                0x200009e8        0x0 c:/development/arm-none-eabi/bin/../lib/gcc/arm-none-eabi/12.2.1/thumb/v6-m/nofp/crtend.o

.igot.plt       0x200009e8        0x0 load address 0x1003e030
 .igot.plt      0x200009e8        0x0 c:/development/arm-none-eabi/bin/../lib/gcc/arm-none-eabi/12.2.1/thumb/v6-m/nofp/crtbegin.o

.uninitialized_data
                0x200009e8       0x20 load address 0x1003e030
                0x200009e8                        . = ALIGN (0x4)