Archive member included to satisfy reference by file (symbol)

c:/development/arm-none-eabi/bin/../lib/gcc/arm-none-eabi/12.2.1/thumb/v6-m/nofp\libgcc.a(_thumb1_case_uqi.o)
                              CMakeFiles/light.dir/C_/Development/sdk/picopad-playground/picopad-sdk/picopad-base/src/common/libs/lib_color.c.obj (__gnu_thumb1_case_uqi)
c:/development/arm-none-eabi/bin/../lib/gcc/arm-none-eabi/12.2.1/thumb/v6-m/nofp\libgcc.a(_thumb1_case_shi.o)
                              CMakeFiles/light.dir/C_/Development/sdk/pico/pico-sdk/src/rp2_common/pico_printf/printf.c.obj (__gnu_thumb1_case_shi)
c:/development/arm-none-eabi/bin/../lib/gcc/arm-none-eabi/12.2.1/thumb/v6-m/nofp\libgcc.a(_thumb1_case_uhi.o)
                              CMakeFiles/light.dir/C_/Development/sdk/picopad-playground/picopad-sdk/picopad-base/src/common/libs/lib_drawtft.c.obj (__gnu_thumb1_case_uhi)
c:/development/arm-none-eabi/bin/../lib/gcc/arm-none-eabi/12.2.1/thumb/v6-m/nofp\libgcc.a(_dvmd_tls.o)
                              CMakeFiles/light.dir/C_/Development/sdk/pico/pico-sdk/src/rp2_common/pico_divider/divider.S.obj (__aeabi_idiv0)
c:/development/arm-none-eabi/bin/../lib/gcc/arm-none-eabi/12.2.1/thumb/v6-m/nofp\libgcc.a(_lshrdi3.o)
                              CMakeFiles/light.dir/C_/Development/sdk/pico/pico-sdk/src/rp2_common/pico_double/double_math.c.obj (__aeabi_llsr)
c:/development/arm-none-eabi/bin/../lib/gcc/arm-none-eabi/12.2.1/thumb/v6-m/nofp\libgcc.a(_ashrdi3.o)
                              CMakeFiles/light.dir/C_/Development/sdk/picopad-playground/picopad-sdk/picopad-base/src/common/libs/lib_rand.c.obj (__aeabi_lasr)
c:/development/arm-none-eabi/bin/../lib/gcc/arm-none-eabi/12.2.1/thumb/v6-m/nofp\libgcc.a(_ashldi3.o)
                              CMakeFiles/light.dir/C_/Development/sdk/pico/pico-sdk/src/rp2_common/pico_double/double_math.c.obj (__aeabi_llsl)
c:/development/arm-none-eabi/bin/../lib/gcc/arm-none-eabi/12.2.1/thumb/v6-m/nofp\libc.a(libc_a-calloc.o)
                              CMakeFiles/light.dir/C_/Development/sdk/pico/pico-sdk/src/rp2_common/pico_malloc/pico_malloc.c.obj (calloc)
c:/development/arm-none-eabi/bin/../lib/gcc/arm-none-eabi/12.2.1/thumb/v6-m/nofp\libc.a(libc_a-callocr.o)
                              c:/development/arm-none-eabi/bin/../lib/gcc/arm-none-eabi/12.2.1/thumb/v6-m/nofp\libc.a(libc_a-calloc.o) (_calloc_r)
c:/development/arm-none-eabi/bin/../lib/gcc/arm-none-eabi/12.2.1/thumb/v6-m/nofp\libc.a(libc_a-malloc.o)
                              CMakeFiles/light.dir/C_/Development/sdk/pico/pico-sdk/src/rp2_common/pico_malloc/pico_malloc.c.obj (malloc)
c:/development/arm-none-eabi/bin/../lib/gcc/arm-none-eabi/12.2.1/thumb/v6-m/nofp\libc.a(libc_a-mallocr.o)
                              c:/development/arm-none-eabi/bin/../lib/gcc/arm-none-eabi/12.2.1/thumb/v6-m/nofp\libc.a(libc_a-callocr.o) (_malloc_r)
c:/development/arm-none-eabi/bin/../lib/gcc/arm-none-eabi/12.2.1/thumb/v6-m/nofp\libc.a(libc_a-mlock.o)
                              c:/development/arm-none-eabi/bin/../lib/gcc/arm-none-eabi/12.2.1/thumb/v6-m/nofp\libc.a(libc_a-mallocr.o) (__malloc_lock)
c:/development/arm-none-eabi/bin/../lib/gcc/arm-none-eabi/12.2.1/thumb/v6-m/nofp\libc.a(libc_a-mstats.o)
                              CMakeFiles/light.dir/C_/Development/sdk/picopad-playground/picopad-sdk/picopad-base/src/common/machine/picopad_pico_info.c.obj (mallinfo)
c:/development/arm-none-eabi/bin/../lib/gcc/arm-none-eabi/12.2.1/thumb/v6-m/nofp\libc.a(libc_a-realloc.o)
                              CMakeFiles/light.dir/C_/Development/sdk/pico/pico-sdk/src/rp2_common/pico_malloc/pico_malloc.c.obj (realloc)
c:/development/arm-none-eabi/bin/../lib/gcc/arm-none-eabi/12.2.1/thumb/v6-m/nofp\libc.a(libc_a-reallocr.o)
                              c:/development/arm-none-eabi/bin/../lib/gcc/arm-none-eabi/12.2.1/thumb/v6-m/nofp\libc.a(libc_a-realloc.o) (_realloc_r)
c:/development/arm-none-eabi/bin/../lib/gcc/arm-none-eabi/12.2.1/thumb/v6-m/nofp\libc.a(libc_a-malloptr.o)
                              c:/development/arm-none-eabi/bin/../lib/gcc/arm-none-eabi/12.2.1/thumb/v6-m/nofp\libc.a(libc_a-mstats.o) (_mallopt_r)
c:/development/arm-none-eabi/bin/../lib/gcc/arm-none-eabi/12.2.1/thumb/v6-m/nofp\libc.a(libc_a-fiprintf.o)
                              c:/development/arm-none-eabi/bin/../lib/gcc/arm-none-eabi/12.2.1/thumb/v6-m/nofp\libc.a(libc_a-mstats.o) (fiprintf)
c:/development/arm-none-eabi/bin/../lib/gcc/arm-none-eabi/12.2.1/thumb/v6-m/nofp\libc.a(libc_a-vfiprintf.o)
                              c:/development/arm-none-eabi/bin/../lib/gcc/arm-none-eabi/12.2.1/thumb/v6-m/nofp\libc.a(libc_a-fiprintf.o) (_vfiprintf_r)
c:/development/arm-none-eabi/bin/../lib/gcc/arm-none-eabi/12.2.1/thumb/v6-m/nofp\libc.a(libc_a-fflush.o)
                              c:/development/arm-none-eabi/bin/../lib/gcc/arm-none-eabi/12.2.1/thumb/v6-m/nofp\libc.a(libc_a-vfiprintf.o) (_fflush_r)
[...]
Memory Configuration

Name             Origin             Length             Attributes
FLASH            0x10031000         0x001cf000         xr
RAM              0x20000000         0x00040000         xrw
SCRATCH_X        0x20040000         0x00001000         xrw
BOOTRAM          0x20041000         0x00000020         xrw
CONFIGRAM        0x20041020         0x00000020         xrw
SCRATCH_Y        0x20041040         0x00000fc0         xrw
*default*        0x00000000         0xffffffff

Linker script and memory map

LOAD c:/development/arm-none-eabi/bin/../lib/gcc/arm-none-eabi/12.2.1/thumb/v6-m/nofp/crti.o
LOAD c:/development/arm-none-eabi/bin/../lib/gcc/arm-none-eabi/12.2.1/thumb/v6-m/nofp/crtbegin.o
LOAD c:/development/arm-none-eabi/bin/../lib/gcc/arm-none-eabi/12.2.1/thumb/v6-m/nofp/crt0.o

.flash_begin    0x10031000        0x0
                0x10031000                        __flash_binary_start = .

.text           0x10031000     0x6a50
                0x10031000                        __logical_binary_start = .
 *(.vectors)
 .vectors       0x10031000       0xd4 CMakeFiles/light.dir/C_/Development/sdk/pico/pico-sdk/src/rp2_common/pico_standard_link/crt0.S.obj
                0x10031000                __vectors
                0x10031000                __VECTOR_TABLE
                0x100310c0                isr_invalid
                0x100310c0                __default_isrs_start
                0x100310c2                NMI_Handler
                0x100310c4                HardFault_Handler
                0x100310c6                SVC_Handler
                0x100310c8                PendSV_Handler
                0x100310ca                SysTick_Handler
                0x100310cc                IO_IRQ_BANK0_Handler
                0x100310cc                PIO0_IRQ_0_Handler
                0x100310cc                USBCTRL_IRQ_Handler
                0x100310cc                SPI1_IRQ_Handler
                0x100310cc                isr_irq27
                0x100310cc                isr_irq31
                0x100310cc                PIO1_IRQ_1_Handler
                0x100310cc                DMA_IRQ_1_Handler
                0x100310cc                __unhandled_user_irq
                0x100310cc                SPI0_IRQ_Handler
                0x100310cc                isr_irq28
                0x100310cc                UART0_IRQ_Handler
                0x100310cc                __default_isrs_end
                0x100310cc                PIO0_IRQ_1_Handler
                0x100310cc                I2C0_IRQ_Handler
                0x100310cc                SIO_IRQ_PROC1_Handler
                0x100310cc                TIMER_IRQ_0_Handler
                0x100310cc                isr_irq30
                0x100310cc                UART1_IRQ_Handler
                0x100310cc                TIMER_IRQ_3_Handler
                0x100310cc                DMA_IRQ_0_Handler
                0x100310cc                RTC_IRQ_Handler
                0x100310cc                TIMER_IRQ_2_Handler
                0x100310cc                CLOCKS_IRQ_Handler
                0x100310cc                PIO1_IRQ_0_Handler
                0x100310cc                I2C1_IRQ_Handler
                0x100310cc                ADC_IRQ_FIFO_Handler
                0x100310cc                IO_IRQ_QSPI_Handler
                0x100310cc                SIO_IRQ_PROC0_Handler
                0x100310cc                TIMER_IRQ_1_Handler
                0x100310cc                XIP_IRQ_Handler
                0x100310cc                isr_irq29
                0x100310cc                isr_irq26
                0x100310cc                PWM_IRQ_WRAP_Handler
                0x100310d2                unhandled_user_irq_num_in_r0
 *(.binary_info_header)
 .binary_info_header
                0x100310d4       0x14 CMakeFiles/light.dir/C_/Development/sdk/pico/pico-sdk/src/rp2_common/pico_standard_link/crt0.S.obj
                0x100310e8                        __binary_info_header_end = .
 *(.reset)
 .reset         0x100310e8       0xa0 CMakeFiles/light.dir/C_/Development/sdk/pico/pico-sdk/src/rp2_common/pico_standard_link/crt0.S.obj
                0x100310e8                _entry_point
 .reset         0x10031188       0x24 CMakeFiles/light.dir/C_/Development/sdk/pico/pico-sdk/src/rp2_common/pico_standard_link/binary_info.c.obj
 *(.init)
 .init          0x100311ac        0x4 c:/development/arm-none-eabi/bin/../lib/gcc/arm-none-eabi/12.2.1/thumb/v6-m/nofp/crti.o
                0x100311ac                _init
 *(EXCLUDE_FILE(*libm.a: *libc.a:*lib_a-mem*.o *libgcc.a:) .text*)
 .text.register_tm_clones
                0x100311b0       0x28 c:/development/arm-none-eabi/bin/../lib/gcc/arm-none-eabi/12.2.1/thumb/v6-m/nofp/crtbegin.o
 .text.frame_dummy
                0x100311d8       0x24 c:/development/arm-none-eabi/bin/../lib/gcc/arm-none-eabi/12.2.1/thumb/v6-m/nofp/crtbegin.o
 .text._Z15displayLuxImagev
                0x100311fc       0x2c CMakeFiles/light.dir/src/main.cpp.obj
                0x100311fc                displayLuxImage()
 .text.startup.main
                0x10031228      0x1b4 CMakeFiles/light.dir/src/main.cpp.obj
                0x10031228                main
 .text.gpio_set_function
                0x100313dc       0x2c CMakeFiles/light.dir/C_/Development/sdk/pico/pico-sdk/src/rp2_common/hardware_gpio/gpio.c.obj
                0x100313dc                gpio_set_function
 .text.gpio_set_pulls
                0x10031408       0x24 CMakeFiles/light.dir/C_/Development/sdk/pico/pico-sdk/src/rp2_common/hardware_gpio/gpio.c.obj
                0x10031408                gpio_set_pulls
 .text.gpio_set_outover
                0x1003142c       0x20 CMakeFiles/light.dir/C_/Development/sdk/pico/pico-sdk/src/rp2_common/hardware_gpio/gpio.c.obj
                0x1003142c                gpio_set_outover
 .text.gpio_set_input_enabled
                0x1003144c       0x1c CMakeFiles/light.dir/C_/Development/sdk/pico/pico-sdk/src/rp2_common/hardware_gpio/gpio.c.obj
                0x1003144c                gpio_set_input_enabled
 .text.gpio_init
                0x10031468       0x16 CMakeFiles/light.dir/C_/Development/sdk/pico/pico-sdk/src/rp2_common/hardware_gpio/gpio.c.obj
                0x10031468                gpio_init
 *fill*         0x1003147e        0x2 
 .text.running_on_fpga
                0x10031480       0x10 CMakeFiles/light.dir/C_/Development/sdk/pico/pico-sdk/src/rp2_common/pico_platform/platform.c.obj
                0x10031480                running_on_fpga
 .text.hw_claim_lock
                0x10031490       0x18 CMakeFiles/light.dir/C_/Development/sdk/pico/pico-sdk/src/rp2_common/hardware_claim/claim.c.obj
                0x10031490                hw_claim_lock
 .text.hw_claim_unlock
                0x100314a8       0x14 CMakeFiles/light.dir/C_/Development/sdk/pico/pico-sdk/src/rp2_common/hardware_claim/claim.c.obj
                0x100314a8                hw_claim_unlock
 .text.hw_is_claimed
                0x100314bc       0x16 CMakeFiles/light.dir/C_/Development/sdk/pico/pico-sdk/src/rp2_common/hardware_claim/claim.c.obj
                0x100314bc                hw_is_claimed
 .text.hw_claim_or_assert
                0x100314d2       0x3a CMakeFiles/light.dir/C_/Development/sdk/pico/pico-sdk/src/rp2_common/hardware_claim/claim.c.obj
                0x100314d2                hw_claim_or_assert
 .text.hw_claim_unused_from_range
                0x1003150c       0x52 CMakeFiles/light.dir/C_/Development/sdk/pico/pico-sdk/src/rp2_common/hardware_claim/claim.c.obj
                0x1003150c                hw_claim_unused_from_range
 .text.hw_claim_clear
                0x1003155e       0x20 CMakeFiles/light.dir/C_/Development/sdk/pico/pico-sdk/src/rp2_common/hardware_claim/claim.c.obj
                0x1003155e                hw_claim_clear
 *fill*         0x1003157e        0x2 
 .text.spin_locks_reset
                0x10031580       0x1c CMakeFiles/light.dir/C_/Development/sdk/pico/pico-sdk/src/rp2_common/hardware_sync/sync.c.obj
                0x10031580                spin_locks_reset
 .text.next_striped_spin_lock_num
                0x1003159c       0x18 CMakeFiles/light.dir/C_/Development/sdk/pico/pico-sdk/src/rp2_common/hardware_sync/sync.c.obj
                0x1003159c                next_striped_spin_lock_num
 .text.spin_lock_unclaim
                0x100315b4       0x24 CMakeFiles/light.dir/C_/Development/sdk/pico/pico-sdk/src/rp2_common/hardware_sync/sync.c.obj
                0x100315b4                spin_lock_unclaim
 .text.set_raw_irq_handler_and_unlock
                0x100315d8       0x28 CMakeFiles/light.dir/C_/Development/sdk/pico/pico-sdk/src/rp2_common/hardware_irq/irq.c.obj
 .text.irq_is_enabled
                0x10031600       0x18 CMakeFiles/light.dir/C_/Development/sdk/pico/pico-sdk/src/rp2_common/hardware_irq/irq.c.obj
                0x10031600                irq_is_enabled
 .text.irq_set_mask_enabled
                0x10031618       0x20 CMakeFiles/light.dir/C_/Development/sdk/pico/pico-sdk/src/rp2_common/hardware_irq/irq.c.obj
                0x10031618                irq_set_mask_enabled
 .text.irq_set_enabled
                0x10031638        0xe CMakeFiles/light.dir/C_/Development/sdk/pico/pico-sdk/src/rp2_common/hardware_irq/irq.c.obj
                0x10031638                irq_set_enabled
 *fill*         0x10031646        0x2 
 .text.irq_get_vtable_handler
                0x10031648       0x10 CMakeFiles/light.dir/C_/Development/sdk/pico/pico-sdk/src/rp2_common/hardware_irq/irq.c.obj
                0x10031648                irq_get_vtable_handler
 .text.irq_set_exclusive_handler
                0x10031658       0x40 CMakeFiles/light.dir/C_/Development/sdk/pico/pico-sdk/src/rp2_common/hardware_irq/irq.c.obj
                0x10031658                irq_set_exclusive_handler
 .text.irq_remove_handler
                0x10031698      0x164 CMakeFiles/light.dir/C_/Development/sdk/pico/pico-sdk/src/rp2_common/hardware_irq/irq.c.obj
                0x10031698                irq_remove_handler
 .text.irq_add_tail_to_free_list
                0x100317fc       0xa0 CMakeFiles/light.dir/C_/Development/sdk/pico/pico-sdk/src/rp2_common/hardware_irq/irq.c.obj
                0x100317fc                irq_add_tail_to_free_list
 .text.irq_init_priorities
                0x1003189c       0x24 CMakeFiles/light.dir/C_/Development/sdk/pico/pico-sdk/src/rp2_common/hardware_irq/irq.c.obj
                0x1003189c                irq_init_priorities
 .text.lock_init
                0x100318c0       0x10 CMakeFiles/light.dir/C_/Development/sdk/pico/pico-sdk/src/common/pico_sync/lock_core.c.obj
                0x100318c0                lock_init
 .text.mutex_init
                0x100318d0       0x1a CMakeFiles/light.dir/C_/Development/sdk/pico/pico-sdk/src/common/pico_sync/mutex.c.obj
                0x100318d0                mutex_init
 .text.recursive_mutex_init
                0x100318ea       0x1a CMakeFiles/light.dir/C_/Development/sdk/pico/pico-sdk/src/common/pico_sync/mutex.c.obj
                0x100318ea                recursive_mutex_init
 .text.time_reached
                0x10031904       0x28 CMakeFiles/light.dir/C_/Development/sdk/pico/pico-sdk/src/common/pico_time/time.c.obj
 .text.timer_pool_entry_comparator
                0x1003192c       0x30 CMakeFiles/light.dir/C_/Development/sdk/pico/pico-sdk/src/common/pico_time/time.c.obj
                0x1003192c                timer_pool_entry_comparator
 .text.alarm_pool_post_alloc_init
                0x1003195c       0x40 CMakeFiles/light.dir/C_/Development/sdk/pico/pico-sdk/src/common/pico_time/time.c.obj
 .text.sleep_until_callback
                0x1003199c       0x30 CMakeFiles/light.dir/C_/Development/sdk/pico/pico-sdk/src/common/pico_time/time.c.obj
 .text.ph_add_child_node.isra.0
                0x100319cc       0x20 CMakeFiles/light.dir/C_/Development/sdk/pico/pico-sdk/src/common/pico_time/time.c.obj
 .text.add_alarm_under_lock
                0x100319ec       0xcc CMakeFiles/light.dir/C_/Development/sdk/pico/pico-sdk/src/common/pico_time/time.c.obj
 .text.alarm_pool_alarm_callback
                0x10031ab8      0x18c CMakeFiles/light.dir/C_/Development/sdk/pico/pico-sdk/src/common/pico_time/time.c.obj
 .text.alarm_pool_init_default
                0x10031c44       0x3c CMakeFiles/light.dir/C_/Development/sdk/pico/pico-sdk/src/common/pico_time/time.c.obj
                0x10031c44                alarm_pool_init_default
 .text.alarm_pool_add_alarm_at
                0x10031c80       0xd4 CMakeFiles/light.dir/C_/Development/sdk/pico/pico-sdk/src/common/pico_time/time.c.obj
                0x10031c80                alarm_pool_add_alarm_at
 .text.alarm_pool_cancel_alarm
                0x10031d54       0x6a CMakeFiles/light.dir/C_/Development/sdk/pico/pico-sdk/src/common/pico_time/time.c.obj
                0x10031d54                alarm_pool_cancel_alarm
 *fill*         0x10031dbe        0x2 
 .text.sleep_until
                0x10031dc0       0x98 CMakeFiles/light.dir/C_/Development/sdk/pico/pico-sdk/src/common/pico_time/time.c.obj
                0x10031dc0                sleep_until
 .text.sleep_us
                0x10031e58       0x28 CMakeFiles/light.dir/C_/Development/sdk/pico/pico-sdk/src/common/pico_time/time.c.obj
                0x10031e58                sleep_us
 .text.sleep_ms
                0x10031e80       0x14 CMakeFiles/light.dir/C_/Development/sdk/pico/pico-sdk/src/common/pico_time/time.c.obj
                0x10031e80                sleep_ms
 .text.best_effort_wfe_or_timeout
                0x10031e94       0x44 CMakeFiles/light.dir/C_/Development/sdk/pico/pico-sdk/src/common/pico_time/time.c.obj
                0x10031e94                best_effort_wfe_or_timeout
 .text.hardware_alarm_irq_handler
                0x10031ed8       0xac CMakeFiles/light.dir/C_/Development/sdk/pico/pico-sdk/src/rp2_common/hardware_timer/timer.c.obj
 .text.hardware_alarm_claim
                0x10031f84       0x18 CMakeFiles/light.dir/C_/Development/sdk/pico/pico-sdk/src/rp2_common/hardware_timer/timer.c.obj
                0x10031f84                hardware_alarm_claim
 .text.time_us_64
                0x10031f9c       0x14 CMakeFiles/light.dir/C_/Development/sdk/pico/pico-sdk/src/rp2_common/hardware_timer/timer.c.obj
                0x10031f9c                time_us_64
 .text.busy_wait_until
                0x10031fb0       0x1c CMakeFiles/light.dir/C_/Development/sdk/pico/pico-sdk/src/rp2_common/hardware_timer/timer.c.obj
                0x10031fb0                busy_wait_until
 .text.hardware_alarm_set_callback
                0x10031fcc       0x9c CMakeFiles/light.dir/C_/Development/sdk/pico/pico-sdk/src/rp2_common/hardware_timer/timer.c.obj
                0x10031fcc                hardware_alarm_set_callback
 .text.hardware_alarm_set_target
                0x10032068       0xc0 CMakeFiles/light.dir/C_/Development/sdk/pico/pico-sdk/src/rp2_common/hardware_timer/timer.c.obj
                0x10032068                hardware_alarm_set_target
 .text.hardware_alarm_cancel
                0x10032128       0x40 CMakeFiles/light.dir/C_/Development/sdk/pico/pico-sdk/src/rp2_common/hardware_timer/timer.c.obj
                0x10032128                hardware_alarm_cancel
 .text.ph_add_child_node.isra.0
                0x10032168       0x20 CMakeFiles/light.dir/C_/Development/sdk/pico/pico-sdk/src/common/pico_util/pheap.c.obj
 .text.ph_merge_nodes
                0x10032188       0x36 CMakeFiles/light.dir/C_/Development/sdk/pico/pico-sdk/src/common/pico_util/pheap.c.obj
 .text.ph_clear
                0x100321be       0x34 CMakeFiles/light.dir/C_/Development/sdk/pico/pico-sdk/src/common/pico_util/pheap.c.obj
                0x100321be                ph_clear
 .text.ph_post_alloc_init
                0x100321f2        0xe CMakeFiles/light.dir/C_/Development/sdk/pico/pico-sdk/src/common/pico_util/pheap.c.obj
                0x100321f2                ph_post_alloc_init
 .text.ph_merge_two_pass
                0x10032200       0x48 CMakeFiles/light.dir/C_/Development/sdk/pico/pico-sdk/src/common/pico_util/pheap.c.obj
                0x10032200                ph_merge_two_pass
 .text.ph_remove_any_head
                0x10032248       0x52 CMakeFiles/light.dir/C_/Development/sdk/pico/pico-sdk/src/common/pico_util/pheap.c.obj
 .text.ph_remove_head
                0x1003229a       0x14 CMakeFiles/light.dir/C_/Development/sdk/pico/pico-sdk/src/common/pico_util/pheap.c.obj
                0x1003229a                ph_remove_head
 .text.ph_remove_and_free_node
                0x100322ae       0x6e CMakeFiles/light.dir/C_/Development/sdk/pico/pico-sdk/src/common/pico_util/pheap.c.obj
                0x100322ae                ph_remove_and_free_node
 .text.clock_configure
                0x1003231c       0xec CMakeFiles/light.dir/C_/Development/sdk/pico/pico-sdk/src/rp2_common/hardware_clocks/clocks.c.obj
                0x1003231c                clock_configure
 .text.clocks_init
                0x10032408       0xf4 CMakeFiles/light.dir/C_/Development/sdk/pico/pico-sdk/src/rp2_common/hardware_clocks/clocks.c.obj
                0x10032408                clocks_init
 .text.clock_get_hz
                0x100324fc        0xc CMakeFiles/light.dir/C_/Development/sdk/pico/pico-sdk/src/rp2_common/hardware_clocks/clocks.c.obj
                0x100324fc                clock_get_hz
 .text.pll_init
                0x10032508       0x9c CMakeFiles/light.dir/C_/Development/sdk/pico/pico-sdk/src/rp2_common/hardware_pll/pll.c.obj
                0x10032508                pll_init
 .text.watchdog_start_tick
                0x100325a4       0x10 CMakeFiles/light.dir/C_/Development/sdk/pico/pico-sdk/src/rp2_common/hardware_watchdog/watchdog.c.obj
                0x100325a4                watchdog_start_tick
 .text.watchdog_update
                0x100325b4       0x14 CMakeFiles/light.dir/C_/Development/sdk/pico/pico-sdk/src/rp2_common/hardware_watchdog/watchdog.c.obj
                0x100325b4                watchdog_update
 .text._watchdog_enable
                0x100325c8       0x64 CMakeFiles/light.dir/C_/Development/sdk/pico/pico-sdk/src/rp2_common/hardware_watchdog/watchdog.c.obj
                0x100325c8                _watchdog_enable
 .text.watchdog_enable
                0x1003262c       0x18 CMakeFiles/light.dir/C_/Development/sdk/pico/pico-sdk/src/rp2_common/hardware_watchdog/watchdog.c.obj
                0x1003262c                watchdog_enable
 .text.xosc_init
                0x10032644       0x28 CMakeFiles/light.dir/C_/Development/sdk/pico/pico-sdk/src/rp2_common/hardware_xosc/xosc.c.obj
                0x10032644                xosc_init
 .text.runtime_init
                0x1003266c       0xcc CMakeFiles/light.dir/C_/Development/sdk/pico/pico-sdk/src/rp2_common/pico_runtime/runtime.c.obj
                0x1003266c                runtime_init
 .text._exit    0x10032738        0x4 CMakeFiles/light.dir/C_/Development/sdk/pico/pico-sdk/src/rp2_common/pico_runtime/runtime.c.obj
                0x10032738                _exit
 .text.exit     0x1003273c        0x6 CMakeFiles/light.dir/C_/Development/sdk/pico/pico-sdk/src/rp2_common/pico_runtime/runtime.c.obj
                0x1003273c                exit
 *fill*         0x10032742        0x2 
 .text.panic    0x10032744       0x30 CMakeFiles/light.dir/C_/Development/sdk/pico/pico-sdk/src/rp2_common/pico_runtime/runtime.c.obj
                0x10032744                panic
 .text.hard_assertion_failure
                0x10032774        0xc CMakeFiles/light.dir/C_/Development/sdk/pico/pico-sdk/src/rp2_common/pico_runtime/runtime.c.obj
                0x10032774                hard_assertion_failure
 .text._out_buffer
                0x10032780        0x8 CMakeFiles/light.dir/C_/Development/sdk/pico/pico-sdk/src/rp2_common/pico_printf/printf.c.obj
 .text._out_null
                0x10032788        0x2 CMakeFiles/light.dir/C_/Development/sdk/pico/pico-sdk/src/rp2_common/pico_printf/printf.c.obj
 .text._out_rev
                0x1003278a       0x7a CMakeFiles/light.dir/C_/Development/sdk/pico/pico-sdk/src/rp2_common/pico_printf/printf.c.obj
 .text._ntoa_format
                0x10032804      0x12c CMakeFiles/light.dir/C_/Development/sdk/pico/pico-sdk/src/rp2_common/pico_printf/printf.c.obj
 .text._ntoa_long
                0x10032930       0x92 CMakeFiles/light.dir/C_/Development/sdk/pico/pico-sdk/src/rp2_common/pico_printf/printf.c.obj
 .text._ntoa_long_long
                0x100329c2       0xb6 CMakeFiles/light.dir/C_/Development/sdk/pico/pico-sdk/src/rp2_common/pico_printf/printf.c.obj
 .text._etoa    0x10032a78      0x3e4 CMakeFiles/light.dir/C_/Development/sdk/pico/pico-sdk/src/rp2_common/pico_printf/printf.c.obj
 .text._ftoa    0x10032e5c      0x31c CMakeFiles/light.dir/C_/Development/sdk/pico/pico-sdk/src/rp2_common/pico_printf/printf.c.obj
 .text._out_char
                0x10033178        0xc CMakeFiles/light.dir/C_/Development/sdk/pico/pico-sdk/src/rp2_common/pico_printf/printf.c.obj
 .text._vsnprintf
                0x10033184      0x590 CMakeFiles/light.dir/C_/Development/sdk/pico/pico-sdk/src/rp2_common/pico_printf/printf.c.obj
 .text.__wrap_snprintf
                0x10033714       0x28 CMakeFiles/light.dir/C_/Development/sdk/pico/pico-sdk/src/rp2_common/pico_printf/printf.c.obj
                0x10033714                __wrap_snprintf
 .text.weak_raw_vprintf
                0x1003373c       0x34 CMakeFiles/light.dir/C_/Development/sdk/pico/pico-sdk/src/rp2_common/pico_printf/printf.c.obj
                0x1003373c                weak_raw_vprintf
 .text          0x10033770       0x10 CMakeFiles/light.dir/C_/Development/sdk/pico/pico-sdk/src/rp2_common/pico_bit_ops/bit_ops_aeabi.S.obj
 .text.rom_func_lookup
                0x10033780       0x10 CMakeFiles/light.dir/C_/Development/sdk/pico/pico-sdk/src/rp2_common/pico_bootrom/bootrom.c.obj
                0x10033780                rom_func_lookup
 .text.rom_data_lookup
                0x10033790       0x10 CMakeFiles/light.dir/C_/Development/sdk/pico/pico-sdk/src/rp2_common/pico_bootrom/bootrom.c.obj
                0x10033790                rom_data_lookup
 .text.rom_funcs_lookup
                0x100337a0       0x26 CMakeFiles/light.dir/C_/Development/sdk/pico/pico-sdk/src/rp2_common/pico_bootrom/bootrom.c.obj
                0x100337a0                rom_funcs_lookup
 *fill*         0x100337c6        0x2 
 .text.__wrap___aeabi_idiv
                0x100337c8       0x50 CMakeFiles/light.dir/C_/Development/sdk/pico/pico-sdk/src/rp2_common/pico_divider/divider.S.obj
                0x100337c8                __wrap___aeabi_idivmod
                0x100337c8                divmod_s32s32
                0x100337c8                div_s32s32
                0x100337c8                __wrap___aeabi_idiv
                0x100337d0                divmod_s32s32_unsafe
                0x100337fc                divmod_s32s32_savestate
 .text.__wrap___aeabi_uidiv
                0x10033818       0x4c CMakeFiles/light.dir/C_/Development/sdk/pico/pico-sdk/src/rp2_common/pico_divider/divider.S.obj
                0x10033818                __wrap___aeabi_uidiv
                0x10033818                __wrap___aeabi_uidivmod
                0x10033818                div_u32u32
                0x10033818                divmod_u32u32
                0x10033820                divmod_u32u32_unsafe
                0x10033848                divmod_u32u32_savestate
 .text.__wrap___aeabi_ldiv
                0x10033864      0x424 CMakeFiles/light.dir/C_/Development/sdk/pico/pico-sdk/src/rp2_common/pico_divider/divider.S.obj
                0x10033864                div_s64s64
                0x10033864                divmod_s64s64
                0x10033864                __wrap___aeabi_ldivmod
                0x10033894                divmod_u64u64
                0x10033894                div_u64u64
                0x10033894                __wrap___aeabi_uldivmod
                0x100338a4                divmod_u64u64_savestate
                0x100338c4                divmod_s64s64_unsafe
                0x1003394c                divmod_u64u64_unsafe
 .text.__wrap___aeabi_darithmetic
                0x10033c88       0x80 CMakeFiles/light.dir/C_/Development/sdk/pico/pico-sdk/src/rp2_common/pico_double/double_aeabi.S.obj
                0x10033c88                __wrap___aeabi_drsub
                0x10033c8e                __wrap___aeabi_dsub
                0x10033ca0                __wrap___aeabi_dadd
                0x10033cb2                __wrap___aeabi_ddiv
                0x10033cee                __wrap___aeabi_dmul
 .text.__wrap___aeabi_cdcmple
                0x10033d08       0x6c CMakeFiles/light.dir/C_/Development/sdk/pico/pico-sdk/src/rp2_common/pico_double/double_aeabi.S.obj
                0x10033d08                __wrap___aeabi_cdrcmple
                0x10033d18                __wrap___aeabi_cdcmpeq
                0x10033d18                __wrap___aeabi_cdcmple
 .text.__wrap___aeabi_dcmpeq
                0x10033d74       0x10 CMakeFiles/light.dir/C_/Development/sdk/pico/pico-sdk/src/rp2_common/pico_double/double_aeabi.S.obj
                0x10033d74                __wrap___aeabi_dcmpeq
 .text.__wrap___aeabi_dcmplt
                0x10033d84        0xc CMakeFiles/light.dir/C_/Development/sdk/pico/pico-sdk/src/rp2_common/pico_double/double_aeabi.S.obj
                0x10033d84                __wrap___aeabi_dcmplt
 .text.__wrap___aeabi_dcmple
                0x10033d90       0x10 CMakeFiles/light.dir/C_/Development/sdk/pico/pico-sdk/src/rp2_common/pico_double/double_aeabi.S.obj
                0x10033d90                __wrap___aeabi_dcmple
 .text.__wrap___aeabi_dcmpge
                0x10033da0       0x10 CMakeFiles/light.dir/C_/Development/sdk/pico/pico-sdk/src/rp2_common/pico_double/double_aeabi.S.obj
                0x10033da0                __wrap___aeabi_dcmpge
 .text.__wrap___aeabi_dcmpgt
                0x10033db0        0xa CMakeFiles/light.dir/C_/Development/sdk/pico/pico-sdk/src/rp2_common/pico_double/double_aeabi.S.obj
                0x10033db0                __wrap___aeabi_dcmpgt
 .text.__wrap___aeabi_dcmpun
                0x10033dba       0x1c CMakeFiles/light.dir/C_/Development/sdk/pico/pico-sdk/src/rp2_common/pico_double/double_aeabi.S.obj
                0x10033dba                __wrap___aeabi_dcmpun
 *fill*         0x10033dd6        0x2 
 .text.__wrap___aeabi_i2d
                0x10033dd8       0x38 CMakeFiles/light.dir/C_/Development/sdk/pico/pico-sdk/src/rp2_common/pico_double/double_aeabi.S.obj
                0x10033dd8                __wrap___aeabi_ui2d
                0x10033de0                __wrap___aeabi_i2d
 .text.__wrap___aeabi_d2iz
                0x10033e10       0x48 CMakeFiles/light.dir/C_/Development/sdk/pico/pico-sdk/src/rp2_common/pico_double/double_aeabi.S.obj
                0x10033e10                double2int_z
                0x10033e10                __wrap___aeabi_d2iz
 .text.__wrap___aeabi_d2uiz
                0x10033e58       0x18 CMakeFiles/light.dir/C_/Development/sdk/pico/pico-sdk/src/rp2_common/pico_double/double_aeabi.S.obj
                0x10033e58                __wrap___aeabi_d2uiz
                0x10033e58                double2uint
 .text.__wrap___aeabi_d2f
                0x10033e70       0x18 CMakeFiles/light.dir/C_/Development/sdk/pico/pico-sdk/src/rp2_common/pico_double/double_aeabi.S.obj
                0x10033e70                __wrap___aeabi_d2f
 .text.__wrap_exp
                0x10033e88       0x18 CMakeFiles/light.dir/C_/Development/sdk/pico/pico-sdk/src/rp2_common/pico_double/double_aeabi.S.obj
                0x10033e88                __wrap_exp
 .text.__wrap_log
                0x10033ea0       0x18 CMakeFiles/light.dir/C_/Development/sdk/pico/pico-sdk/src/rp2_common/pico_double/double_aeabi.S.obj
                0x10033ea0                __wrap_log
 .text.__aeabi_double_init
                0x10033eb8       0x58 CMakeFiles/light.dir/C_/Development/sdk/pico/pico-sdk/src/rp2_common/pico_double/double_init_rom.c.obj
                0x10033eb8                __aeabi_double_init
 .text.dldexp   0x10033f10       0x4c CMakeFiles/light.dir/C_/Development/sdk/pico/pico-sdk/src/rp2_common/pico_double/double_math.c.obj
 .text.disoddint
                0x10033f5c       0x58 CMakeFiles/light.dir/C_/Development/sdk/pico/pico-sdk/src/rp2_common/pico_double/double_math.c.obj
 .text.dpow_int2
                0x10033fb4       0x2c CMakeFiles/light.dir/C_/Development/sdk/pico/pico-sdk/src/rp2_common/pico_double/double_math.c.obj
 .text.dpow_1   0x10033fe0      0x1bc CMakeFiles/light.dir/C_/Development/sdk/pico/pico-sdk/src/rp2_common/pico_double/double_math.c.obj
 .text.dpow_0   0x1003419c       0xd0 CMakeFiles/light.dir/C_/Development/sdk/pico/pico-sdk/src/rp2_common/pico_double/double_math.c.obj
 .text.__wrap_ldexp
                0x1003426c        0x8 CMakeFiles/light.dir/C_/Development/sdk/pico/pico-sdk/src/rp2_common/pico_double/double_math.c.obj
                0x1003426c                __wrap_ldexp
 .text.__wrap_round
                0x10034274       0x6c CMakeFiles/light.dir/C_/Development/sdk/pico/pico-sdk/src/rp2_common/pico_double/double_math.c.obj
                0x10034274                __wrap_round
 .text.__wrap_exp2
                0x100342e0       0x80 CMakeFiles/light.dir/C_/Development/sdk/pico/pico-sdk/src/rp2_common/pico_double/double_math.c.obj
                0x100342e0                __wrap_exp2
 .text.__wrap_pow
                0x10034360      0x154 CMakeFiles/light.dir/C_/Development/sdk/pico/pico-sdk/src/rp2_common/pico_double/double_math.c.obj
                0x10034360                __wrap_pow
 .text.double_table_shim_on_use_helper
                0x100344b4       0x2c CMakeFiles/light.dir/C_/Development/sdk/pico/pico-sdk/src/rp2_common/pico_double/double_v1_rom_shim.S.obj
                0x100344b4                double_table_shim_on_use_helper
 .text.__wrap___aeabi_dsub
                0x100344e0       0x10 CMakeFiles/light.dir/C_/Development/sdk/pico/pico-sdk/src/rp2_common/pico_double/double_v1_rom_shim.S.obj
                0x100344e0                drsub_shim
                0x100344e6                dsub_shim
 .text.dadd_shim
                0x100344f0      0x15c CMakeFiles/light.dir/C_/Development/sdk/pico/pico-sdk/src/rp2_common/pico_double/double_v1_rom_shim.S.obj
                0x100344f0                dadd_shim
 .text.dmul_shim
                0x1003464c      0x15c CMakeFiles/light.dir/C_/Development/sdk/pico/pico-sdk/src/rp2_common/pico_double/double_v1_rom_shim.S.obj
                0x1003464c                dmul_shim
 .text.ddiv_shim
                0x100347a8      0x1b0 CMakeFiles/light.dir/C_/Development/sdk/pico/pico-sdk/src/rp2_common/pico_double/double_v1_rom_shim.S.obj
                0x100347a8                ddiv_shim
 .text.double2uint_shim
                0x10034958        0xe CMakeFiles/light.dir/C_/Development/sdk/pico/pico-sdk/src/rp2_common/pico_double/double_v1_rom_shim.S.obj
                0x10034958                double2uint_shim
                0x1003495a                double2ufix_shim
 *fill*         0x10034966        0x2 
 .text.double2uint64_shim
                0x10034968       0x70 CMakeFiles/light.dir/C_/Development/sdk/pico/pico-sdk/src/rp2_common/pico_double/double_v1_rom_shim.S.obj
                0x10034968                double2uint64_shim
                0x1003496a                double2ufix64_shim
                0x1003498a                d2fix_a
 .text.double2float_shim
                0x100349d8       0x5c CMakeFiles/light.dir/C_/Development/sdk/pico/pico-sdk/src/rp2_common/pico_double/double_v1_rom_shim.S.obj
                0x100349d8                double2float_shim
 .text.x2double_shims
                0x10034a34       0x90 CMakeFiles/light.dir/C_/Development/sdk/pico/pico-sdk/src/rp2_common/pico_double/double_v1_rom_shim.S.obj
                0x10034a34                uint2double_shim
                0x10034a36                ufix2double_shim
                0x10034a3c                int2double_shim
                0x10034a3e                fix2double_shim
                0x10034a44                uint642double_shim
                0x10034a46                ufix642double_shim
                0x10034a4c                int642double_shim
                0x10034a4e                fix642double_shim
 .text.dunpacks
                0x10034ac4       0x3c CMakeFiles/light.dir/C_/Development/sdk/pico/pico-sdk/src/rp2_common/pico_double/double_v1_rom_shim.S.obj
                0x10034ac4                dunpacks
 .text.dreduce  0x10034b00       0x82 CMakeFiles/light.dir/C_/Development/sdk/pico/pico-sdk/src/rp2_common/pico_double/double_v1_rom_shim.S.obj
                0x10034b00                dreduce
 *fill*         0x10034b82        0x2 
 .text.dexp_guts
                0x10034b84      0x268 CMakeFiles/light.dir/C_/Development/sdk/pico/pico-sdk/src/rp2_common/pico_double/double_v1_rom_shim.S.obj
                0x10034b84                dexp_shim
                0x10034c20                dln_shim
 .text.__aeabi_lmul
                0x10034dec       0x32 CMakeFiles/light.dir/C_/Development/sdk/pico/pico-sdk/src/rp2_common/pico_int64_ops/pico_int64_ops_aeabi.S.obj
                0x10034dec                __wrap___aeabi_lmul
 *fill*         0x10034e1e        0x2 
 .text.__wrap___aeabi_farithmetic
                0x10034e20       0x48 CMakeFiles/light.dir/C_/Development/sdk/pico/pico-sdk/src/rp2_common/pico_float/float_aeabi.S.obj
                0x10034e20                __wrap___aeabi_frsub
                0x10034e26                __wrap___aeabi_fsub
                0x10034e2c                __wrap___aeabi_fadd
                0x10034e32                __wrap___aeabi_fdiv
                0x10034e5a                __wrap___aeabi_fmul
 .text.__wrap___aeabi_ui2f
                0x10034e68        0xa CMakeFiles/light.dir/C_/Development/sdk/pico/pico-sdk/src/rp2_common/pico_float/float_aeabi.S.obj
                0x10034e68                __wrap___aeabi_ui2f
 *fill*         0x10034e72        0x2 
 .text.__wrap___aeabi_i2f
                0x10034e74       0x44 CMakeFiles/light.dir/C_/Development/sdk/pico/pico-sdk/src/rp2_common/pico_float/float_aeabi.S.obj
                0x10034e74                __wrap___aeabi_i2f
 .text.__wrap___aeabi_f2d
                0x10034eb8       0x14 CMakeFiles/light.dir/C_/Development/sdk/pico/pico-sdk/src/rp2_common/pico_float/float_aeabi.S.obj
                0x10034eb8                __wrap___aeabi_f2d
 .text.__aeabi_float_init
                0x10034ecc       0x5c CMakeFiles/light.dir/C_/Development/sdk/pico/pico-sdk/src/rp2_common/pico_float/float_init_rom.c.obj
                0x10034ecc                __aeabi_float_init
 .text.float_table_shim_on_use_helper
                0x10034f28       0x2c CMakeFiles/light.dir/C_/Development/sdk/pico/pico-sdk/src/rp2_common/pico_float/float_v1_rom_shim.S.obj
                0x10034f28                float_table_shim_on_use_helper
 .text.float2double_shim
                0x10034f54       0x30 CMakeFiles/light.dir/C_/Development/sdk/pico/pico-sdk/src/rp2_common/pico_float/float_v1_rom_shim.S.obj
                0x10034f54                float2double_shim
 .text          0x10034f84       0x10 CMakeFiles/light.dir/C_/Development/sdk/pico/pico-sdk/src/rp2_common/pico_mem_ops/mem_ops_aeabi.S.obj
                0x10034f84                __aeabi_mem_init
 .text.memset   0x10034f94        0xc CMakeFiles/light.dir/C_/Development/sdk/pico/pico-sdk/src/rp2_common/pico_mem_ops/mem_ops_aeabi.S.obj
                0x10034f94                __wrap_memset
 .text.memcpy   0x10034fa0        0xc CMakeFiles/light.dir/C_/Development/sdk/pico/pico-sdk/src/rp2_common/pico_mem_ops/mem_ops_aeabi.S.obj
                0x10034fa0                __wrap_memcpy
                0x10034fa0                __wrap___aeabi_memcpy
 .text.stdio_out_chars_no_crlf
                0x10034fac        0xe CMakeFiles/light.dir/C_/Development/sdk/pico/pico-sdk/src/rp2_common/pico_stdio/stdio.c.obj
 *fill*         0x10034fba        0x2 
 .text.stdio_out_chars_crlf
                0x10034fbc       0x80 CMakeFiles/light.dir/C_/Development/sdk/pico/pico-sdk/src/rp2_common/pico_stdio/stdio.c.obj
 .text.stdout_serialize_begin
                0x1003503c       0x30 CMakeFiles/light.dir/C_/Development/sdk/pico/pico-sdk/src/rp2_common/pico_stdio/stdio.c.obj
                0x1003503c                stdout_serialize_begin
 .text.stdout_serialize_end
                0x1003506c       0x10 CMakeFiles/light.dir/C_/Development/sdk/pico/pico-sdk/src/rp2_common/pico_stdio/stdio.c.obj
                0x1003506c                stdout_serialize_end
 .text.stdio_put_string.isra.0
                0x1003507c       0x80 CMakeFiles/light.dir/C_/Development/sdk/pico/pico-sdk/src/rp2_common/pico_stdio/stdio.c.obj
 .text.__wrap_putchar
                0x100350fc       0x18 CMakeFiles/light.dir/C_/Development/sdk/pico/pico-sdk/src/rp2_common/pico_stdio/stdio.c.obj
                0x100350fc                __wrap_putchar
 .text.stdio_flush
                0x10035114       0x1c CMakeFiles/light.dir/C_/Development/sdk/pico/pico-sdk/src/rp2_common/pico_stdio/stdio.c.obj
                0x10035114                stdio_flush
 .text.__wrap_puts
                0x10035130       0x1e CMakeFiles/light.dir/C_/Development/sdk/pico/pico-sdk/src/rp2_common/pico_stdio/stdio.c.obj
                0x10035130                __wrap_puts
 *fill*         0x1003514e        0x2 
 .text.splitmix64
                0x10035150       0x58 CMakeFiles/light.dir/C_/Development/sdk/pico/pico-sdk/src/rp2_common/pico_rand/rand.c.obj
 .text.xoroshiro128ss
                0x100351a8       0x84 CMakeFiles/light.dir/C_/Development/sdk/pico/pico-sdk/src/rp2_common/pico_rand/rand.c.obj
 .text.capture_additional_rosc_samples
                0x1003522c      0x120 CMakeFiles/light.dir/C_/Development/sdk/pico/pico-sdk/src/rp2_common/pico_rand/rand.c.obj
 .text.get_rand_64
                0x1003534c      0x1ec CMakeFiles/light.dir/C_/Development/sdk/pico/pico-sdk/src/rp2_common/pico_rand/rand.c.obj
                0x1003534c                get_rand_64
 .text.get_rand_32
                0x10035538        0x8 CMakeFiles/light.dir/C_/Development/sdk/pico/pico-sdk/src/rp2_common/pico_rand/rand.c.obj
                0x10035538                get_rand_32
 .text.startup._retrieve_unique_id_on_boot
                0x10035540       0x10 CMakeFiles/light.dir/C_/Development/sdk/pico/pico-sdk/src/rp2_common/pico_unique_id/unique_id.c.obj
 .text.pico_get_unique_board_id
                0x10035550       0x10 CMakeFiles/light.dir/C_/Development/sdk/pico/pico-sdk/src/rp2_common/pico_unique_id/unique_id.c.obj
                0x10035550                pico_get_unique_board_id
 .text.flash_get_unique_id
                0x10035560       0x42 CMakeFiles/light.dir/C_/Development/sdk/pico/pico-sdk/src/rp2_common/hardware_flash/flash.c.obj
                0x10035560                flash_get_unique_id
 .text.spi_set_baudrate
                0x100355a2       0xb6 CMakeFiles/light.dir/C_/Development/sdk/pico/pico-sdk/src/rp2_common/hardware_spi/spi.c.obj
                0x100355a2                spi_set_baudrate
 .text.spi_init
                0x10035658       0x78 CMakeFiles/light.dir/C_/Development/sdk/pico/pico-sdk/src/rp2_common/hardware_spi/spi.c.obj
                0x10035658                spi_init
 .text.dma_channel_unclaim
                0x100356d0       0x14 CMakeFiles/light.dir/C_/Development/sdk/pico/pico-sdk/src/rp2_common/hardware_dma/dma.c.obj
                0x100356d0                dma_channel_unclaim
 .text.dma_claim_unused_channel
                0x100356e4       0x20 CMakeFiles/light.dir/C_/Development/sdk/pico/pico-sdk/src/rp2_common/hardware_dma/dma.c.obj
                0x100356e4                dma_claim_unused_channel
 .text.Crc32ADMA
                0x10035704       0xb8 CMakeFiles/light.dir/C_/Development/sdk/picopad-playground/picopad-sdk/picopad-base/src/common/libs/lib_crc.c.obj
                0x10035704                Crc32ADMA
 .text.DrawClear
                0x100357bc       0x20 CMakeFiles/light.dir/C_/Development/sdk/picopad-playground/picopad-sdk/picopad-base/src/common/libs/lib_drawtft.c.obj
                0x100357bc                DrawClear
 .text.DrawPoint
                0x100357dc       0x30 CMakeFiles/light.dir/C_/Development/sdk/picopad-playground/picopad-sdk/picopad-base/src/common/libs/lib_drawtft.c.obj
                0x100357dc                DrawPoint
 .text.DrawText
                0x1003580c       0x88 CMakeFiles/light.dir/C_/Development/sdk/picopad-playground/picopad-sdk/picopad-base/src/common/libs/lib_drawtft.c.obj
                0x1003580c                DrawText
 .text.DrawText2
                0x10035894       0xbc CMakeFiles/light.dir/C_/Development/sdk/picopad-playground/picopad-sdk/picopad-base/src/common/libs/lib_drawtft.c.obj
                0x10035894                DrawText2
 .text.DrawImgRle
                0x10035950       0xa4 CMakeFiles/light.dir/C_/Development/sdk/picopad-playground/picopad-sdk/picopad-base/src/common/libs/lib_drawtft.c.obj
                0x10035950                DrawImgRle
 .text.Disk_ClustValid
                0x100359f4       0x18 CMakeFiles/light.dir/C_/Development/sdk/picopad-playground/picopad-sdk/picopad-base/src/common/libs/lib_fat.c.obj
                0x100359f4                Disk_ClustValid
 .text.Disk_CompFATName
                0x10035a0c       0x28 CMakeFiles/light.dir/C_/Development/sdk/picopad-playground/picopad-sdk/picopad-base/src/common/libs/lib_fat.c.obj
                0x10035a0c                Disk_CompFATName
 .text.Disk_FlushBuf
                0x10035a34       0x68 CMakeFiles/light.dir/C_/Development/sdk/picopad-playground/picopad-sdk/picopad-base/src/common/libs/lib_fat.c.obj
                0x10035a34                Disk_FlushBuf
 .text.Disk_SyncFS
                0x10035a9c       0x90 CMakeFiles/light.dir/C_/Development/sdk/picopad-playground/picopad-sdk/picopad-base/src/common/libs/lib_fat.c.obj
                0x10035a9c                Disk_SyncFS
 .text.Disk_MoveBuf
                0x10035b2c       0x3c CMakeFiles/light.dir/C_/Development/sdk/picopad-playground/picopad-sdk/picopad-base/src/common/libs/lib_fat.c.obj
                0x10035b2c                Disk_MoveBuf
 .text.Disk_ClustSect
                0x10035b68       0x24 CMakeFiles/light.dir/C_/Development/sdk/picopad-playground/picopad-sdk/picopad-base/src/common/libs/lib_fat.c.obj
                0x10035b68                Disk_ClustSect
 .text.Disk_ReadFat
                0x10035b8c       0xb8 CMakeFiles/light.dir/C_/Development/sdk/picopad-playground/picopad-sdk/picopad-base/src/common/libs/lib_fat.c.obj
                0x10035b8c                Disk_ReadFat
 .text.Disk_WriteFat
                0x10035c44       0xfc CMakeFiles/light.dir/C_/Development/sdk/picopad-playground/picopad-sdk/picopad-base/src/common/libs/lib_fat.c.obj
                0x10035c44                Disk_WriteFat
 .text.Disk_CreateFat
                0x10035d40      0x124 CMakeFiles/light.dir/C_/Development/sdk/picopad-playground/picopad-sdk/picopad-base/src/common/libs/lib_fat.c.obj
                0x10035d40                Disk_CreateFat
 .text.Disk_DirClear
                0x10035e64       0x58 CMakeFiles/light.dir/C_/Development/sdk/picopad-playground/picopad-sdk/picopad-base/src/common/libs/lib_fat.c.obj
                0x10035e64                Disk_DirClear
 .text.Disk_DirInx
                0x10035ebc       0x90 CMakeFiles/light.dir/C_/Development/sdk/picopad-playground/picopad-sdk/picopad-base/src/common/libs/lib_fat.c.obj
                0x10035ebc                Disk_DirInx
 .text.Disk_DirNext
                0x10035f4c       0x94 CMakeFiles/light.dir/C_/Development/sdk/picopad-playground/picopad-sdk/picopad-base/src/common/libs/lib_fat.c.obj
                0x10035f4c                Disk_DirNext
 .text.Disk_LoadStartClust
                0x10035fe0       0x24 CMakeFiles/light.dir/C_/Development/sdk/picopad-playground/picopad-sdk/picopad-base/src/common/libs/lib_fat.c.obj
                0x10035fe0                Disk_LoadStartClust
 .text.Disk_SaveStartClust
                0x10036004       0x20 CMakeFiles/light.dir/C_/Development/sdk/picopad-playground/picopad-sdk/picopad-base/src/common/libs/lib_fat.c.obj
                0x10036004                Disk_SaveStartClust
 .text.Disk_DirFind
                0x10036024       0x5a CMakeFiles/light.dir/C_/Development/sdk/picopad-playground/picopad-sdk/picopad-base/src/common/libs/lib_fat.c.obj
                0x10036024                Disk_DirFind
 *fill*         0x1003607e        0x2 
 .text.Disk_CheckChar
                0x10036080       0x4c CMakeFiles/light.dir/C_/Development/sdk/picopad-playground/picopad-sdk/picopad-base/src/common/libs/lib_fat.c.obj
                0x10036080                Disk_CheckChar
 .text.Disk_ExtractName
                0x100360cc       0xa2 CMakeFiles/light.dir/C_/Development/sdk/picopad-playground/picopad-sdk/picopad-base/src/common/libs/lib_fat.c.obj
                0x100360cc                Disk_ExtractName
 *fill*         0x1003616e        0x2 
 .text.Disk_FollowPath
                0x10036170       0xc0 CMakeFiles/light.dir/C_/Development/sdk/picopad-playground/picopad-sdk/picopad-base/src/common/libs/lib_fat.c.obj
                0x10036170                Disk_FollowPath
 .text.Disk_CheckFS
                0x10036230       0xd4 CMakeFiles/light.dir/C_/Development/sdk/picopad-playground/picopad-sdk/picopad-base/src/common/libs/lib_fat.c.obj
                0x10036230                Disk_CheckFS
 .text.DiskUnmount
                0x10036304       0xb4 CMakeFiles/light.dir/C_/Development/sdk/picopad-playground/picopad-sdk/picopad-base/src/common/libs/lib_fat.c.obj
                0x10036304                DiskUnmount
 .text.DiskMount
                0x100363b8      0x220 CMakeFiles/light.dir/C_/Development/sdk/picopad-playground/picopad-sdk/picopad-base/src/common/libs/lib_fat.c.obj
                0x100363b8                DiskMount
 .text.FileOpen
                0x100365d8       0x64 CMakeFiles/light.dir/C_/Development/sdk/picopad-playground/picopad-sdk/picopad-base/src/common/libs/lib_fat.c.obj
                0x100365d8                FileOpen
 .text.FileRead
                0x1003663c       0xe8 CMakeFiles/light.dir/C_/Development/sdk/picopad-playground/picopad-sdk/picopad-base/src/common/libs/lib_fat.c.obj
                0x1003663c                FileRead
 .text.FileWrite
                0x10036724      0x110 CMakeFiles/light.dir/C_/Development/sdk/picopad-playground/picopad-sdk/picopad-base/src/common/libs/lib_fat.c.obj
                0x10036724                FileWrite
 .text.FileFlush
                0x10036834       0x84 CMakeFiles/light.dir/C_/Development/sdk/picopad-playground/picopad-sdk/picopad-base/src/common/libs/lib_fat.c.obj
                0x10036834                FileFlush
 .text.FileClose
                0x100368b8       0x20 CMakeFiles/light.dir/C_/Development/sdk/picopad-playground/picopad-sdk/picopad-base/src/common/libs/lib_fat.c.obj
                0x100368b8                FileClose
 .text.SDByte   0x100368d8       0x28 CMakeFiles/light.dir/C_/Development/sdk/picopad-playground/picopad-sdk/picopad-base/src/common/libs/lib_sd.c.obj
                0x100368d8                SDByte
 .text.SDUnsel  0x10036900       0x20 CMakeFiles/light.dir/C_/Development/sdk/picopad-playground/picopad-sdk/picopad-base/src/common/libs/lib_sd.c.obj
 .text.SDSendCmd
                0x10036920       0x7a CMakeFiles/light.dir/C_/Development/sdk/picopad-playground/picopad-sdk/picopad-base/src/common/libs/lib_sd.c.obj
                0x10036920                SDSendCmd
 *fill*         0x1003699a        0x2 
 .text.SDConnect
                0x1003699c      0x140 CMakeFiles/light.dir/C_/Development/sdk/picopad-playground/picopad-sdk/picopad-base/src/common/libs/lib_sd.c.obj
                0x1003699c                SDConnect
 .text.SDReadBlock
                0x10036adc       0x44 CMakeFiles/light.dir/C_/Development/sdk/picopad-playground/picopad-sdk/picopad-base/src/common/libs/lib_sd.c.obj
                0x10036adc                SDReadBlock
 .text.SDOpen   0x10036b20       0x38 CMakeFiles/light.dir/C_/Development/sdk/picopad-playground/picopad-sdk/picopad-base/src/common/libs/lib_sd.c.obj
                0x10036b20                SDOpen
 .text.SDClose  0x10036b58       0x20 CMakeFiles/light.dir/C_/Development/sdk/picopad-playground/picopad-sdk/picopad-base/src/common/libs/lib_sd.c.obj
                0x10036b58                SDClose
 .text.SDReadSect
                0x10036b78       0x48 CMakeFiles/light.dir/C_/Development/sdk/picopad-playground/picopad-sdk/picopad-base/src/common/libs/lib_sd.c.obj
                0x10036b78                SDReadSect
 .text.SDWriteSect
                0x10036bc0       0x90 CMakeFiles/light.dir/C_/Development/sdk/picopad-playground/picopad-sdk/picopad-base/src/common/libs/lib_sd.c.obj
                0x10036bc0                SDWriteSect
 .text.SDInit   0x10036c50       0x40 CMakeFiles/light.dir/C_/Development/sdk/picopad-playground/picopad-sdk/picopad-base/src/common/libs/lib_sd.c.obj
                0x10036c50                SDInit
 .text.NumListInit
                0x10036c90        0xa CMakeFiles/light.dir/C_/Development/sdk/picopad-playground/picopad-sdk/picopad-base/src/common/libs/lib_list.c.obj
                0x10036c90                NumListInit
 .text.NumListAddFirst
                0x10036c9a       0x12 CMakeFiles/light.dir/C_/Development/sdk/picopad-playground/picopad-sdk/picopad-base/src/common/libs/lib_list.c.obj
                0x10036c9a                NumListAddFirst
 .text.PWMSndIrq
                0x10036cac       0xcc CMakeFiles/light.dir/C_/Development/sdk/picopad-playground/picopad-sdk/picopad-base/src/common/libs/lib_pwmsnd.c.obj
                0x10036cac                PWMSndIrq
 .text.linear_to_logarithmic
                0x10036d78       0x3c CMakeFiles/light.dir/C_/Development/sdk/picopad-playground/picopad-sdk/picopad-base/src/common/libs/lib_pwmsnd.c.obj
                0x10036d78                linear_to_logarithmic
 .text.set_volume
                0x10036db4       0x34 CMakeFiles/light.dir/C_/Development/sdk/picopad-playground/picopad-sdk/picopad-base/src/common/libs/lib_pwmsnd.c.obj
                0x10036db4                set_volume
 .text.PWMSndInit
                0x10036de8       0xac CMakeFiles/light.dir/C_/Development/sdk/picopad-playground/picopad-sdk/picopad-base/src/common/libs/lib_pwmsnd.c.obj
                0x10036de8                PWMSndInit
 .text.RandShift
                0x10036e94       0x40 CMakeFiles/light.dir/C_/Development/sdk/picopad-playground/picopad-sdk/picopad-base/src/common/libs/lib_rand.c.obj
                0x10036e94                RandShift
 .text.RandInit
                0x10036ed4       0x54 CMakeFiles/light.dir/C_/Development/sdk/picopad-playground/picopad-sdk/picopad-base/src/common/libs/lib_rand.c.obj
                0x10036ed4                RandInit
 .text.MemInit  0x10036f28       0x70 CMakeFiles/light.dir/C_/Development/sdk/picopad-playground/picopad-sdk/picopad-base/src/common/libs/lib_mem.c.obj
                0x10036f28                MemInit
 .text.DispWriteCmd
                0x10036f98       0x28 CMakeFiles/light.dir/C_/Development/sdk/picopad-playground/picopad-sdk/picopad-base/src/common/st7789/st7789.c.obj
                0x10036f98                DispWriteCmd
 .text.DispWriteData
                0x10036fc0       0x24 CMakeFiles/light.dir/C_/Development/sdk/picopad-playground/picopad-sdk/picopad-base/src/common/st7789/st7789.c.obj
                0x10036fc0                DispWriteData
 .text.DispWriteCmdData
                0x10036fe4       0x40 CMakeFiles/light.dir/C_/Development/sdk/picopad-playground/picopad-sdk/picopad-base/src/common/st7789/st7789.c.obj
                0x10036fe4                DispWriteCmdData
 .text.DispHardReset
                0x10037024       0x2c CMakeFiles/light.dir/C_/Development/sdk/picopad-playground/picopad-sdk/picopad-base/src/common/st7789/st7789.c.obj
                0x10037024                DispHardReset
 .text.DispSoftReset
                0x10037050       0x10 CMakeFiles/light.dir/C_/Development/sdk/picopad-playground/picopad-sdk/picopad-base/src/common/st7789/st7789.c.obj
                0x10037050                DispSoftReset
 .text.DispSleepDisable
                0x10037060        0xa CMakeFiles/light.dir/C_/Development/sdk/picopad-playground/picopad-sdk/picopad-base/src/common/st7789/st7789.c.obj
                0x10037060                DispSleepDisable
 .text.DispInvEnable
                0x1003706a        0xa CMakeFiles/light.dir/C_/Development/sdk/picopad-playground/picopad-sdk/picopad-base/src/common/st7789/st7789.c.obj
                0x1003706a                DispInvEnable
 .text.DispColorMode
                0x10037074       0x12 CMakeFiles/light.dir/C_/Development/sdk/picopad-playground/picopad-sdk/picopad-base/src/common/st7789/st7789.c.obj
                0x10037074                DispColorMode
 *fill*         0x10037086        0x2 
 .text.DispRotation
                0x10037088       0x40 CMakeFiles/light.dir/C_/Development/sdk/picopad-playground/picopad-sdk/picopad-base/src/common/st7789/st7789.c.obj
                0x10037088                DispRotation
 .text.DispWindow
                0x100370c8       0x38 CMakeFiles/light.dir/C_/Development/sdk/picopad-playground/picopad-sdk/picopad-base/src/common/st7789/st7789.c.obj
                0x100370c8                DispWindow
 .text.DispDirtyAll
                0x10037100       0x34 CMakeFiles/light.dir/C_/Development/sdk/picopad-playground/picopad-sdk/picopad-base/src/common/st7789/st7789.c.obj
                0x10037100                DispDirtyAll
 .text.DispDirtyNone
                0x10037134       0x34 CMakeFiles/light.dir/C_/Development/sdk/picopad-playground/picopad-sdk/picopad-base/src/common/st7789/st7789.c.obj
                0x10037134                DispDirtyNone
 .text.DispDirtyRect
                0x10037168       0x78 CMakeFiles/light.dir/C_/Development/sdk/picopad-playground/picopad-sdk/picopad-base/src/common/st7789/st7789.c.obj
                0x10037168                DispDirtyRect
 .text.DispDirtyPoint
                0x100371e0       0x58 CMakeFiles/light.dir/C_/Development/sdk/picopad-playground/picopad-sdk/picopad-base/src/common/st7789/st7789.c.obj
                0x100371e0                DispDirtyPoint
 .text.DispUpdate
                0x10037238       0x7c CMakeFiles/light.dir/C_/Development/sdk/picopad-playground/picopad-sdk/picopad-base/src/common/st7789/st7789.c.obj
                0x10037238                DispUpdate
 .text.DispUpdateAll
                0x100372b4        0xc CMakeFiles/light.dir/C_/Development/sdk/picopad-playground/picopad-sdk/picopad-base/src/common/st7789/st7789.c.obj
                0x100372b4                DispUpdateAll
 .text.calc_brightness
                0x100372c0       0x10 CMakeFiles/light.dir/C_/Development/sdk/picopad-playground/picopad-sdk/picopad-base/src/common/st7789/st7789.c.obj
                0x100372c0                calc_brightness
 .text.set_brightness
                0x100372d0       0x28 CMakeFiles/light.dir/C_/Development/sdk/picopad-playground/picopad-sdk/picopad-base/src/common/st7789/st7789.c.obj
                0x100372d0                set_brightness
 .text.DispInit
                0x100372f8      0x138 CMakeFiles/light.dir/C_/Development/sdk/picopad-playground/picopad-sdk/picopad-base/src/common/st7789/st7789.c.obj
                0x100372f8                DispInit
 .text.ADC_Init
                0x10037430        0x8 CMakeFiles/light.dir/C_/Development/sdk/picopad-playground/picopad-sdk/picopad-base/src/common/sdk/sdk_adc.c.obj
                0x10037430                ADC_Init
 .text.ADC_Single
                0x10037438       0x20 CMakeFiles/light.dir/C_/Development/sdk/picopad-playground/picopad-sdk/picopad-base/src/common/sdk/sdk_adc.c.obj
                0x10037438                ADC_Single
 .text.ADC_PinInit
                0x10037458       0x1e CMakeFiles/light.dir/C_/Development/sdk/picopad-playground/picopad-sdk/picopad-base/src/common/sdk/sdk_adc.c.obj
                0x10037458                ADC_PinInit
 .text.ResetToBootLoader
                0x10037476        0xc CMakeFiles/light.dir/C_/Development/sdk/picopad-playground/picopad-sdk/picopad-base/src/common/sdk/sdk_watchdog.c.obj
                0x10037476                ResetToBootLoader
 *fill*         0x10037482        0x2 
 .text.load_config_data
                0x10037484       0x60 CMakeFiles/light.dir/C_/Development/sdk/picopad-playground/picopad-sdk/picopad-base/src/common/sdk/sdk_config.c.obj
                0x10037484                load_config_data
 .text.save_config_data
                0x100374e4       0x34 CMakeFiles/light.dir/C_/Development/sdk/picopad-playground/picopad-sdk/picopad-base/src/common/sdk/sdk_config.c.obj
                0x100374e4                save_config_data
 .text.save_config_to_file
                0x10037518       0x80 CMakeFiles/light.dir/C_/Development/sdk/picopad-playground/picopad-sdk/picopad-base/src/common/sdk/sdk_config.c.obj
                0x10037518                save_config_to_file
 .text.save_volume
                0x10037598       0x1c CMakeFiles/light.dir/C_/Development/sdk/picopad-playground/picopad-sdk/picopad-base/src/common/sdk/sdk_config.c.obj
                0x10037598                save_volume
 .text.save_brightness
                0x100375b4       0x1c CMakeFiles/light.dir/C_/Development/sdk/picopad-playground/picopad-sdk/picopad-base/src/common/sdk/sdk_config.c.obj
                0x100375b4                save_brightness
 .text.load_config_from_sd_card
                0x100375d0       0x9c CMakeFiles/light.dir/C_/Development/sdk/picopad-playground/picopad-sdk/picopad-base/src/common/sdk/sdk_config.c.obj
                0x100375d0                load_config_from_sd_card
 .text.adc_init
                0x1003766c       0x34 CMakeFiles/light.dir/C_/Development/sdk/pico/pico-sdk/src/rp2_common/hardware_adc/adc.c.obj
                0x1003766c                adc_init
 .text.SystemCoreClockUpdate
                0x100376a0       0x14 CMakeFiles/light.dir/C_/Development/sdk/pico/pico-sdk/src/rp2_common/cmsis/stub/CMSIS/Device/RaspberryPi/RP2040/Source/system_RP2040.c.obj
                0x100376a0                SystemCoreClockUpdate
 .text.startup.SystemInit
                0x100376b4        0x8 CMakeFiles/light.dir/C_/Development/sdk/pico/pico-sdk/src/rp2_common/cmsis/stub/CMSIS/Device/RaspberryPi/RP2040/Source/system_RP2040.c.obj
                0x100376b4                SystemInit
 .text.BatInit  0x100376bc        0xe CMakeFiles/light.dir/C_/Development/sdk/picopad-playground/picopad-sdk/picopad-base/src/common/machine/picopad_bat.c.obj
                0x100376bc                BatInit
 .text.DeviceInit
                0x100376ca       0x4c CMakeFiles/light.dir/C_/Development/sdk/picopad-playground/picopad-sdk/picopad-base/src/common/machine/picopad_init.c.obj
                0x100376ca                DeviceInit
 *fill*         0x10037716        0x2 
 .text.KeyInit  0x10037718       0x4c CMakeFiles/light.dir/C_/Development/sdk/picopad-playground/picopad-sdk/picopad-base/src/common/machine/picopad_key.c.obj
                0x10037718                KeyInit
 .text.KeyWriteKey
                0x10037764       0x2c CMakeFiles/light.dir/C_/Development/sdk/picopad-playground/picopad-sdk/picopad-base/src/common/machine/picopad_key.c.obj
                0x10037764                KeyWriteKey
 .text.KeyScan  0x10037790       0x90 CMakeFiles/light.dir/C_/Development/sdk/picopad-playground/picopad-sdk/picopad-base/src/common/machine/picopad_key.c.obj
                0x10037790                KeyScan
 .text.KeyGet   0x10037820       0x44 CMakeFiles/light.dir/C_/Development/sdk/picopad-playground/picopad-sdk/picopad-base/src/common/machine/picopad_key.c.obj
                0x10037820                KeyGet
 .text.LedOff   0x10037864       0x14 CMakeFiles/light.dir/C_/Development/sdk/picopad-playground/picopad-sdk/picopad-base/src/common/machine/picopad_led.c.obj
                0x10037864                LedOff
 .text.LedInit  0x10037878       0x34 CMakeFiles/light.dir/C_/Development/sdk/picopad-playground/picopad-sdk/picopad-base/src/common/machine/picopad_led.c.obj
                0x10037878                LedInit
 .text.memcmp   0x100378ac       0x44 c:/development/arm-none-eabi/bin/../lib/gcc/arm-none-eabi/12.2.1/thumb/v6-m/nofp\libc.a(libc_a-memcmp.o)
                0x100378ac                memcmp
 .text.strcat   0x100378f0       0x4c c:/development/arm-none-eabi/bin/../lib/gcc/arm-none-eabi/12.2.1/thumb/v6-m/nofp\libc.a(libc_a-strcat.o)
                0x100378f0                strcat
 .text.strcpy   0x1003793c       0x10 c:/development/arm-none-eabi/bin/../lib/gcc/arm-none-eabi/12.2.1/thumb/v6-m/nofp\libc.a(libc_a-strcpy.o)
                0x1003793c                strcpy
 .text.strlen   0x1003794c       0x5c c:/development/arm-none-eabi/bin/../lib/gcc/arm-none-eabi/12.2.1/thumb/v6-m/nofp\libc.a(libc_a-strlen-stub.o)
                0x1003794c                strlen
 *(.fini)
 .fini          0x100379a8        0x4 c:/development/arm-none-eabi/bin/../lib/gcc/arm-none-eabi/12.2.1/thumb/v6-m/nofp/crti.o
                0x100379a8                _fini
 *fill*         0x100379ac        0x4 
 .fini.__stub   0x100379b0       0xa0 linker stubs
 *crtbegin.o(.ctors)
 *crtbegin?.o(.ctors)
 *(EXCLUDE_FILE(*crtend.o *crtend?.o) .ctors)
 *(SORT_BY_NAME(.ctors.*))
 *(.ctors)
 *crtbegin.o(.dtors)
 *crtbegin?.o(.dtors)
 *(EXCLUDE_FILE(*crtend.o *crtend?.o) .dtors)
 *(SORT_BY_NAME(.dtors.*))
 *(.dtors)
 *(.eh_frame*)
 .eh_frame      0x10037a50        0x0 c:/development/arm-none-eabi/bin/../lib/gcc/arm-none-eabi/12.2.1/thumb/v6-m/nofp/crtbegin.o
                0x10037a50                        . = ALIGN (0x4)

.glue_7         0x10037a50        0x0
 .glue_7        0x10037a50        0x0 linker stubs

.glue_7t        0x10037a50        0x0
 .glue_7t       0x10037a50        0x0 linker stubs

.vfp11_veneer   0x10037a50        0x0
 .vfp11_veneer  0x10037a50        0x0 linker stubs

.v4_bx          0x10037a50        0x0
 .v4_bx         0x10037a50        0x0 linker stubs

.iplt           0x10037a50        0x0
 .iplt          0x10037a50        0x0 c:/development/arm-none-eabi/bin/../lib/gcc/arm-none-eabi/12.2.1/thumb/v6-m/nofp/crtbegin.o

.rodata         0x10037a50     0xb960
 *(EXCLUDE_FILE(*libm.a: *libc.a:*lib_a-mem*.o *libgcc.a:) .rodata*)
 .rodata.main.str1.1
                0x10037a50       0x11 CMakeFiles/light.dir/src/main.cpp.obj
 *fill*         0x10037a61        0x3 
 .rodata._ZL10LuxImg_RLE
                0x10037a64     0x8166 CMakeFiles/light.dir/src/main.cpp.obj
 *fill*         0x1003fbca        0x2 
 .rodata._ZL10LuxImg_Pal
                0x1003fbcc      0x200 CMakeFiles/light.dir/src/main.cpp.obj
 .rodata._ZL13Gl5516Img_RLE
                0x1003fdcc     0x1a49 CMakeFiles/light.dir/src/main.cpp.obj
 *fill*         0x10041815        0x3 
 .rodata._ZL13Gl5516Img_Pal
                0x10041818      0x200 CMakeFiles/light.dir/src/main.cpp.obj
 .rodata._ZL11FontBold8x8
                0x10041a18      0x800 CMakeFiles/light.dir/src/main.cpp.obj
 .rodata.hardware_alarm_claim.str1.1
                0x10042218       0x22 CMakeFiles/light.dir/C_/Development/sdk/pico/pico-sdk/src/rp2_common/hardware_timer/timer.c.obj
 .rodata.panic.str1.1
                0x1004223a       0x10 CMakeFiles/light.dir/C_/Development/sdk/pico/pico-sdk/src/rp2_common/pico_runtime/runtime.c.obj
                                 0x12 (size before relaxing)
 .rodata.hard_assertion_failure.str1.1
                0x1004224a        0xc CMakeFiles/light.dir/C_/Development/sdk/pico/pico-sdk/src/rp2_common/pico_runtime/runtime.c.obj
 .rodata._ftoa.str1.1
                0x10042256       0x12 CMakeFiles/light.dir/C_/Development/sdk/pico/pico-sdk/src/rp2_common/pico_printf/printf.c.obj
 .rodata.pow10.0
                0x10042268       0x50 CMakeFiles/light.dir/C_/Development/sdk/pico/pico-sdk/src/rp2_common/pico_printf/printf.c.obj
 .rodata.str1.1
                0x100422b8       0x2d CMakeFiles/light.dir/C_/Development/sdk/pico/pico-sdk/src/rp2_common/pico_standard_link/binary_info.c.obj
 .rodata.__bi_81
                0x100422e5        0xc CMakeFiles/light.dir/C_/Development/sdk/pico/pico-sdk/src/rp2_common/pico_standard_link/binary_info.c.obj
 .rodata.__bi_75
                0x100422f1        0xc CMakeFiles/light.dir/C_/Development/sdk/pico/pico-sdk/src/rp2_common/pico_standard_link/binary_info.c.obj
 .rodata.__bi_44
                0x100422fd        0xc CMakeFiles/light.dir/C_/Development/sdk/pico/pico-sdk/src/rp2_common/pico_standard_link/binary_info.c.obj
 .rodata.crlf_str.0
                0x10042309        0x2 CMakeFiles/light.dir/C_/Development/sdk/pico/pico-sdk/src/rp2_common/pico_stdio/stdio.c.obj
 .rodata.dma_claim_unused_channel.str1.1
                0x1004230b       0x1e CMakeFiles/light.dir/C_/Development/sdk/pico/pico-sdk/src/rp2_common/hardware_dma/dma.c.obj
 *fill*         0x10042329        0x3 
 .rodata.FontBold8x16
                0x1004232c     0x1000 CMakeFiles/light.dir/C_/Development/sdk/picopad-playground/picopad-sdk/picopad-base/src/common/libs/lib_drawtft.c.obj
                0x1004232c                FontBold8x16
 .rodata.FSName
                0x1004332c       0x14 CMakeFiles/light.dir/C_/Development/sdk/picopad-playground/picopad-sdk/picopad-base/src/common/libs/lib_fat.c.obj
                0x1004332c                FSName
 .rodata.FSName4
                0x10043340        0x4 CMakeFiles/light.dir/C_/Development/sdk/picopad-playground/picopad-sdk/picopad-base/src/common/libs/lib_fat.c.obj
                0x10043340                FSName4
 .rodata.FSName3
                0x10043344        0x6 CMakeFiles/light.dir/C_/Development/sdk/picopad-playground/picopad-sdk/picopad-base/src/common/libs/lib_fat.c.obj
                0x10043344                FSName3
 .rodata.FSName2
                0x1004334a        0x6 CMakeFiles/light.dir/C_/Development/sdk/picopad-playground/picopad-sdk/picopad-base/src/common/libs/lib_fat.c.obj
                0x1004334a                FSName2
 .rodata.FSName1
                0x10043350        0x6 CMakeFiles/light.dir/C_/Development/sdk/picopad-playground/picopad-sdk/picopad-base/src/common/libs/lib_fat.c.obj
                0x10043350                FSName1
 .rodata.FSName0
                0x10043356        0x5 CMakeFiles/light.dir/C_/Development/sdk/picopad-playground/picopad-sdk/picopad-base/src/common/libs/lib_fat.c.obj
                0x10043356                FSName0
 .rodata.RotationTab
                0x1004335b        0x4 CMakeFiles/light.dir/C_/Development/sdk/picopad-playground/picopad-sdk/picopad-base/src/common/st7789/st7789.c.obj
                0x1004335b                RotationTab
 .rodata.save_config_to_file.str1.1
                0x1004335f       0x25 CMakeFiles/light.dir/C_/Development/sdk/picopad-playground/picopad-sdk/picopad-base/src/common/sdk/sdk_config.c.obj
 .rodata        0x10043384       0x20 CMakeFiles/light.dir/C_/Development/sdk/picopad-playground/picopad-sdk/picopad-base/src/common/sdk/sdk_config.c.obj
 .rodata.KeyGpioTab
                0x100433a4        0x8 CMakeFiles/light.dir/C_/Development/sdk/picopad-playground/picopad-sdk/picopad-base/src/common/machine/picopad_key.c.obj
                0x100433a4                KeyGpioTab
 .rodata.LedGpioTab
                0x100433ac        0x2 CMakeFiles/light.dir/C_/Development/sdk/picopad-playground/picopad-sdk/picopad-base/src/common/machine/picopad_led.c.obj
                0x100433ac                LedGpioTab
                0x100433b0                        . = ALIGN (0x4)
 *fill*         0x100433ae        0x2 
 *(SORT_BY_ALIGNMENT(SORT_BY_NAME(.flashdata*)))
                0x100433b0                        . = ALIGN (0x4)

.ARM.extab
 *(.ARM.extab* .gnu.linkonce.armextab.*)
                0x100433b0                        __exidx_start = .

.ARM.exidx
 *(.ARM.exidx* .gnu.linkonce.armexidx.*)
                0x100433b0                        __exidx_end = .
                0x100433b0                        . = ALIGN (0x4)
                0x100433b0                        __binary_info_start = .

.binary_info    0x100433b0       0x18
 *(.binary_info.keep.*)
 .binary_info.keep.__bi_ptr81
                0x100433b0        0x4 CMakeFiles/light.dir/C_/Development/sdk/pico/pico-sdk/src/rp2_common/pico_standard_link/binary_info.c.obj
 .binary_info.keep.__bi_ptr75
                0x100433b4        0x4 CMakeFiles/light.dir/C_/Development/sdk/pico/pico-sdk/src/rp2_common/pico_standard_link/binary_info.c.obj
 .binary_info.keep.__bi_ptr50
                0x100433b8        0x4 CMakeFiles/light.dir/C_/Development/sdk/pico/pico-sdk/src/rp2_common/pico_standard_link/binary_info.c.obj
 .binary_info.keep.__bi_ptr44
                0x100433bc        0x4 CMakeFiles/light.dir/C_/Development/sdk/pico/pico-sdk/src/rp2_common/pico_standard_link/binary_info.c.obj
 .binary_info.keep.__bi_ptr30
                0x100433c0        0x4 CMakeFiles/light.dir/C_/Development/sdk/pico/pico-sdk/src/rp2_common/pico_standard_link/binary_info.c.obj
 .binary_info.keep.__bi_ptr22
                0x100433c4        0x4 CMakeFiles/light.dir/C_/Development/sdk/pico/pico-sdk/src/rp2_common/pico_standard_link/binary_info.c.obj
 *(.binary_info.*)
                0x100433c8                        __binary_info_end = .
                0x100433c8                        . = ALIGN (0x4)
                0x100433c8                        __etext = .

.rel.dyn        0x100433c8        0x0
 .rel.iplt      0x100433c8        0x0 c:/development/arm-none-eabi/bin/../lib/gcc/arm-none-eabi/12.2.1/thumb/v6-m/nofp/crtbegin.o

.ram_vector_table
                0x20000000       0xc0
 *(.ram_vector_table)
 .ram_vector_table
                0x20000000       0xc0 CMakeFiles/light.dir/C_/Development/sdk/pico/pico-sdk/src/rp2_common/pico_runtime/runtime.c.obj
                0x20000000                ram_vector_table

.data           0x200000c0      0x3b8 load address 0x100433c8
                0x200000c0                        __data_start__ = .
 *(vtable)
 *(.time_critical*)
 .time_critical.mutex_try_enter
                0x200000c0       0x44 CMakeFiles/light.dir/C_/Development/sdk/pico/pico-sdk/src/common/pico_sync/mutex.c.obj
                0x200000c0                mutex_try_enter
 .time_critical.mutex_enter_block_until
                0x20000104       0x54 CMakeFiles/light.dir/C_/Development/sdk/pico/pico-sdk/src/common/pico_sync/mutex.c.obj
                0x20000104                mutex_enter_block_until
 .time_critical.mutex_try_enter_block_until
                0x20000158       0x2e CMakeFiles/light.dir/C_/Development/sdk/pico/pico-sdk/src/common/pico_sync/mutex.c.obj
                0x20000158                mutex_try_enter_block_until
 .time_critical.mutex_exit
                0x20000186       0x28 CMakeFiles/light.dir/C_/Development/sdk/pico/pico-sdk/src/common/pico_sync/mutex.c.obj
                0x20000186                mutex_exit
 *fill*         0x200001ae        0x2 
 .time_critical.flash_init_boot2_copyout
                0x200001b0       0x30 CMakeFiles/light.dir/C_/Development/sdk/pico/pico-sdk/src/rp2_common/hardware_flash/flash.c.obj
 .time_critical.flash_enable_xip_via_boot2
                0x200001e0        0xc CMakeFiles/light.dir/C_/Development/sdk/pico/pico-sdk/src/rp2_common/hardware_flash/flash.c.obj
 .time_critical.flash_cs_force
                0x200001ec       0x20 CMakeFiles/light.dir/C_/Development/sdk/pico/pico-sdk/src/rp2_common/hardware_flash/flash.c.obj
 .time_critical.flash_do_cmd
                0x2000020c       0xa4 CMakeFiles/light.dir/C_/Development/sdk/pico/pico-sdk/src/rp2_common/hardware_flash/flash.c.obj
                0x2000020c                flash_do_cmd
 .time_critical.spi_write_read_blocking
                0x200002b0       0x46 CMakeFiles/light.dir/C_/Development/sdk/pico/pico-sdk/src/rp2_common/hardware_spi/spi.c.obj
                0x200002b0                spi_write_read_blocking
 .time_critical.spi_write_blocking
                0x200002f6       0x42 CMakeFiles/light.dir/C_/Development/sdk/pico/pico-sdk/src/rp2_common/hardware_spi/spi.c.obj
                0x200002f6                spi_write_blocking
 *(.text*)
 .text          0x20000338       0x14 c:/development/arm-none-eabi/bin/../lib/gcc/arm-none-eabi/12.2.1/thumb/v6-m/nofp\libgcc.a(_thumb1_case_shi.o)
                0x20000338                __gnu_thumb1_case_shi
 .text          0x2000034c        0x4 c:/development/arm-none-eabi/bin/../lib/gcc/arm-none-eabi/12.2.1/thumb/v6-m/nofp\libgcc.a(_dvmd_tls.o)
                0x2000034c                __aeabi_idiv0
                0x2000034c                __aeabi_ldiv0
 .text          0x20000350       0x18 c:/development/arm-none-eabi/bin/../lib/gcc/arm-none-eabi/12.2.1/thumb/v6-m/nofp\libgcc.a(_lshrdi3.o)
                0x20000350                __lshrdi3
                0x20000350                __aeabi_llsr
 .text          0x20000368       0x18 c:/development/arm-none-eabi/bin/../lib/gcc/arm-none-eabi/12.2.1/thumb/v6-m/nofp\libgcc.a(_ashldi3.o)
                0x20000368                __aeabi_llsl
                0x20000368                __ashldi3
 .text.__stub   0x20000380       0x10 linker stubs
                0x20000390                        . = ALIGN (0x4)
 *(.rodata*)
                0x20000390                        . = ALIGN (0x4)
 *(.data*)
 .data.striped_spin_lock_num
                0x20000390        0x1 CMakeFiles/light.dir/C_/Development/sdk/pico/pico-sdk/src/rp2_common/hardware_sync/sync.c.obj
 *fill*         0x20000391        0x3 
 .data          0x20000394       0x48 CMakeFiles/light.dir/C_/Development/sdk/pico/pico-sdk/src/rp2_common/hardware_irq/irq_handler_chain.S.obj
                0x20000394                irq_handler_chain_slots
                0x200003c4                irq_handler_chain_first_slot
                0x200003ce                irq_handler_chain_remove_tail
 .data.default_alarm_pool
                0x200003dc       0x18 CMakeFiles/light.dir/C_/Development/sdk/pico/pico-sdk/src/common/pico_time/time.c.obj
 .data.default_alarm_pool_heap
                0x200003f4       0x10 CMakeFiles/light.dir/C_/Development/sdk/pico/pico-sdk/src/common/pico_time/time.c.obj
 *fill*         0x20000404        0xc 
 .data.aeabi_bits_funcs
                0x20000410       0x10 CMakeFiles/light.dir/C_/Development/sdk/pico/pico-sdk/src/rp2_common/pico_bit_ops/bit_ops_aeabi.S.obj
                0x20000410                aeabi_bits_funcs
                0x20000420                aeabi_bits_funcs_end
 .data.aeabi_mem_funcs
                0x20000420       0x10 CMakeFiles/light.dir/C_/Development/sdk/pico/pico-sdk/src/rp2_common/pico_mem_ops/mem_ops_aeabi.S.obj
                0x20000420                aeabi_mem_funcs
                0x20000430                aeabi_mem_funcs_end
 .data.DrawFontWidth
                0x20000430        0x4 CMakeFiles/light.dir/C_/Development/sdk/picopad-playground/picopad-sdk/picopad-base/src/common/libs/lib_drawtft.c.obj
                0x20000430                DrawFontWidth
 .data.DrawFontHeight
                0x20000434        0x4 CMakeFiles/light.dir/C_/Development/sdk/picopad-playground/picopad-sdk/picopad-base/src/common/libs/lib_drawtft.c.obj
                0x20000434                DrawFontHeight
 .data.pDrawFont
                0x20000438        0x4 CMakeFiles/light.dir/C_/Development/sdk/picopad-playground/picopad-sdk/picopad-base/src/common/libs/lib_drawtft.c.obj
                0x20000438                pDrawFont
 .data.FSinfo   0x2000043c        0x1 CMakeFiles/light.dir/C_/Development/sdk/picopad-playground/picopad-sdk/picopad-base/src/common/libs/lib_fat.c.obj
                0x2000043c                FSinfo
 *fill*         0x2000043d        0x3 
 .data.DiskBufSect
                0x20000440        0x4 CMakeFiles/light.dir/C_/Development/sdk/picopad-playground/picopad-sdk/picopad-base/src/common/libs/lib_fat.c.obj
                0x20000440                DiskBufSect
 .data.GlobalVolume
                0x20000444        0x4 CMakeFiles/light.dir/C_/Development/sdk/picopad-playground/picopad-sdk/picopad-base/src/common/libs/lib_pwmsnd.c.obj
                0x20000444                GlobalVolume
 .data.cr       0x20000448        0x1 CMakeFiles/light.dir/C_/Development/sdk/picopad-playground/picopad-sdk/picopad-base/src/common/sdk/sdk_config.c.obj
                0x20000448                cr
                0x2000044c                        . = ALIGN (0x4)
 *fill*         0x20000449        0x3 
 *(.after_data.*)
                0x2000044c                        . = ALIGN (0x4)
                0x2000044c                        PROVIDE (__mutex_array_start = .)
 *(SORT_BY_NAME(.mutex_array.*))
 *(.mutex_array)
 .mutex_array   0x2000044c        0x8 CMakeFiles/light.dir/C_/Development/sdk/pico/pico-sdk/src/rp2_common/pico_malloc/pico_malloc.c.obj
 .mutex_array   0x20000454        0x8 CMakeFiles/light.dir/C_/Development/sdk/pico/pico-sdk/src/rp2_common/pico_stdio/stdio.c.obj
                0x2000045c                        PROVIDE (__mutex_array_end = .)
                0x2000045c                        . = ALIGN (0x4)
                0x2000045c                        PROVIDE (__preinit_array_start = .)
 *(SORT_BY_NAME(.preinit_array.*))
 .preinit_array.00001
                0x2000045c        0x4 CMakeFiles/light.dir/C_/Development/sdk/pico/pico-sdk/src/rp2_common/pico_mem_ops/mem_ops_aeabi.S.obj
 .preinit_array.00010
                0x20000460        0x4 CMakeFiles/light.dir/C_/Development/sdk/pico/pico-sdk/src/rp2_common/pico_bit_ops/bit_ops_aeabi.S.obj
 .preinit_array.00020
                0x20000464        0x4 CMakeFiles/light.dir/C_/Development/sdk/pico/pico-sdk/src/rp2_common/pico_double/double_aeabi.S.obj
 .preinit_array.00020
                0x20000468        0x4 CMakeFiles/light.dir/C_/Development/sdk/pico/pico-sdk/src/rp2_common/pico_float/float_aeabi.S.obj
 *(.preinit_array)
                0x2000046c                        PROVIDE (__preinit_array_end = .)
                0x2000046c                        . = ALIGN (0x4)
                0x2000046c                        PROVIDE (__init_array_start = .)
 *(SORT_BY_NAME(.init_array.*))
 *(.init_array)
 .init_array    0x2000046c        0x4 c:/development/arm-none-eabi/bin/../lib/gcc/arm-none-eabi/12.2.1/thumb/v6-m/nofp/crtbegin.o
 .init_array    0x20000470        0x4 CMakeFiles/light.dir/C_/Development/sdk/pico/pico-sdk/src/rp2_common/pico_unique_id/unique_id.c.obj
 .init_array    0x20000474        0x4 CMakeFiles/light.dir/C_/Development/sdk/pico/pico-sdk/src/rp2_common/cmsis/stub/CMSIS/Device/RaspberryPi/RP2040/Source/system_RP2040.c.obj
                0x20000478                        PROVIDE (__init_array_end = .)
                0x20000478                        . = ALIGN (0x4)
                [!provide]                        PROVIDE (__fini_array_start = .)
 *(SORT_BY_NAME(.fini_array.*))
 *(.fini_array)
                [!provide]                        PROVIDE (__fini_array_end = .)
 *(.jcr)
                0x20000478                        . = ALIGN (0x4)
                0x20000478                        __data_end__ = .

.tm_clone_table
                0x20000478        0x0 load address 0x10043780
 .tm_clone_table
                0x20000478        0x0 c:/development/arm-none-eabi/bin/../lib/gcc/arm-none-eabi/12.2.1/thumb/v6-m/nofp/crtbegin.o
 .tm_clone_table
                0x20000478        0x0 c:/development/arm-none-eabi/bin/../lib/gcc/arm-none-eabi/12.2.1/thumb/v6-m/nofp/crtend.o

.igot.plt       0x20000478        0x0 load address 0x10043780
 .igot.plt      0x20000478        0x0 c:/development/arm-none-eabi/bin/../lib/gcc/arm-none-eabi/12.2.1/thumb/v6-m/nofp/crtbegin.o

.uninitialized_data
                0x20000478       0x20 load address 0x10043780
                0x20000478                        . = ALIGN (0x4)
 *(.uninitialized_data*)
 .uninitialized_data.rosc_samples
                0x20000478        0x8 CMakeFiles/light.dir/C_/Development/sdk/pico/pico-sdk/src/rp2_common/pico_rand/rand.c.obj
 .uninitialized_data.ram_hash
                0x20000480        0x8 CMakeFiles/light.dir/C_/Development/sdk/pico/pico-sdk/src/rp2_common/pico_rand/rand.c.obj
 .uninitialized_data.rng_state
                0x20000488       0x10 CMakeFiles/light.dir/C_/Development/sdk/pico/pico-sdk/src/rp2_common/pico_rand/rand.c.obj

.scratch_x      0x20040000        0x0 load address 0x100437a0
                0x20040000                        __scratch_x_start__ = .
 *(.scratch_x.*)
                0x20040000                        . = ALIGN (0x4)
                0x20040000                        __scratch_x_end__ = .
                0x100437a0                        __scratch_x_source__ = LOADADDR (.scratch_x)

.scratch_y      0x20041040        0x0 load address 0x100437a0
                0x20041040                        __scratch_y_start__ = .
 *(.scratch_y.*)
                0x20041040                        . = ALIGN (0x4)
                0x20041040                        __scratch_y_end__ = .
                0x100437a0                        __scratch_y_source__ = LOADADDR (.scratch_y)

.bss            0x20000498    0x260b0
                0x20000498                        . = ALIGN (0x4)
                0x20000498                        __bss_start__ = .
 *(SORT_BY_ALIGNMENT(SORT_BY_NAME(.bss*)))
 .bss.RandSeed  0x20000498       0x10 CMakeFiles/light.dir/C_/Development/sdk/picopad-playground/picopad-sdk/picopad-base/src/common/libs/lib_rand.c.obj
                0x20000498                RandSeed
 .bss.default_alarm_pool_entries
                0x200004a8      0x100 CMakeFiles/light.dir/C_/Development/sdk/pico/pico-sdk/src/common/pico_time/time.c.obj
 .bss.next_sample_time.0
                0x200005a8        0x8 CMakeFiles/light.dir/C_/Development/sdk/pico/pico-sdk/src/rp2_common/pico_rand/rand.c.obj
 .bss.ClustFree
                0x200005b0        0x4 CMakeFiles/light.dir/C_/Development/sdk/picopad-playground/picopad-sdk/picopad-base/src/common/libs/lib_fat.c.obj
                0x200005b0                ClustFree
 .bss.ClustLast
                0x200005b4        0x4 CMakeFiles/light.dir/C_/Development/sdk/picopad-playground/picopad-sdk/picopad-base/src/common/libs/lib_fat.c.obj
                0x200005b4                ClustLast
 .bss.ClustNum  0x200005b8        0x4 CMakeFiles/light.dir/C_/Development/sdk/picopad-playground/picopad-sdk/picopad-base/src/common/libs/lib_fat.c.obj
                0x200005b8                ClustNum
 .bss.ClustSize
                0x200005bc        0x4 CMakeFiles/light.dir/C_/Development/sdk/picopad-playground/picopad-sdk/picopad-base/src/common/libs/lib_fat.c.obj
                0x200005bc                ClustSize
 .bss.CurDirClust
                0x200005c0        0x4 CMakeFiles/light.dir/C_/Development/sdk/picopad-playground/picopad-sdk/picopad-base/src/common/libs/lib_fat.c.obj
                0x200005c0                CurDirClust
 .bss.CurSound  0x200005c4       0x10 CMakeFiles/light.dir/C_/Development/sdk/picopad-playground/picopad-sdk/picopad-base/src/common/libs/lib_pwmsnd.c.obj
                0x200005c4                CurSound
 .bss.DataBase  0x200005d4        0x4 CMakeFiles/light.dir/C_/Development/sdk/picopad-playground/picopad-sdk/picopad-base/src/common/libs/lib_fat.c.obj
                0x200005d4                DataBase
 .bss.DirBase   0x200005d8        0x4 CMakeFiles/light.dir/C_/Development/sdk/picopad-playground/picopad-sdk/picopad-base/src/common/libs/lib_fat.c.obj
                0x200005d8                DirBase
 .bss.DirTmp    0x200005dc       0x2c CMakeFiles/light.dir/C_/Development/sdk/picopad-playground/picopad-sdk/picopad-base/src/common/libs/lib_fat.c.obj
                0x200005dc                DirTmp
 .bss.DiskBase  0x20000608        0x4 CMakeFiles/light.dir/C_/Development/sdk/picopad-playground/picopad-sdk/picopad-base/src/common/libs/lib_fat.c.obj
                0x20000608                DiskBase
 .bss.DiskBuf   0x2000060c      0x200 CMakeFiles/light.dir/C_/Development/sdk/picopad-playground/picopad-sdk/picopad-base/src/common/libs/lib_fat.c.obj
                0x2000060c                DiskBuf
 .bss.DiskSerial
                0x2000080c        0x4 CMakeFiles/light.dir/C_/Development/sdk/picopad-playground/picopad-sdk/picopad-base/src/common/libs/lib_fat.c.obj
                0x2000080c                DiskSerial
 .bss.DiskSizeSect
                0x20000810        0x4 CMakeFiles/light.dir/C_/Development/sdk/picopad-playground/picopad-sdk/picopad-base/src/common/libs/lib_fat.c.obj
                0x20000810                DiskSizeSect
 .bss.DispDirtyX1
                0x20000814        0x4 CMakeFiles/light.dir/C_/Development/sdk/picopad-playground/picopad-sdk/picopad-base/src/common/st7789/st7789.c.obj
                0x20000814                DispDirtyX1
 .bss.DispDirtyX2
                0x20000818        0x4 CMakeFiles/light.dir/C_/Development/sdk/picopad-playground/picopad-sdk/picopad-base/src/common/st7789/st7789.c.obj
                0x20000818                DispDirtyX2
 .bss.DispDirtyY1
                0x2000081c        0x4 CMakeFiles/light.dir/C_/Development/sdk/picopad-playground/picopad-sdk/picopad-base/src/common/st7789/st7789.c.obj
                0x2000081c                DispDirtyY1
 .bss.DispDirtyY2
                0x20000820        0x4 CMakeFiles/light.dir/C_/Development/sdk/picopad-playground/picopad-sdk/picopad-base/src/common/st7789/st7789.c.obj
                0x20000820                DispDirtyY2
 .bss.FatBase   0x20000824        0x4 CMakeFiles/light.dir/C_/Development/sdk/picopad-playground/picopad-sdk/picopad-base/src/common/libs/lib_fat.c.obj
                0x20000824                FatBase
 .bss.FatEntry  0x20000828        0x4 CMakeFiles/light.dir/C_/Development/sdk/picopad-playground/picopad-sdk/picopad-base/src/common/libs/lib_fat.c.obj
                0x20000828                FatEntry
 .bss.FatSizeSect
                0x2000082c        0x4 CMakeFiles/light.dir/C_/Development/sdk/picopad-playground/picopad-sdk/picopad-base/src/common/libs/lib_fat.c.obj
                0x2000082c                FatSizeSect
 .bss.FrameBuf  0x20000830    0x25800 CMakeFiles/light.dir/C_/Development/sdk/picopad-playground/picopad-sdk/picopad-base/src/common/st7789/st7789.c.obj
                0x20000830                FrameBuf
 .bss.KeyLastPress
                0x20026030       0x20 CMakeFiles/light.dir/C_/Development/sdk/picopad-playground/picopad-sdk/picopad-base/src/common/machine/picopad_key.c.obj
                0x20026030                KeyLastPress
 .bss.KeyLastRelease
                0x20026050       0x20 CMakeFiles/light.dir/C_/Development/sdk/picopad-playground/picopad-sdk/picopad-base/src/common/machine/picopad_key.c.obj
                0x20026050                KeyLastRelease
 .bss.MemFreeList
                0x20026070        0xc CMakeFiles/light.dir/C_/Development/sdk/picopad-playground/picopad-sdk/picopad-base/src/common/libs/lib_mem.c.obj
                0x20026070                MemFreeList
 .bss.MemFreeSize
                0x2002607c        0x4 CMakeFiles/light.dir/C_/Development/sdk/picopad-playground/picopad-sdk/picopad-base/src/common/libs/lib_mem.c.obj
                0x2002607c                MemFreeSize
 .bss.MemUsedNum
                0x20026080        0x4 CMakeFiles/light.dir/C_/Development/sdk/picopad-playground/picopad-sdk/picopad-base/src/common/libs/lib_mem.c.obj
                0x20026080                MemUsedNum
 .bss.MemUsedSize
                0x20026084        0x4 CMakeFiles/light.dir/C_/Development/sdk/picopad-playground/picopad-sdk/picopad-base/src/common/libs/lib_mem.c.obj
                0x20026084                MemUsedSize
 .bss.NextSound
                0x20026088       0x10 CMakeFiles/light.dir/C_/Development/sdk/picopad-playground/picopad-sdk/picopad-base/src/common/libs/lib_pwmsnd.c.obj
                0x20026088                NextSound
 .bss.NextSoundCnt
                0x20026098       0x10 CMakeFiles/light.dir/C_/Development/sdk/picopad-playground/picopad-sdk/picopad-base/src/common/libs/lib_pwmsnd.c.obj
                0x20026098                NextSoundCnt
 .bss.SoundAcc  0x200260a8       0x10 CMakeFiles/light.dir/C_/Development/sdk/picopad-playground/picopad-sdk/picopad-base/src/common/libs/lib_pwmsnd.c.obj
                0x200260a8                SoundAcc
 .bss.SoundCnt  0x200260b8       0x10 CMakeFiles/light.dir/C_/Development/sdk/picopad-playground/picopad-sdk/picopad-base/src/common/libs/lib_pwmsnd.c.obj
                0x200260b8                SoundCnt
 .bss.SoundInc  0x200260c8       0x10 CMakeFiles/light.dir/C_/Development/sdk/picopad-playground/picopad-sdk/picopad-base/src/common/libs/lib_pwmsnd.c.obj
                0x200260c8                SoundInc
 .bss.SoundVol  0x200260d8       0x10 CMakeFiles/light.dir/C_/Development/sdk/picopad-playground/picopad-sdk/picopad-base/src/common/libs/lib_pwmsnd.c.obj
                0x200260d8                SoundVol
 .bss.SystemCoreClock
                0x200260e8        0x4 CMakeFiles/light.dir/C_/Development/sdk/pico/pico-sdk/src/rp2_common/cmsis/stub/CMSIS/Device/RaspberryPi/RP2040/Source/system_RP2040.c.obj
                0x200260e8                SystemCoreClock
 .bss.alarm_callbacks
                0x200260ec       0x10 CMakeFiles/light.dir/C_/Development/sdk/pico/pico-sdk/src/rp2_common/hardware_timer/timer.c.obj
 .bss.boot2_copyout
                0x200260fc      0x100 CMakeFiles/light.dir/C_/Development/sdk/pico/pico-sdk/src/rp2_common/hardware_flash/flash.c.obj
 .bss.cfgFile   0x200261fc       0x2c CMakeFiles/light.dir/C_/Development/sdk/picopad-playground/picopad-sdk/picopad-base/src/common/sdk/sdk_config.c.obj
                0x200261fc                cfgFile
 .bss.claimed   0x20026228        0x4 CMakeFiles/light.dir/C_/Development/sdk/pico/pico-sdk/src/rp2_common/hardware_sync/sync.c.obj
 .bss.configured_freq
                0x2002622c       0x28 CMakeFiles/light.dir/C_/Development/sdk/pico/pico-sdk/src/rp2_common/hardware_clocks/clocks.c.obj
 .bss.drivers   0x20026254        0x4 CMakeFiles/light.dir/C_/Development/sdk/pico/pico-sdk/src/rp2_common/pico_stdio/stdio.c.obj
 .bss.filter    0x20026258        0x4 CMakeFiles/light.dir/C_/Development/sdk/pico/pico-sdk/src/rp2_common/pico_stdio/stdio.c.obj
 .bss.i         0x2002625c        0x4 CMakeFiles/light.dir/C_/Development/sdk/picopad-playground/picopad-sdk/picopad-base/src/common/sdk/sdk_config.c.obj
                0x2002625c                i
 .bss.lazy_vsnprintf
                0x20026260        0x4 CMakeFiles/light.dir/C_/Development/sdk/pico/pico-sdk/src/rp2_common/pico_printf/printf.c.obj
 .bss.load_value
                0x20026264        0x4 CMakeFiles/light.dir/C_/Development/sdk/pico/pico-sdk/src/rp2_common/hardware_watchdog/watchdog.c.obj
 .bss.object.0  0x20026268       0x18 c:/development/arm-none-eabi/bin/../lib/gcc/arm-none-eabi/12.2.1/thumb/v6-m/nofp/crtbegin.o
 .bss.pools     0x20026280       0x10 CMakeFiles/light.dir/C_/Development/sdk/pico/pico-sdk/src/common/pico_time/time.c.obj
 .bss.sd_table  0x20026290      0x100 CMakeFiles/light.dir/C_/Development/sdk/pico/pico-sdk/src/rp2_common/pico_double/double_init_rom.c.obj
                0x20026290                sd_table
 .bss.sf_clz_func
                0x20026390        0x4 CMakeFiles/light.dir/C_/Development/sdk/pico/pico-sdk/src/rp2_common/pico_double/double_init_rom.c.obj
                0x20026390                sf_clz_func
 .bss.sf_table  0x20026394      0x100 CMakeFiles/light.dir/C_/Development/sdk/pico/pico-sdk/src/rp2_common/pico_float/float_init_rom.c.obj
                0x20026394                sf_table
 .bss.sleep_notifier
                0x20026494        0x4 CMakeFiles/light.dir/C_/Development/sdk/pico/pico-sdk/src/common/pico_time/time.c.obj
 .bss.target_hi
                0x20026498       0x10 CMakeFiles/light.dir/C_/Development/sdk/pico/pico-sdk/src/rp2_common/hardware_timer/timer.c.obj
 .bss.DispHeight
                0x200264a8        0x2 CMakeFiles/light.dir/C_/Development/sdk/picopad-playground/picopad-sdk/picopad-base/src/common/st7789/st7789.c.obj
                0x200264a8                DispHeight
 .bss.DispWidth
                0x200264aa        0x2 CMakeFiles/light.dir/C_/Development/sdk/picopad-playground/picopad-sdk/picopad-base/src/common/st7789/st7789.c.obj
                0x200264aa                DispWidth
 .bss.RootNum   0x200264ac        0x2 CMakeFiles/light.dir/C_/Development/sdk/picopad-playground/picopad-sdk/picopad-base/src/common/libs/lib_fat.c.obj
                0x200264ac                RootNum
 .bss._claimed  0x200264ae        0x2 CMakeFiles/light.dir/C_/Development/sdk/pico/pico-sdk/src/rp2_common/hardware_dma/dma.c.obj
 .bss.ClustSizeSect
                0x200264b0        0x1 CMakeFiles/light.dir/C_/Development/sdk/picopad-playground/picopad-sdk/picopad-base/src/common/libs/lib_fat.c.obj
                0x200264b0                ClustSizeSect
 .bss.DiskBufDirty
                0x200264b1        0x1 CMakeFiles/light.dir/C_/Development/sdk/picopad-playground/picopad-sdk/picopad-base/src/common/libs/lib_fat.c.obj
                0x200264b1                DiskBufDirty
 .bss.DiskFS    0x200264b2        0x1 CMakeFiles/light.dir/C_/Development/sdk/picopad-playground/picopad-sdk/picopad-base/src/common/libs/lib_fat.c.obj
                0x200264b2                DiskFS
 .bss.DispRot   0x200264b3        0x1 CMakeFiles/light.dir/C_/Development/sdk/picopad-playground/picopad-sdk/picopad-base/src/common/st7789/st7789.c.obj
                0x200264b3                DispRot
 .bss.FatNum    0x200264b4        0x1 CMakeFiles/light.dir/C_/Development/sdk/picopad-playground/picopad-sdk/picopad-base/src/common/libs/lib_fat.c.obj
                0x200264b4                FatNum
 .bss.GlobalSoundOff
                0x200264b5        0x1 CMakeFiles/light.dir/C_/Development/sdk/picopad-playground/picopad-sdk/picopad-base/src/common/libs/lib_pwmsnd.c.obj
                0x200264b5                GlobalSoundOff
 .bss.KeyBuf    0x200264b6        0xa CMakeFiles/light.dir/C_/Development/sdk/picopad-playground/picopad-sdk/picopad-base/src/common/machine/picopad_key.c.obj
                0x200264b6                KeyBuf
 .bss.KeyPressMap