Archive member included to satisfy reference by file (symbol)

c:/development/arm-none-eabi/bin/../lib/gcc/arm-none-eabi/12.2.1/thumb/v6-m/nofp\libgcc.a(_dvmd_tls.o)
                              CMakeFiles/picopad-gb.dir/C_/Development/sdk/pico/pico-sdk/src/rp2_common/pico_divider/divider.S.obj (__aeabi_idiv0)
c:/development/arm-none-eabi/bin/../lib/gcc/arm-none-eabi/12.2.1/thumb/v6-m/nofp\libg.a(libc_a-calloc.o)
                              CMakeFiles/picopad-gb.dir/C_/Development/sdk/pico/pico-sdk/src/rp2_common/pico_malloc/pico_malloc.c.obj (calloc)
c:/development/arm-none-eabi/bin/../lib/gcc/arm-none-eabi/12.2.1/thumb/v6-m/nofp\libg.a(libc_a-callocr.o)
                              c:/development/arm-none-eabi/bin/../lib/gcc/arm-none-eabi/12.2.1/thumb/v6-m/nofp\libg.a(libc_a-calloc.o) (_calloc_r)
c:/development/arm-none-eabi/bin/../lib/gcc/arm-none-eabi/12.2.1/thumb/v6-m/nofp\libg.a(libc_a-malloc.o)
                              CMakeFiles/picopad-gb.dir/C_/Development/sdk/pico/pico-sdk/src/rp2_common/pico_malloc/pico_malloc.c.obj (malloc)
c:/development/arm-none-eabi/bin/../lib/gcc/arm-none-eabi/12.2.1/thumb/v6-m/nofp\libg.a(libc_a-mallocr.o)
                              c:/development/arm-none-eabi/bin/../lib/gcc/arm-none-eabi/12.2.1/thumb/v6-m/nofp\libg.a(libc_a-callocr.o) (_malloc_r)
c:/development/arm-none-eabi/bin/../lib/gcc/arm-none-eabi/12.2.1/thumb/v6-m/nofp\libg.a(libc_a-mlock.o)
                              c:/development/arm-none-eabi/bin/../lib/gcc/arm-none-eabi/12.2.1/thumb/v6-m/nofp\libg.a(libc_a-mallocr.o) (__malloc_lock)
c:/development/arm-none-eabi/bin/../lib/gcc/arm-none-eabi/12.2.1/thumb/v6-m/nofp\libg.a(libc_a-mstats.o)
                              CMakeFiles/picopad-gb.dir/C_/Development/sdk/netczech/picopad-playground/picopad-sdk/picopad-base/src/common/machine/picopad_pico_info.c.obj (mallinfo)
c:/development/arm-none-eabi/bin/../lib/gcc/arm-none-eabi/12.2.1/thumb/v6-m/nofp\libg.a(libc_a-realloc.o)
                              CMakeFiles/picopad-gb.dir/C_/Development/sdk/pico/pico-sdk/src/rp2_common/pico_malloc/pico_malloc.c.obj (realloc)
c:/development/arm-none-eabi/bin/../lib/gcc/arm-none-eabi/12.2.1/thumb/v6-m/nofp\libg.a(libc_a-reallocr.o)
                              c:/development/arm-none-eabi/bin/../lib/gcc/arm-none-eabi/12.2.1/thumb/v6-m/nofp\libg.a(libc_a-realloc.o) (_realloc_r)
c:/development/arm-none-eabi/bin/../lib/gcc/arm-none-eabi/12.2.1/thumb/v6-m/nofp\libg.a(libc_a-malloptr.o)
                              c:/development/arm-none-eabi/bin/../lib/gcc/arm-none-eabi/12.2.1/thumb/v6-m/nofp\libg.a(libc_a-mstats.o) (_mallopt_r)
c:/development/arm-none-eabi/bin/../lib/gcc/arm-none-eabi/12.2.1/thumb/v6-m/nofp\libg.a(libc_a-qsort.o)
                              CMakeFiles/picopad-gb.dir/src/main.cpp.obj (qsort)
c:/development/arm-none-eabi/bin/../lib/gcc/arm-none-eabi/12.2.1/thumb/v6-m/nofp\libg.a(libc_a-fiprintf.o)
                              c:/development/arm-none-eabi/bin/../lib/gcc/arm-none-eabi/12.2.1/thumb/v6-m/nofp\libg.a(libc_a-mstats.o) (fiprintf)
c:/development/arm-none-eabi/bin/../lib/gcc/arm-none-eabi/12.2.1/thumb/v6-m/nofp\libg.a(libc_a-vfiprintf.o)
                              c:/development/arm-none-eabi/bin/../lib/gcc/arm-none-eabi/12.2.1/thumb/v6-m/nofp\libg.a(libc_a-fiprintf.o) (_vfiprintf_r)
c:/development/arm-none-eabi/bin/../lib/gcc/arm-none-eabi/12.2.1/thumb/v6-m/nofp\libg.a(libc_a-fflush.o)
                              c:/development/arm-none-eabi/bin/../lib/gcc/arm-none-eabi/12.2.1/thumb/v6-m/nofp\libg.a(libc_a-vfiprintf.o) (_fflush_r)
c:/development/arm-none-eabi/bin/../lib/gcc/arm-none-eabi/12.2.1/thumb/v6-m/nofp\libg.a(libc_a-findfp.o)
                              c:/development/arm-none-eabi/bin/../lib/gcc/arm-none-eabi/12.2.1/thumb/v6-m/nofp\libg.a(libc_a-fflush.o) (__sglue)
c:/development/arm-none-eabi/bin/../lib/gcc/arm-none-eabi/12.2.1/thumb/v6-m/nofp\libg.a(libc_a-fvwrite.o)
                              c:/development/arm-none-eabi/bin/../lib/gcc/arm-none-eabi/12.2.1/thumb/v6-m/nofp\libg.a(libc_a-vfiprintf.o) (__sfvwrite_r)
c:/development/arm-none-eabi/bin/../lib/gcc/arm-none-eabi/12.2.1/thumb/v6-m/nofp\libg.a(libc_a-fwalk.o)
                              c:/development/arm-none-eabi/bin/../lib/gcc/arm-none-eabi/12.2.1/thumb/v6-m/nofp\libg.a(libc_a-fflush.o) (_fwalk_sglue)
c:/development/arm-none-eabi/bin/../lib/gcc/arm-none-eabi/12.2.1/thumb/v6-m/nofp\libg.a(libc_a-stdio.o)
                              c:/development/arm-none-eabi/bin/../lib/gcc/arm-none-eabi/12.2.1/thumb/v6-m/nofp\libg.a(libc_a-findfp.o) (__sread)
c:/development/arm-none-eabi/bin/../lib/gcc/arm-none-eabi/12.2.1/thumb/v6-m/nofp\libg.a(libc_a-wsetup.o)
                              c:/development/arm-none-eabi/bin/../lib/gcc/arm-none-eabi/12.2.1/thumb/v6-m/nofp\libg.a(libc_a-vfiprintf.o) (__swsetup_r)
c:/development/arm-none-eabi/bin/../lib/gcc/arm-none-eabi/12.2.1/thumb/v6-m/nofp\libg.a(libc_a-fputwc.o)
[...]
Memory Configuration

Name             Origin             Length             Attributes
FLASH            0x10031000         0x001cf000         xr
RAM              0x20000000         0x00040000         xrw
SCRATCH_X        0x20040000         0x00001000         xrw
BOOTRAM          0x20041000         0x00000020         xrw
CONFIGRAM        0x20041020         0x00000020         xrw
SCRATCH_Y        0x20041040         0x00000fc0         xrw
*default*        0x00000000         0xffffffff

Linker script and memory map

LOAD c:/development/arm-none-eabi/bin/../lib/gcc/arm-none-eabi/12.2.1/thumb/v6-m/nofp/crti.o
LOAD c:/development/arm-none-eabi/bin/../lib/gcc/arm-none-eabi/12.2.1/thumb/v6-m/nofp/crtbegin.o
LOAD c:/development/arm-none-eabi/bin/../lib/gcc/arm-none-eabi/12.2.1/thumb/v6-m/nofp/crt0.o

.flash_begin    0x10031000        0x0
                0x10031000                        __flash_binary_start = .

.text           0x10031000     0xe3e8
                0x10031000                        __logical_binary_start = .
 *(.vectors)
 .vectors       0x10031000       0xd4 CMakeFiles/picopad-gb.dir/C_/Development/sdk/pico/pico-sdk/src/rp2_common/pico_standard_link/crt0.S.obj
                0x10031000                __vectors
                0x10031000                __VECTOR_TABLE
                0x100310c0                isr_invalid
                0x100310c0                __default_isrs_start
                0x100310c2                NMI_Handler
                0x100310c4                HardFault_Handler
                0x100310c6                SVC_Handler
                0x100310c8                PendSV_Handler
                0x100310ca                SysTick_Handler
                0x100310cc                IO_IRQ_BANK0_Handler
                0x100310cc                PIO0_IRQ_0_Handler
                0x100310cc                USBCTRL_IRQ_Handler
                0x100310cc                SPI1_IRQ_Handler
                0x100310cc                isr_irq27
                0x100310cc                isr_irq31
                0x100310cc                PIO1_IRQ_1_Handler
                0x100310cc                DMA_IRQ_1_Handler
                0x100310cc                __unhandled_user_irq
                0x100310cc                SPI0_IRQ_Handler
                0x100310cc                isr_irq28
                0x100310cc                UART0_IRQ_Handler
                0x100310cc                __default_isrs_end
                0x100310cc                PIO0_IRQ_1_Handler
                0x100310cc                I2C0_IRQ_Handler
                0x100310cc                SIO_IRQ_PROC1_Handler
                0x100310cc                TIMER_IRQ_0_Handler
                0x100310cc                isr_irq30
                0x100310cc                UART1_IRQ_Handler
                0x100310cc                TIMER_IRQ_3_Handler
                0x100310cc                DMA_IRQ_0_Handler
                0x100310cc                RTC_IRQ_Handler
                0x100310cc                TIMER_IRQ_2_Handler
                0x100310cc                CLOCKS_IRQ_Handler
                0x100310cc                PIO1_IRQ_0_Handler
                0x100310cc                I2C1_IRQ_Handler
                0x100310cc                ADC_IRQ_FIFO_Handler
                0x100310cc                IO_IRQ_QSPI_Handler
                0x100310cc                SIO_IRQ_PROC0_Handler
                0x100310cc                TIMER_IRQ_1_Handler
                0x100310cc                XIP_IRQ_Handler
                0x100310cc                isr_irq29
                0x100310cc                isr_irq26
                0x100310cc                PWM_IRQ_WRAP_Handler
                0x100310d2                unhandled_user_irq_num_in_r0
 *(.binary_info_header)
 .binary_info_header
                0x100310d4       0x14 CMakeFiles/picopad-gb.dir/C_/Development/sdk/pico/pico-sdk/src/rp2_common/pico_standard_link/crt0.S.obj
                0x100310e8                        __binary_info_header_end = .
 *(.reset)
 .reset         0x100310e8       0xa0 CMakeFiles/picopad-gb.dir/C_/Development/sdk/pico/pico-sdk/src/rp2_common/pico_standard_link/crt0.S.obj
                0x100310e8                _entry_point
 .reset         0x10031188       0x24 CMakeFiles/picopad-gb.dir/C_/Development/sdk/pico/pico-sdk/src/rp2_common/pico_standard_link/binary_info.c.obj
 *(.init)
 .init          0x100311ac        0x4 c:/development/arm-none-eabi/bin/../lib/gcc/arm-none-eabi/12.2.1/thumb/v6-m/nofp/crti.o
                0x100311ac                _init
 *(EXCLUDE_FILE(*libm.a: *libc.a:*lib_a-mem*.o *libgcc.a:) .text*)
 .text.register_tm_clones
                0x100311b0       0x28 c:/development/arm-none-eabi/bin/../lib/gcc/arm-none-eabi/12.2.1/thumb/v6-m/nofp/crtbegin.o
 .text.frame_dummy
                0x100311d8       0x24 c:/development/arm-none-eabi/bin/../lib/gcc/arm-none-eabi/12.2.1/thumb/v6-m/nofp/crtbegin.o
 .text.set_note_freq
                0x100311fc        0x6 CMakeFiles/picopad-gb.dir/vendor/minigb_apu/minigb_apu.c.obj
 *fill*         0x10031202        0x2 
 .text.chan_enable
                0x10031204       0x54 CMakeFiles/picopad-gb.dir/vendor/minigb_apu/minigb_apu.c.obj
 .text.update_env
                0x10031258       0x5c CMakeFiles/picopad-gb.dir/vendor/minigb_apu/minigb_apu.c.obj
 .text.update_len
                0x100312b4       0x34 CMakeFiles/picopad-gb.dir/vendor/minigb_apu/minigb_apu.c.obj
 .text.update_freq
                0x100312e8       0x30 CMakeFiles/picopad-gb.dir/vendor/minigb_apu/minigb_apu.c.obj
 .text.update_sweep
                0x10031318       0x90 CMakeFiles/picopad-gb.dir/vendor/minigb_apu/minigb_apu.c.obj
 .text.update_square
                0x100313a8      0x138 CMakeFiles/picopad-gb.dir/vendor/minigb_apu/minigb_apu.c.obj
 .text.chan_trigger
                0x100314e0      0x10c CMakeFiles/picopad-gb.dir/vendor/minigb_apu/minigb_apu.c.obj
 .text.audio_callback
                0x100315ec       0x2c CMakeFiles/picopad-gb.dir/vendor/minigb_apu/minigb_apu.c.obj
                0x100315ec                audio_callback
 .text.audio_read
                0x10031618       0x1c CMakeFiles/picopad-gb.dir/vendor/minigb_apu/minigb_apu.c.obj
                0x10031618                audio_read
 .text.audio_write
                0x10031634      0x234 CMakeFiles/picopad-gb.dir/vendor/minigb_apu/minigb_apu.c.obj
                0x10031634                audio_write
 .text.audio_init
                0x10031868       0x84 CMakeFiles/picopad-gb.dir/vendor/minigb_apu/minigb_apu.c.obj
                0x10031868                audio_init
 .text._ZL15compare_spritesPKvS0_
                0x100318ec       0x16 CMakeFiles/picopad-gb.dir/src/main.cpp.obj
 *fill*         0x10031902        0x2 
 .text._Z9gbRomReadP4gb_sj
                0x10031904       0x1c CMakeFiles/picopad-gb.dir/src/main.cpp.obj
                0x10031904                gbRomRead(gb_s*, unsigned int)
 .text._Z13gbCartRamReadP4gb_sj
                0x10031920        0xc CMakeFiles/picopad-gb.dir/src/main.cpp.obj
                0x10031920                gbCartRamRead(gb_s*, unsigned int)
 .text._Z14gbCartRamWriteP4gb_sjh
                0x1003192c        0xc CMakeFiles/picopad-gb.dir/src/main.cpp.obj
                0x1003192c                gbCartRamWrite(gb_s*, unsigned int, unsigned char)
 .text._Z14gbErrorHandlerP4gb_s10gb_error_et
                0x10031938        0x8 CMakeFiles/picopad-gb.dir/src/main.cpp.obj
                0x10031938                gbErrorHandler(gb_s*, gb_error_e, unsigned short)
 .text._Z11lcdDrawLineP4gb_sPKhj
                0x10031940       0x3c CMakeFiles/picopad-gb.dir/src/main.cpp.obj
                0x10031940                lcdDrawLine(gb_s*, unsigned char const*, unsigned int)
 .text._Z9__gb_readP4gb_st
                0x1003197c      0x2d8 CMakeFiles/picopad-gb.dir/src/main.cpp.obj
                0x1003197c                __gb_read(gb_s*, unsigned short)
 .text._Z10__gb_writeP4gb_sjh
                0x10031c54      0x6f0 CMakeFiles/picopad-gb.dir/src/main.cpp.obj
                0x10031c54                __gb_write(gb_s*, unsigned int, unsigned char)
 .text._Z15__gb_execute_cbP4gb_s
                0x10032344      0x330 CMakeFiles/picopad-gb.dir/src/main.cpp.obj
                0x10032344                __gb_execute_cb(gb_s*)
 .text._Z14__gb_draw_lineP4gb_s
                0x10032674      0x8a4 CMakeFiles/picopad-gb.dir/src/main.cpp.obj
                0x10032674                __gb_draw_line(gb_s*)
 .text._Z13__gb_step_cpuP4gb_s
                0x10032f18     0x35d0 CMakeFiles/picopad-gb.dir/src/main.cpp.obj
                0x10032f18                __gb_step_cpu(gb_s*)
 .text._Z8gb_resetP4gb_s
                0x100364e8      0x274 CMakeFiles/picopad-gb.dir/src/main.cpp.obj
                0x100364e8                gb_reset(gb_s*)
 .text._Z7gb_initP4gb_sPFhS0_jES2_PFvS0_jhEPFvS0_10gb_error_etEPv
                0x1003675c      0x140 CMakeFiles/picopad-gb.dir/src/main.cpp.obj
                0x1003675c                gb_init(gb_s*, unsigned char (*)(gb_s*, unsigned int), unsigned char (*)(gb_s*, unsigned int), void (*)(gb_s*, unsigned int, unsigned char), void (*)(gb_s*, gb_error_e, unsigned short), void*)
 .text._Z11gb_init_lcdP4gb_sPFvS0_PKhjE
                0x1003689c       0x48 CMakeFiles/picopad-gb.dir/src/main.cpp.obj
                0x1003689c                gb_init_lcd(gb_s*, void (*)(gb_s*, unsigned char const*, unsigned int))
 .text._Z21convertRGB555toRGB565t
                0x100368e4       0x24 CMakeFiles/picopad-gb.dir/src/main.cpp.obj
                0x100368e4                convertRGB555toRGB565(unsigned short)
 .text._Z13core1DrawLinej
                0x10036908       0xe8 CMakeFiles/picopad-gb.dir/src/main.cpp.obj
                0x10036908                core1DrawLine(unsigned int)
 .text._Z17core1MainFunctionv
                0x100369f0       0x1e CMakeFiles/picopad-gb.dir/src/main.cpp.obj
                0x100369f0                core1MainFunction()
 *fill*         0x10036a0e        0x2 
 .text.main     0x10036a10      0x35c CMakeFiles/picopad-gb.dir/src/main.cpp.obj
                0x10036a10                main
 .text.set_sys_clock_pll
                0x10036d6c       0x78 CMakeFiles/picopad-gb.dir/C_/Development/sdk/pico/pico-sdk/src/rp2_common/pico_stdlib/stdlib.c.obj
                0x10036d6c                set_sys_clock_pll
 .text.gpio_set_function
                0x10036de4       0x30 CMakeFiles/picopad-gb.dir/C_/Development/sdk/pico/pico-sdk/src/rp2_common/hardware_gpio/gpio.c.obj
                0x10036de4                gpio_set_function
 .text.gpio_set_pulls
                0x10036e14       0x34 CMakeFiles/picopad-gb.dir/C_/Development/sdk/pico/pico-sdk/src/rp2_common/hardware_gpio/gpio.c.obj
                0x10036e14                gpio_set_pulls
 .text.gpio_set_outover
                0x10036e48       0x24 CMakeFiles/picopad-gb.dir/C_/Development/sdk/pico/pico-sdk/src/rp2_common/hardware_gpio/gpio.c.obj
                0x10036e48                gpio_set_outover
 .text.gpio_set_input_enabled
                0x10036e6c       0x30 CMakeFiles/picopad-gb.dir/C_/Development/sdk/pico/pico-sdk/src/rp2_common/hardware_gpio/gpio.c.obj
                0x10036e6c                gpio_set_input_enabled
 .text.gpio_init
                0x10036e9c       0x16 CMakeFiles/picopad-gb.dir/C_/Development/sdk/pico/pico-sdk/src/rp2_common/hardware_gpio/gpio.c.obj
                0x10036e9c                gpio_init
 *fill*         0x10036eb2        0x2 
 .text.running_on_fpga
                0x10036eb4       0x14 CMakeFiles/picopad-gb.dir/C_/Development/sdk/pico/pico-sdk/src/rp2_common/pico_platform/platform.c.obj
                0x10036eb4                running_on_fpga
 .text.hw_claim_lock
                0x10036ec8       0x18 CMakeFiles/picopad-gb.dir/C_/Development/sdk/pico/pico-sdk/src/rp2_common/hardware_claim/claim.c.obj
                0x10036ec8                hw_claim_lock
 .text.hw_claim_unlock
                0x10036ee0       0x14 CMakeFiles/picopad-gb.dir/C_/Development/sdk/pico/pico-sdk/src/rp2_common/hardware_claim/claim.c.obj
                0x10036ee0                hw_claim_unlock
 .text.hw_claim_or_assert
                0x10036ef4       0x32 CMakeFiles/picopad-gb.dir/C_/Development/sdk/pico/pico-sdk/src/rp2_common/hardware_claim/claim.c.obj
                0x10036ef4                hw_claim_or_assert
 .text.hw_claim_unused_from_range
                0x10036f26       0x50 CMakeFiles/picopad-gb.dir/C_/Development/sdk/pico/pico-sdk/src/rp2_common/hardware_claim/claim.c.obj
                0x10036f26                hw_claim_unused_from_range
 *fill*         0x10036f76        0x2 
 .text.hw_claim_clear
                0x10036f78       0x40 CMakeFiles/picopad-gb.dir/C_/Development/sdk/pico/pico-sdk/src/rp2_common/hardware_claim/claim.c.obj
                0x10036f78                hw_claim_clear
 .text.spin_locks_reset
                0x10036fb8       0x20 CMakeFiles/picopad-gb.dir/C_/Development/sdk/pico/pico-sdk/src/rp2_common/hardware_sync/sync.c.obj
                0x10036fb8                spin_locks_reset
 .text.next_striped_spin_lock_num
                0x10036fd8       0x1c CMakeFiles/picopad-gb.dir/C_/Development/sdk/pico/pico-sdk/src/rp2_common/hardware_sync/sync.c.obj
                0x10036fd8                next_striped_spin_lock_num
 .text.spin_lock_unclaim
                0x10036ff4       0x24 CMakeFiles/picopad-gb.dir/C_/Development/sdk/pico/pico-sdk/src/rp2_common/hardware_sync/sync.c.obj
                0x10036ff4                spin_lock_unclaim
 .text.set_raw_irq_handler_and_unlock
                0x10037018       0x28 CMakeFiles/picopad-gb.dir/C_/Development/sdk/pico/pico-sdk/src/rp2_common/hardware_irq/irq.c.obj
 .text.resolve_branch
                0x10037040       0x30 CMakeFiles/picopad-gb.dir/C_/Development/sdk/pico/pico-sdk/src/rp2_common/hardware_irq/irq.c.obj
 .text.make_branch
                0x10037070       0x48 CMakeFiles/picopad-gb.dir/C_/Development/sdk/pico/pico-sdk/src/rp2_common/hardware_irq/irq.c.obj
 .text.insert_branch_and_link
                0x100370b8       0x40 CMakeFiles/picopad-gb.dir/C_/Development/sdk/pico/pico-sdk/src/rp2_common/hardware_irq/irq.c.obj
 .text.irq_is_enabled
                0x100370f8       0x18 CMakeFiles/picopad-gb.dir/C_/Development/sdk/pico/pico-sdk/src/rp2_common/hardware_irq/irq.c.obj
                0x100370f8                irq_is_enabled
 .text.irq_set_mask_enabled
                0x10037110       0x20 CMakeFiles/picopad-gb.dir/C_/Development/sdk/pico/pico-sdk/src/rp2_common/hardware_irq/irq.c.obj
                0x10037110                irq_set_mask_enabled
 .text.irq_set_enabled
                0x10037130        0xe CMakeFiles/picopad-gb.dir/C_/Development/sdk/pico/pico-sdk/src/rp2_common/hardware_irq/irq.c.obj
                0x10037130                irq_set_enabled
 *fill*         0x1003713e        0x2 
 .text.irq_get_vtable_handler
                0x10037140       0x10 CMakeFiles/picopad-gb.dir/C_/Development/sdk/pico/pico-sdk/src/rp2_common/hardware_irq/irq.c.obj
                0x10037140                irq_get_vtable_handler
 .text.irq_set_exclusive_handler
                0x10037150       0x54 CMakeFiles/picopad-gb.dir/C_/Development/sdk/pico/pico-sdk/src/rp2_common/hardware_irq/irq.c.obj
                0x10037150                irq_set_exclusive_handler
 .text.irq_remove_handler
                0x100371a4      0x188 CMakeFiles/picopad-gb.dir/C_/Development/sdk/pico/pico-sdk/src/rp2_common/hardware_irq/irq.c.obj
                0x100371a4                irq_remove_handler
 .text.irq_add_tail_to_free_list
                0x1003732c       0xf0 CMakeFiles/picopad-gb.dir/C_/Development/sdk/pico/pico-sdk/src/rp2_common/hardware_irq/irq.c.obj
                0x1003732c                irq_add_tail_to_free_list
 .text.irq_init_priorities
                0x1003741c       0x1c CMakeFiles/picopad-gb.dir/C_/Development/sdk/pico/pico-sdk/src/rp2_common/hardware_irq/irq.c.obj
                0x1003741c                irq_init_priorities
 .text.lock_init
                0x10037438       0x10 CMakeFiles/picopad-gb.dir/C_/Development/sdk/pico/pico-sdk/src/common/pico_sync/lock_core.c.obj
                0x10037438                lock_init
 .text.mutex_init
                0x10037448       0x1a CMakeFiles/picopad-gb.dir/C_/Development/sdk/pico/pico-sdk/src/common/pico_sync/mutex.c.obj
                0x10037448                mutex_init
 .text.recursive_mutex_init
                0x10037462       0x1e CMakeFiles/picopad-gb.dir/C_/Development/sdk/pico/pico-sdk/src/common/pico_sync/mutex.c.obj
                0x10037462                recursive_mutex_init
 .text.time_reached
                0x10037480       0x28 CMakeFiles/picopad-gb.dir/C_/Development/sdk/pico/pico-sdk/src/common/pico_time/time.c.obj
 .text.get_entry
                0x100374a8       0x38 CMakeFiles/picopad-gb.dir/C_/Development/sdk/pico/pico-sdk/src/common/pico_time/time.c.obj
 .text.timer_pool_entry_comparator
                0x100374e0       0x2e CMakeFiles/picopad-gb.dir/C_/Development/sdk/pico/pico-sdk/src/common/pico_time/time.c.obj
                0x100374e0                timer_pool_entry_comparator
 *fill*         0x1003750e        0x2 
 .text.update_us_since_boot
                0x10037510       0x24 CMakeFiles/picopad-gb.dir/C_/Development/sdk/pico/pico-sdk/src/common/pico_time/time.c.obj
 .text.delayed_by_us
                0x10037534       0x34 CMakeFiles/picopad-gb.dir/C_/Development/sdk/pico/pico-sdk/src/common/pico_time/time.c.obj
 .text.ph_get_node
                0x10037568       0x30 CMakeFiles/picopad-gb.dir/C_/Development/sdk/pico/pico-sdk/src/common/pico_time/time.c.obj
 .text.ph_contains_node
                0x10037598       0x1e CMakeFiles/picopad-gb.dir/C_/Development/sdk/pico/pico-sdk/src/common/pico_time/time.c.obj
 .text.ph_new_node
                0x100375b6       0x28 CMakeFiles/picopad-gb.dir/C_/Development/sdk/pico/pico-sdk/src/common/pico_time/time.c.obj
 *fill*         0x100375de        0x2 
 .text.ph_add_child_node
                0x100375e0       0x6c CMakeFiles/picopad-gb.dir/C_/Development/sdk/pico/pico-sdk/src/common/pico_time/time.c.obj
 .text.ph_merge_nodes
                0x1003764c       0x3e CMakeFiles/picopad-gb.dir/C_/Development/sdk/pico/pico-sdk/src/common/pico_time/time.c.obj
 *fill*         0x1003768a        0x2 
 .text.ph_insert_node
                0x1003768c       0x3c CMakeFiles/picopad-gb.dir/C_/Development/sdk/pico/pico-sdk/src/common/pico_time/time.c.obj
 .text.ph_free_node
                0x100376c8       0x5c CMakeFiles/picopad-gb.dir/C_/Development/sdk/pico/pico-sdk/src/common/pico_time/time.c.obj
 .text.get_entry_id_high
                0x10037724       0x30 CMakeFiles/picopad-gb.dir/C_/Development/sdk/pico/pico-sdk/src/common/pico_time/time.c.obj
 .text.alarm_pool_post_alloc_init
                0x10037754       0x40 CMakeFiles/picopad-gb.dir/C_/Development/sdk/pico/pico-sdk/src/common/pico_time/time.c.obj
 .text.sleep_until_callback
                0x10037794       0x30 CMakeFiles/picopad-gb.dir/C_/Development/sdk/pico/pico-sdk/src/common/pico_time/time.c.obj
 .text.get_absolute_time
                0x100377c4       0x22 CMakeFiles/picopad-gb.dir/C_/Development/sdk/pico/pico-sdk/src/common/pico_time/time.c.obj
 .text.make_timeout_time_us
                0x100377e6       0x24 CMakeFiles/picopad-gb.dir/C_/Development/sdk/pico/pico-sdk/src/common/pico_time/time.c.obj
 *fill*         0x1003780a        0x2 
 .text.add_alarm_under_lock
                0x1003780c       0x94 CMakeFiles/picopad-gb.dir/C_/Development/sdk/pico/pico-sdk/src/common/pico_time/time.c.obj
 .text.alarm_pool_alarm_callback
                0x100378a0      0x210 CMakeFiles/picopad-gb.dir/C_/Development/sdk/pico/pico-sdk/src/common/pico_time/time.c.obj
 .text.alarm_pool_init_default
                0x10037ab0       0x40 CMakeFiles/picopad-gb.dir/C_/Development/sdk/pico/pico-sdk/src/common/pico_time/time.c.obj
                0x10037ab0                alarm_pool_init_default
 .text.alarm_pool_get_default
                0x10037af0       0x2c CMakeFiles/picopad-gb.dir/C_/Development/sdk/pico/pico-sdk/src/common/pico_time/time.c.obj
                0x10037af0                alarm_pool_get_default
 .text.alarm_pool_add_alarm_at
                0x10037b1c      0x10e CMakeFiles/picopad-gb.dir/C_/Development/sdk/pico/pico-sdk/src/common/pico_time/time.c.obj
                0x10037b1c                alarm_pool_add_alarm_at
 .text.add_alarm_at
                0x10037c2a       0x2e CMakeFiles/picopad-gb.dir/C_/Development/sdk/pico/pico-sdk/src/common/pico_time/time.c.obj
 .text.alarm_pool_cancel_alarm
                0x10037c58       0xa8 CMakeFiles/picopad-gb.dir/C_/Development/sdk/pico/pico-sdk/src/common/pico_time/time.c.obj
                0x10037c58                alarm_pool_cancel_alarm
 .text.cancel_alarm
                0x10037d00       0x10 CMakeFiles/picopad-gb.dir/C_/Development/sdk/pico/pico-sdk/src/common/pico_time/time.c.obj
 .text.sleep_until
                0x10037d10       0xb0 CMakeFiles/picopad-gb.dir/C_/Development/sdk/pico/pico-sdk/src/common/pico_time/time.c.obj
                0x10037d10                sleep_until
 .text.sleep_us
                0x10037dc0       0x1a CMakeFiles/picopad-gb.dir/C_/Development/sdk/pico/pico-sdk/src/common/pico_time/time.c.obj
                0x10037dc0                sleep_us
 .text.sleep_ms
                0x10037dda       0x14 CMakeFiles/picopad-gb.dir/C_/Development/sdk/pico/pico-sdk/src/common/pico_time/time.c.obj
                0x10037dda                sleep_ms
 *fill*         0x10037dee        0x2 
 .text.best_effort_wfe_or_timeout
                0x10037df0       0x44 CMakeFiles/picopad-gb.dir/C_/Development/sdk/pico/pico-sdk/src/common/pico_time/time.c.obj
                0x10037df0                best_effort_wfe_or_timeout
 .text.update_us_since_boot
                0x10037e34       0x24 CMakeFiles/picopad-gb.dir/C_/Development/sdk/pico/pico-sdk/src/rp2_common/hardware_timer/timer.c.obj
 .text.hardware_alarm_irq_handler
                0x10037e58       0x8c CMakeFiles/picopad-gb.dir/C_/Development/sdk/pico/pico-sdk/src/rp2_common/hardware_timer/timer.c.obj
 .text.hardware_alarm_claim
                0x10037ee4       0x18 CMakeFiles/picopad-gb.dir/C_/Development/sdk/pico/pico-sdk/src/rp2_common/hardware_timer/timer.c.obj
                0x10037ee4                hardware_alarm_claim
 .text.time_us_64
                0x10037efc       0x18 CMakeFiles/picopad-gb.dir/C_/Development/sdk/pico/pico-sdk/src/rp2_common/hardware_timer/timer.c.obj
                0x10037efc                time_us_64
 .text.busy_wait_until
                0x10037f14       0x28 CMakeFiles/picopad-gb.dir/C_/Development/sdk/pico/pico-sdk/src/rp2_common/hardware_timer/timer.c.obj
                0x10037f14                busy_wait_until
 .text.busy_wait_us
                0x10037f3c       0x3a CMakeFiles/picopad-gb.dir/C_/Development/sdk/pico/pico-sdk/src/rp2_common/hardware_timer/timer.c.obj
                0x10037f3c                busy_wait_us
 *fill*         0x10037f76        0x2 
 .text.hardware_alarm_set_callback
                0x10037f78       0x90 CMakeFiles/picopad-gb.dir/C_/Development/sdk/pico/pico-sdk/src/rp2_common/hardware_timer/timer.c.obj
                0x10037f78                hardware_alarm_set_callback
 .text.hardware_alarm_set_target
                0x10038008       0xe8 CMakeFiles/picopad-gb.dir/C_/Development/sdk/pico/pico-sdk/src/rp2_common/hardware_timer/timer.c.obj
                0x10038008                hardware_alarm_set_target
 .text.hardware_alarm_cancel
                0x100380f0       0x40 CMakeFiles/picopad-gb.dir/C_/Development/sdk/pico/pico-sdk/src/rp2_common/hardware_timer/timer.c.obj
                0x100380f0                hardware_alarm_cancel
 .text.ph_get_node
                0x10038130       0x30 CMakeFiles/picopad-gb.dir/C_/Development/sdk/pico/pico-sdk/src/common/pico_util/pheap.c.obj
 .text.ph_add_child_node
                0x10038160       0x6c CMakeFiles/picopad-gb.dir/C_/Development/sdk/pico/pico-sdk/src/common/pico_util/pheap.c.obj
 .text.ph_merge_nodes
                0x100381cc       0x3e CMakeFiles/picopad-gb.dir/C_/Development/sdk/pico/pico-sdk/src/common/pico_util/pheap.c.obj
 .text.ph_clear
                0x1003820a       0x34 CMakeFiles/picopad-gb.dir/C_/Development/sdk/pico/pico-sdk/src/common/pico_util/pheap.c.obj
                0x1003820a                ph_clear
 .text.ph_post_alloc_init
                0x1003823e        0xe CMakeFiles/picopad-gb.dir/C_/Development/sdk/pico/pico-sdk/src/common/pico_util/pheap.c.obj
                0x1003823e                ph_post_alloc_init
 .text.ph_merge_two_pass
                0x1003824c       0x5c CMakeFiles/picopad-gb.dir/C_/Development/sdk/pico/pico-sdk/src/common/pico_util/pheap.c.obj
                0x1003824c                ph_merge_two_pass
 .text.ph_remove_any_head
                0x100382a8       0xc0 CMakeFiles/picopad-gb.dir/C_/Development/sdk/pico/pico-sdk/src/common/pico_util/pheap.c.obj
 .text.ph_remove_head
                0x10038368       0x14 CMakeFiles/picopad-gb.dir/C_/Development/sdk/pico/pico-sdk/src/common/pico_util/pheap.c.obj
                0x10038368                ph_remove_head
 .text.ph_remove_and_free_node
                0x1003837c       0xa0 CMakeFiles/picopad-gb.dir/C_/Development/sdk/pico/pico-sdk/src/common/pico_util/pheap.c.obj
                0x1003837c                ph_remove_and_free_node
 .text.uart_disable_before_lcr_write
                0x1003841c       0x48 CMakeFiles/picopad-gb.dir/C_/Development/sdk/pico/pico-sdk/src/rp2_common/hardware_uart/uart.c.obj
 .text.uart_write_lcr_bits_masked
                0x10038464       0x22 CMakeFiles/picopad-gb.dir/C_/Development/sdk/pico/pico-sdk/src/rp2_common/hardware_uart/uart.c.obj
 *fill*         0x10038486        0x2 
 .text.uart_set_baudrate
                0x10038488       0x5c CMakeFiles/picopad-gb.dir/C_/Development/sdk/pico/pico-sdk/src/rp2_common/hardware_uart/uart.c.obj
                0x10038488                uart_set_baudrate
 .text.uart_set_format
                0x100384e4       0x2c CMakeFiles/picopad-gb.dir/C_/Development/sdk/pico/pico-sdk/src/rp2_common/hardware_uart/uart.c.obj
                0x100384e4                uart_set_format
 .text.uart_set_translate_crlf
                0x10038510       0x28 CMakeFiles/picopad-gb.dir/C_/Development/sdk/pico/pico-sdk/src/rp2_common/hardware_uart/uart.c.obj
                0x10038510                uart_set_translate_crlf
 .text.uart_init
                0x10038538       0x80 CMakeFiles/picopad-gb.dir/C_/Development/sdk/pico/pico-sdk/src/rp2_common/hardware_uart/uart.c.obj
                0x10038538                uart_init
 .text.clock_configure
                0x100385b8      0x108 CMakeFiles/picopad-gb.dir/C_/Development/sdk/pico/pico-sdk/src/rp2_common/hardware_clocks/clocks.c.obj
                0x100385b8                clock_configure
 .text.clocks_init
                0x100386c0      0x100 CMakeFiles/picopad-gb.dir/C_/Development/sdk/pico/pico-sdk/src/rp2_common/hardware_clocks/clocks.c.obj
                0x100386c0                clocks_init
 .text.clock_get_hz
                0x100387c0        0xc CMakeFiles/picopad-gb.dir/C_/Development/sdk/pico/pico-sdk/src/rp2_common/hardware_clocks/clocks.c.obj
                0x100387c0                clock_get_hz
 .text.pll_init
                0x100387cc      0x120 CMakeFiles/picopad-gb.dir/C_/Development/sdk/pico/pico-sdk/src/rp2_common/hardware_pll/pll.c.obj
                0x100387cc                pll_init
 .text.vreg_set_voltage
                0x100388ec       0x1c CMakeFiles/picopad-gb.dir/C_/Development/sdk/pico/pico-sdk/src/rp2_common/hardware_vreg/vreg.c.obj
                0x100388ec                vreg_set_voltage
 .text.watchdog_start_tick
                0x10038908       0x10 CMakeFiles/picopad-gb.dir/C_/Development/sdk/pico/pico-sdk/src/rp2_common/hardware_watchdog/watchdog.c.obj
                0x10038908                watchdog_start_tick
 .text.watchdog_update
                0x10038918       0x14 CMakeFiles/picopad-gb.dir/C_/Development/sdk/pico/pico-sdk/src/rp2_common/hardware_watchdog/watchdog.c.obj
                0x10038918                watchdog_update
 .text._watchdog_enable
                0x1003892c       0x78 CMakeFiles/picopad-gb.dir/C_/Development/sdk/pico/pico-sdk/src/rp2_common/hardware_watchdog/watchdog.c.obj
                0x1003892c                _watchdog_enable
 .text.watchdog_enable
                0x100389a4       0x18 CMakeFiles/picopad-gb.dir/C_/Development/sdk/pico/pico-sdk/src/rp2_common/hardware_watchdog/watchdog.c.obj
                0x100389a4                watchdog_enable
 .text.xosc_init
                0x100389bc       0x28 CMakeFiles/picopad-gb.dir/C_/Development/sdk/pico/pico-sdk/src/rp2_common/hardware_xosc/xosc.c.obj
                0x100389bc                xosc_init
 .text._exit    0x100389e4        0x4 CMakeFiles/picopad-gb.dir/C_/Development/sdk/pico/pico-sdk/src/rp2_common/pico_runtime/runtime.c.obj
                0x100389e4                _exit
 .text._sbrk    0x100389e8       0x38 CMakeFiles/picopad-gb.dir/C_/Development/sdk/pico/pico-sdk/src/rp2_common/pico_runtime/runtime.c.obj
                0x100389e8                _sbrk
 .text.exit     0x10038a20        0x6 CMakeFiles/picopad-gb.dir/C_/Development/sdk/pico/pico-sdk/src/rp2_common/pico_runtime/runtime.c.obj
                0x10038a20                exit
 *fill*         0x10038a26        0x2 
 .text.__assert_func
                0x10038a28       0x38 CMakeFiles/picopad-gb.dir/C_/Development/sdk/pico/pico-sdk/src/rp2_common/pico_runtime/runtime.c.obj
                0x10038a28                __assert_func
 .text.runtime_init
                0x10038a60       0xf8 CMakeFiles/picopad-gb.dir/C_/Development/sdk/pico/pico-sdk/src/rp2_common/pico_runtime/runtime.c.obj
                0x10038a60                runtime_init
 .text.panic    0x10038b58       0x30 CMakeFiles/picopad-gb.dir/C_/Development/sdk/pico/pico-sdk/src/rp2_common/pico_runtime/runtime.c.obj
                0x10038b58                panic
 .text._out_buffer
                0x10038b88        0x8 CMakeFiles/picopad-gb.dir/C_/Development/sdk/pico/pico-sdk/src/rp2_common/pico_printf/printf.c.obj
 .text._out_null
                0x10038b90        0x2 CMakeFiles/picopad-gb.dir/C_/Development/sdk/pico/pico-sdk/src/rp2_common/pico_printf/printf.c.obj
 .text._out_fct
                0x10038b92        0xe CMakeFiles/picopad-gb.dir/C_/Development/sdk/pico/pico-sdk/src/rp2_common/pico_printf/printf.c.obj
 .text._atoi    0x10038ba0       0x24 CMakeFiles/picopad-gb.dir/C_/Development/sdk/pico/pico-sdk/src/rp2_common/pico_printf/printf.c.obj
 .text._out_rev
                0x10038bc4       0xae CMakeFiles/picopad-gb.dir/C_/Development/sdk/pico/pico-sdk/src/rp2_common/pico_printf/printf.c.obj
 .text._ntoa_format
                0x10038c72      0x110 CMakeFiles/picopad-gb.dir/C_/Development/sdk/pico/pico-sdk/src/rp2_common/pico_printf/printf.c.obj
 .text._ntoa_long
                0x10038d82       0xbc CMakeFiles/picopad-gb.dir/C_/Development/sdk/pico/pico-sdk/src/rp2_common/pico_printf/printf.c.obj
 .text._ntoa_long_long
                0x10038e3e      0x10e CMakeFiles/picopad-gb.dir/C_/Development/sdk/pico/pico-sdk/src/rp2_common/pico_printf/printf.c.obj
 .text._etoa    0x10038f4c      0x420 CMakeFiles/picopad-gb.dir/C_/Development/sdk/pico/pico-sdk/src/rp2_common/pico_printf/printf.c.obj
 .text._ftoa    0x1003936c      0x354 CMakeFiles/picopad-gb.dir/C_/Development/sdk/pico/pico-sdk/src/rp2_common/pico_printf/printf.c.obj
 .text._vsnprintf
                0x100396c0      0x65c CMakeFiles/picopad-gb.dir/C_/Development/sdk/pico/pico-sdk/src/rp2_common/pico_printf/printf.c.obj
 .text.__wrap_snprintf
                0x10039d1c       0x28 CMakeFiles/picopad-gb.dir/C_/Development/sdk/pico/pico-sdk/src/rp2_common/pico_printf/printf.c.obj
                0x10039d1c                __wrap_snprintf
 .text.vfctprintf
                0x10039d44       0x20 CMakeFiles/picopad-gb.dir/C_/Development/sdk/pico/pico-sdk/src/rp2_common/pico_printf/printf.c.obj
                0x10039d44                vfctprintf
 .text          0x10039d64       0x10 CMakeFiles/picopad-gb.dir/C_/Development/sdk/pico/pico-sdk/src/rp2_common/pico_bit_ops/bit_ops_aeabi.S.obj
 .text.rom_func_lookup
                0x10039d74       0x10 CMakeFiles/picopad-gb.dir/C_/Development/sdk/pico/pico-sdk/src/rp2_common/pico_bootrom/bootrom.c.obj
                0x10039d74                rom_func_lookup
 .text.rom_data_lookup
                0x10039d84       0x10 CMakeFiles/picopad-gb.dir/C_/Development/sdk/pico/pico-sdk/src/rp2_common/pico_bootrom/bootrom.c.obj
                0x10039d84                rom_data_lookup
 .text.rom_funcs_lookup
                0x10039d94       0x36 CMakeFiles/picopad-gb.dir/C_/Development/sdk/pico/pico-sdk/src/rp2_common/pico_bootrom/bootrom.c.obj
                0x10039d94                rom_funcs_lookup
 *fill*         0x10039dca        0x2 
 .text.__wrap___aeabi_idiv
                0x10039dcc       0x50 CMakeFiles/picopad-gb.dir/C_/Development/sdk/pico/pico-sdk/src/rp2_common/pico_divider/divider.S.obj
                0x10039dcc                __wrap___aeabi_idivmod
                0x10039dcc                divmod_s32s32
                0x10039dcc                div_s32s32
                0x10039dcc                __wrap___aeabi_idiv
                0x10039dd4                divmod_s32s32_unsafe
                0x10039e00                divmod_s32s32_savestate
 .text.__wrap___aeabi_uidiv
                0x10039e1c       0x4c CMakeFiles/picopad-gb.dir/C_/Development/sdk/pico/pico-sdk/src/rp2_common/pico_divider/divider.S.obj
                0x10039e1c                __wrap___aeabi_uidiv
                0x10039e1c                __wrap___aeabi_uidivmod
                0x10039e1c                div_u32u32
                0x10039e1c                divmod_u32u32
                0x10039e24                divmod_u32u32_unsafe
                0x10039e4c                divmod_u32u32_savestate
 .text.__wrap___aeabi_ldiv
                0x10039e68      0x424 CMakeFiles/picopad-gb.dir/C_/Development/sdk/pico/pico-sdk/src/rp2_common/pico_divider/divider.S.obj
                0x10039e68                div_s64s64
                0x10039e68                divmod_s64s64
                0x10039e68                __wrap___aeabi_ldivmod
                0x10039e98                divmod_u64u64
                0x10039e98                div_u64u64
                0x10039e98                __wrap___aeabi_uldivmod
                0x10039ea8                divmod_u64u64_savestate
                0x10039ec8                divmod_s64s64_unsafe
                0x10039f50                divmod_u64u64_unsafe
 .text.__wrap___aeabi_darithmetic
                0x1003a28c       0x80 CMakeFiles/picopad-gb.dir/C_/Development/sdk/pico/pico-sdk/src/rp2_common/pico_double/double_aeabi.S.obj
                0x1003a28c                __wrap___aeabi_drsub
                0x1003a292                __wrap___aeabi_dsub
                0x1003a2a4                __wrap___aeabi_dadd
                0x1003a2b6                __wrap___aeabi_ddiv
                0x1003a2f2                __wrap___aeabi_dmul
 .text.__wrap___aeabi_cdcmple
                0x1003a30c       0x6c CMakeFiles/picopad-gb.dir/C_/Development/sdk/pico/pico-sdk/src/rp2_common/pico_double/double_aeabi.S.obj
                0x1003a30c                __wrap___aeabi_cdrcmple
                0x1003a31c                __wrap___aeabi_cdcmpeq
                0x1003a31c                __wrap___aeabi_cdcmple
 .text.__wrap___aeabi_dcmplt
                0x1003a378        0xc CMakeFiles/picopad-gb.dir/C_/Development/sdk/pico/pico-sdk/src/rp2_common/pico_double/double_aeabi.S.obj
                0x1003a378                __wrap___aeabi_dcmplt
 .text.__wrap___aeabi_dcmple
                0x1003a384       0x10 CMakeFiles/picopad-gb.dir/C_/Development/sdk/pico/pico-sdk/src/rp2_common/pico_double/double_aeabi.S.obj
                0x1003a384                __wrap___aeabi_dcmple
 .text.__wrap___aeabi_dcmpge
                0x1003a394       0x10 CMakeFiles/picopad-gb.dir/C_/Development/sdk/pico/pico-sdk/src/rp2_common/pico_double/double_aeabi.S.obj
                0x1003a394                __wrap___aeabi_dcmpge
 .text.__wrap___aeabi_dcmpgt
                0x1003a3a4        0xa CMakeFiles/picopad-gb.dir/C_/Development/sdk/pico/pico-sdk/src/rp2_common/pico_double/double_aeabi.S.obj
                0x1003a3a4                __wrap___aeabi_dcmpgt
 .text.__wrap___aeabi_dcmpun
                0x1003a3ae       0x1c CMakeFiles/picopad-gb.dir/C_/Development/sdk/pico/pico-sdk/src/rp2_common/pico_double/double_aeabi.S.obj
                0x1003a3ae                __wrap___aeabi_dcmpun
 *fill*         0x1003a3ca        0x2 
 .text.__wrap___aeabi_i2d
                0x1003a3cc       0x38 CMakeFiles/picopad-gb.dir/C_/Development/sdk/pico/pico-sdk/src/rp2_common/pico_double/double_aeabi.S.obj
                0x1003a3cc                __wrap___aeabi_ui2d
                0x1003a3d4                __wrap___aeabi_i2d
 .text.__wrap___aeabi_d2iz
                0x1003a404       0x48 CMakeFiles/picopad-gb.dir/C_/Development/sdk/pico/pico-sdk/src/rp2_common/pico_double/double_aeabi.S.obj
                0x1003a404                double2int_z
                0x1003a404                __wrap___aeabi_d2iz
 .text.__wrap___aeabi_d2uiz
                0x1003a44c       0x18 CMakeFiles/picopad-gb.dir/C_/Development/sdk/pico/pico-sdk/src/rp2_common/pico_double/double_aeabi.S.obj
                0x1003a44c                __wrap___aeabi_d2uiz
                0x1003a44c                double2uint
 .text.__wrap___aeabi_d2f
                0x1003a464       0x18 CMakeFiles/picopad-gb.dir/C_/Development/sdk/pico/pico-sdk/src/rp2_common/pico_double/double_aeabi.S.obj
                0x1003a464                __wrap___aeabi_d2f
 .text.__wrap_exp
                0x1003a47c       0x18 CMakeFiles/picopad-gb.dir/C_/Development/sdk/pico/pico-sdk/src/rp2_common/pico_double/double_aeabi.S.obj
                0x1003a47c                __wrap_exp
 .text.__aeabi_double_init
                0x1003a494       0xcc CMakeFiles/picopad-gb.dir/C_/Development/sdk/pico/pico-sdk/src/rp2_common/pico_double/double_init_rom.c.obj
                0x1003a494                __aeabi_double_init
 .text.double_table_shim_on_use_helper
                0x1003a560       0x34 CMakeFiles/picopad-gb.dir/C_/Development/sdk/pico/pico-sdk/src/rp2_common/pico_double/double_v1_rom_shim.S.obj
                0x1003a560                double_table_shim_on_use_helper
 .text.__wrap___aeabi_dsub
                0x1003a594       0x10 CMakeFiles/picopad-gb.dir/C_/Development/sdk/pico/pico-sdk/src/rp2_common/pico_double/double_v1_rom_shim.S.obj
                0x1003a594                drsub_shim
                0x1003a59a                dsub_shim
 .text.dadd_shim
                0x1003a5a4      0x15c CMakeFiles/picopad-gb.dir/C_/Development/sdk/pico/pico-sdk/src/rp2_common/pico_double/double_v1_rom_shim.S.obj
                0x1003a5a4                dadd_shim
 .text.dmul_shim
                0x1003a700      0x15c CMakeFiles/picopad-gb.dir/C_/Development/sdk/pico/pico-sdk/src/rp2_common/pico_double/double_v1_rom_shim.S.obj
                0x1003a700                dmul_shim
 .text.ddiv_shim
                0x1003a85c      0x1b0 CMakeFiles/picopad-gb.dir/C_/Development/sdk/pico/pico-sdk/src/rp2_common/pico_double/double_v1_rom_shim.S.obj
                0x1003a85c                ddiv_shim
 .text.double2uint_shim
                0x1003aa0c        0xe CMakeFiles/picopad-gb.dir/C_/Development/sdk/pico/pico-sdk/src/rp2_common/pico_double/double_v1_rom_shim.S.obj
                0x1003aa0c                double2uint_shim
                0x1003aa0e                double2ufix_shim
 *fill*         0x1003aa1a        0x2 
 .text.double2uint64_shim
                0x1003aa1c       0x70 CMakeFiles/picopad-gb.dir/C_/Development/sdk/pico/pico-sdk/src/rp2_common/pico_double/double_v1_rom_shim.S.obj
                0x1003aa1c                double2uint64_shim
                0x1003aa1e                double2ufix64_shim
                0x1003aa3e                d2fix_a
 .text.double2float_shim
                0x1003aa8c       0x5c CMakeFiles/picopad-gb.dir/C_/Development/sdk/pico/pico-sdk/src/rp2_common/pico_double/double_v1_rom_shim.S.obj
                0x1003aa8c                double2float_shim
 .text.x2double_shims
                0x1003aae8       0x90 CMakeFiles/picopad-gb.dir/C_/Development/sdk/pico/pico-sdk/src/rp2_common/pico_double/double_v1_rom_shim.S.obj
                0x1003aae8                uint2double_shim
                0x1003aaea                ufix2double_shim
                0x1003aaf0                int2double_shim
                0x1003aaf2                fix2double_shim
                0x1003aaf8                uint642double_shim
                0x1003aafa                ufix642double_shim
                0x1003ab00                int642double_shim
                0x1003ab02                fix642double_shim
 .text.dunpacks
                0x1003ab78       0x3c CMakeFiles/picopad-gb.dir/C_/Development/sdk/pico/pico-sdk/src/rp2_common/pico_double/double_v1_rom_shim.S.obj
                0x1003ab78                dunpacks
 .text.dreduce  0x1003abb4       0x82 CMakeFiles/picopad-gb.dir/C_/Development/sdk/pico/pico-sdk/src/rp2_common/pico_double/double_v1_rom_shim.S.obj
                0x1003abb4                dreduce
 *fill*         0x1003ac36        0x2 
 .text.dexp_guts
                0x1003ac38      0x268 CMakeFiles/picopad-gb.dir/C_/Development/sdk/pico/pico-sdk/src/rp2_common/pico_double/double_v1_rom_shim.S.obj
                0x1003ac38                dexp_shim
                0x1003acd4                dln_shim
 .text.__aeabi_lmul
                0x1003aea0       0x32 CMakeFiles/picopad-gb.dir/C_/Development/sdk/pico/pico-sdk/src/rp2_common/pico_int64_ops/pico_int64_ops_aeabi.S.obj
                0x1003aea0                __wrap___aeabi_lmul
 *fill*         0x1003aed2        0x2 
 .text.__wrap___aeabi_farithmetic
                0x1003aed4       0x58 CMakeFiles/picopad-gb.dir/C_/Development/sdk/pico/pico-sdk/src/rp2_common/pico_float/float_aeabi.S.obj
                0x1003aed4                __wrap___aeabi_frsub
                0x1003aeda                __wrap___aeabi_fsub
                0x1003aee4                __wrap___aeabi_fadd
                0x1003aeee                __wrap___aeabi_fdiv
                0x1003af1a                __wrap___aeabi_fmul
 .text.__wrap___aeabi_ui2f
                0x1003af2c        0xa CMakeFiles/picopad-gb.dir/C_/Development/sdk/pico/pico-sdk/src/rp2_common/pico_float/float_aeabi.S.obj
                0x1003af2c                __wrap___aeabi_ui2f
 *fill*         0x1003af36        0x2 
 .text.__wrap___aeabi_i2f
                0x1003af38       0x44 CMakeFiles/picopad-gb.dir/C_/Development/sdk/pico/pico-sdk/src/rp2_common/pico_float/float_aeabi.S.obj
                0x1003af38                __wrap___aeabi_i2f
 .text.__wrap___aeabi_f2iz
                0x1003af7c       0x4e CMakeFiles/picopad-gb.dir/C_/Development/sdk/pico/pico-sdk/src/rp2_common/pico_float/float_aeabi.S.obj
                0x1003af7c                float2int_z
                0x1003af7c                __wrap___aeabi_f2iz
 *fill*         0x1003afca        0x2 
 .text.float2int
                0x1003afcc       0x14 CMakeFiles/picopad-gb.dir/C_/Development/sdk/pico/pico-sdk/src/rp2_common/pico_float/float_aeabi.S.obj
                0x1003afcc                float2int
 .text.__wrap___aeabi_f2uiz
                0x1003afe0       0x10 CMakeFiles/picopad-gb.dir/C_/Development/sdk/pico/pico-sdk/src/rp2_common/pico_float/float_aeabi.S.obj
                0x1003afe0                __wrap___aeabi_f2uiz
 .text.__wrap___aeabi_f2d
                0x1003aff0       0x14 CMakeFiles/picopad-gb.dir/C_/Development/sdk/pico/pico-sdk/src/rp2_common/pico_float/float_aeabi.S.obj
                0x1003aff0                __wrap___aeabi_f2d
 .text.__aeabi_float_init
                0x1003b004       0xfc CMakeFiles/picopad-gb.dir/C_/Development/sdk/pico/pico-sdk/src/rp2_common/pico_float/float_init_rom.c.obj
                0x1003b004                __aeabi_float_init
 .text.float_table_shim_on_use_helper
                0x1003b100       0x34 CMakeFiles/picopad-gb.dir/C_/Development/sdk/pico/pico-sdk/src/rp2_common/pico_float/float_v1_rom_shim.S.obj
                0x1003b100                float_table_shim_on_use_helper
 .text.float232_shims
                0x1003b134       0x18 CMakeFiles/picopad-gb.dir/C_/Development/sdk/pico/pico-sdk/src/rp2_common/pico_float/float_v1_rom_shim.S.obj
                0x1003b134                float2int_shim
                0x1003b136                float2fix_shim
 .text.float2double_shim
                0x1003b14c       0x30 CMakeFiles/picopad-gb.dir/C_/Development/sdk/pico/pico-sdk/src/rp2_common/pico_float/float_v1_rom_shim.S.obj
                0x1003b14c                float2double_shim
 .text.check_alloc
                0x1003b17c       0x20 CMakeFiles/picopad-gb.dir/C_/Development/sdk/pico/pico-sdk/src/rp2_common/pico_malloc/pico_malloc.c.obj
 .text.__wrap_malloc
                0x1003b19c       0x2c CMakeFiles/picopad-gb.dir/C_/Development/sdk/pico/pico-sdk/src/rp2_common/pico_malloc/pico_malloc.c.obj
                0x1003b19c                __wrap_malloc
 .text          0x1003b1c8       0x10 CMakeFiles/picopad-gb.dir/C_/Development/sdk/pico/pico-sdk/src/rp2_common/pico_mem_ops/mem_ops_aeabi.S.obj
                0x1003b1c8                __aeabi_mem_init
 .text.memset   0x1003b1d8        0xc CMakeFiles/picopad-gb.dir/C_/Development/sdk/pico/pico-sdk/src/rp2_common/pico_mem_ops/mem_ops_aeabi.S.obj
                0x1003b1d8                __wrap_memset
 .text.memcpy   0x1003b1e4        0xc CMakeFiles/picopad-gb.dir/C_/Development/sdk/pico/pico-sdk/src/rp2_common/pico_mem_ops/mem_ops_aeabi.S.obj
                0x1003b1e4                __wrap_memcpy
                0x1003b1e4                __wrap___aeabi_memcpy
 .text._Znaj    0x1003b1f0        0x8 CMakeFiles/picopad-gb.dir/C_/Development/sdk/pico/pico-sdk/src/rp2_common/pico_standard_link/new_delete.cpp.obj
                0x1003b1f0                operator new[](unsigned int)
 .text.stdio_out_chars_no_crlf
                0x1003b1f8        0xe CMakeFiles/picopad-gb.dir/C_/Development/sdk/pico/pico-sdk/src/rp2_common/pico_stdio/stdio.c.obj
 *fill*         0x1003b206        0x2 
 .text.stdio_out_chars_crlf
                0x1003b208       0x80 CMakeFiles/picopad-gb.dir/C_/Development/sdk/pico/pico-sdk/src/rp2_common/pico_stdio/stdio.c.obj
 .text.stdio_stack_buffer_flush
                0x1003b288       0x44 CMakeFiles/picopad-gb.dir/C_/Development/sdk/pico/pico-sdk/src/rp2_common/pico_stdio/stdio.c.obj
 .text.stdio_buffered_printer
                0x1003b2cc       0x20 CMakeFiles/picopad-gb.dir/C_/Development/sdk/pico/pico-sdk/src/rp2_common/pico_stdio/stdio.c.obj
 .text.update_us_since_boot
                0x1003b2ec       0x24 CMakeFiles/picopad-gb.dir/C_/Development/sdk/pico/pico-sdk/src/rp2_common/pico_stdio/stdio.c.obj
 .text.get_absolute_time
                0x1003b310       0x22 CMakeFiles/picopad-gb.dir/C_/Development/sdk/pico/pico-sdk/src/rp2_common/pico_stdio/stdio.c.obj
 *fill*         0x1003b332        0x2 
 .text.delayed_by_ms
                0x1003b334       0x44 CMakeFiles/picopad-gb.dir/C_/Development/sdk/pico/pico-sdk/src/rp2_common/pico_stdio/stdio.c.obj
 .text.make_timeout_time_ms
                0x1003b378       0x20 CMakeFiles/picopad-gb.dir/C_/Development/sdk/pico/pico-sdk/src/rp2_common/pico_stdio/stdio.c.obj
 .text.stdout_serialize_begin
                0x1003b398       0x20 CMakeFiles/picopad-gb.dir/C_/Development/sdk/pico/pico-sdk/src/rp2_common/pico_stdio/stdio.c.obj
                0x1003b398                stdout_serialize_begin
 .text.stdout_serialize_end
                0x1003b3b8       0x10 CMakeFiles/picopad-gb.dir/C_/Development/sdk/pico/pico-sdk/src/rp2_common/pico_stdio/stdio.c.obj
                0x1003b3b8                stdout_serialize_end
 .text.stdio_put_string
                0x1003b3c8       0x98 CMakeFiles/picopad-gb.dir/C_/Development/sdk/pico/pico-sdk/src/rp2_common/pico_stdio/stdio.c.obj
 .text.stdio_set_driver_enabled
                0x1003b460       0x2c CMakeFiles/picopad-gb.dir/C_/Development/sdk/pico/pico-sdk/src/rp2_common/pico_stdio/stdio.c.obj
                0x1003b460                stdio_set_driver_enabled
 .text.stdio_flush
                0x1003b48c       0x20 CMakeFiles/picopad-gb.dir/C_/Development/sdk/pico/pico-sdk/src/rp2_common/pico_stdio/stdio.c.obj
                0x1003b48c                stdio_flush
 .text.__wrap_puts
                0x1003b4ac       0x1e CMakeFiles/picopad-gb.dir/C_/Development/sdk/pico/pico-sdk/src/rp2_common/pico_stdio/stdio.c.obj
                0x1003b4ac                __wrap_puts
 *fill*         0x1003b4ca        0x2 
 .text.__wrap_vprintf
                0x1003b4cc       0x40 CMakeFiles/picopad-gb.dir/C_/Development/sdk/pico/pico-sdk/src/rp2_common/pico_stdio/stdio.c.obj
                0x1003b4cc                __wrap_vprintf
 .text.__wrap_printf
                0x1003b50c       0x18 CMakeFiles/picopad-gb.dir/C_/Development/sdk/pico/pico-sdk/src/rp2_common/pico_stdio/stdio.c.obj
                0x1003b50c                __wrap_printf
 .text.stdio_init_all
                0x1003b524        0xa CMakeFiles/picopad-gb.dir/C_/Development/sdk/pico/pico-sdk/src/rp2_common/pico_stdio/stdio.c.obj
                0x1003b524                stdio_init_all
 *fill*         0x1003b52e        0x2 
 .text.uart_putc
                0x1003b530       0x60 CMakeFiles/picopad-gb.dir/C_/Development/sdk/pico/pico-sdk/src/rp2_common/pico_stdio_uart/stdio_uart.c.obj
 .text.uart_getc
                0x1003b590       0x24 CMakeFiles/picopad-gb.dir/C_/Development/sdk/pico/pico-sdk/src/rp2_common/pico_stdio_uart/stdio_uart.c.obj
 .text.stdio_uart_out_chars
                0x1003b5b4       0x20 CMakeFiles/picopad-gb.dir/C_/Development/sdk/pico/pico-sdk/src/rp2_common/pico_stdio_uart/stdio_uart.c.obj
 .text.stdio_uart_in_chars
                0x1003b5d4       0x5c CMakeFiles/picopad-gb.dir/C_/Development/sdk/pico/pico-sdk/src/rp2_common/pico_stdio_uart/stdio_uart.c.obj
                0x1003b5d4                stdio_uart_in_chars
 .text.on_uart_rx
                0x1003b630       0x28 CMakeFiles/picopad-gb.dir/C_/Development/sdk/pico/pico-sdk/src/rp2_common/pico_stdio_uart/stdio_uart.c.obj
 .text.stdio_uart_set_chars_available_callback
                0x1003b658       0x8c CMakeFiles/picopad-gb.dir/C_/Development/sdk/pico/pico-sdk/src/rp2_common/pico_stdio_uart/stdio_uart.c.obj
 .text.stdio_uart_init_full
                0x1003b6e4       0x44 CMakeFiles/picopad-gb.dir/C_/Development/sdk/pico/pico-sdk/src/rp2_common/pico_stdio_uart/stdio_uart.c.obj
                0x1003b6e4                stdio_uart_init_full
 .text.stdio_uart_init
                0x1003b728       0x28 CMakeFiles/picopad-gb.dir/C_/Development/sdk/pico/pico-sdk/src/rp2_common/pico_stdio_uart/stdio_uart.c.obj
                0x1003b728                stdio_uart_init
 .text.core1_trampoline
                0x1003b750        0x2 CMakeFiles/picopad-gb.dir/C_/Development/sdk/pico/pico-sdk/src/rp2_common/pico_multicore/multicore.c.obj
 .text.core1_wrapper
                0x1003b752        0xc CMakeFiles/picopad-gb.dir/C_/Development/sdk/pico/pico-sdk/src/rp2_common/pico_multicore/multicore.c.obj
                0x1003b752                core1_wrapper
 .text.multicore_fifo_push_blocking
                0x1003b75e       0x14 CMakeFiles/picopad-gb.dir/C_/Development/sdk/pico/pico-sdk/src/rp2_common/pico_multicore/multicore.c.obj
                0x1003b75e                multicore_fifo_push_blocking
 .text.multicore_fifo_pop_blocking
                0x1003b772       0x16 CMakeFiles/picopad-gb.dir/C_/Development/sdk/pico/pico-sdk/src/rp2_common/pico_multicore/multicore.c.obj
                0x1003b772                multicore_fifo_pop_blocking
 .text.multicore_reset_core1
                0x1003b788       0x28 CMakeFiles/picopad-gb.dir/C_/Development/sdk/pico/pico-sdk/src/rp2_common/pico_multicore/multicore.c.obj
                0x1003b788                multicore_reset_core1
 .text.multicore_launch_core1_raw
                0x1003b7b0       0x70 CMakeFiles/picopad-gb.dir/C_/Development/sdk/pico/pico-sdk/src/rp2_common/pico_multicore/multicore.c.obj
                0x1003b7b0                multicore_launch_core1_raw
 .text.multicore_launch_core1_with_stack
                0x1003b820       0x50 CMakeFiles/picopad-gb.dir/C_/Development/sdk/pico/pico-sdk/src/rp2_common/pico_multicore/multicore.c.obj
                0x1003b820                multicore_launch_core1_with_stack
 .text.multicore_launch_core1
                0x1003b870       0x24 CMakeFiles/picopad-gb.dir/C_/Development/sdk/pico/pico-sdk/src/rp2_common/pico_multicore/multicore.c.obj
                0x1003b870                multicore_launch_core1
 .text.spi_set_baudrate
                0x1003b894       0xc2 CMakeFiles/picopad-gb.dir/C_/Development/sdk/pico/pico-sdk/src/rp2_common/hardware_spi/spi.c.obj
                0x1003b894                spi_set_baudrate
 *fill*         0x1003b956        0x2 
 .text.spi_init
                0x1003b958       0x74 CMakeFiles/picopad-gb.dir/C_/Development/sdk/pico/pico-sdk/src/rp2_common/hardware_spi/spi.c.obj
                0x1003b958                spi_init
 .text.splitmix64
                0x1003b9cc       0x58 CMakeFiles/picopad-gb.dir/C_/Development/sdk/pico/pico-sdk/src/rp2_common/pico_rand/rand.c.obj
 .text.sdbm_hash64_sram
                0x1003ba24       0x64 CMakeFiles/picopad-gb.dir/C_/Development/sdk/pico/pico-sdk/src/rp2_common/pico_rand/rand.c.obj
 .text.xoroshiro128ss
                0x1003ba88       0xb8 CMakeFiles/picopad-gb.dir/C_/Development/sdk/pico/pico-sdk/src/rp2_common/pico_rand/rand.c.obj
 .text.update_us_since_boot
                0x1003bb40       0x24 CMakeFiles/picopad-gb.dir/C_/Development/sdk/pico/pico-sdk/src/rp2_common/pico_rand/rand.c.obj
 .text.get_absolute_time
                0x1003bb64       0x22 CMakeFiles/picopad-gb.dir/C_/Development/sdk/pico/pico-sdk/src/rp2_common/pico_rand/rand.c.obj
 *fill*         0x1003bb86        0x2 
 .text.delayed_by_us
                0x1003bb88       0x34 CMakeFiles/picopad-gb.dir/C_/Development/sdk/pico/pico-sdk/src/rp2_common/pico_rand/rand.c.obj
 .text.make_timeout_time_us
                0x1003bbbc       0x24 CMakeFiles/picopad-gb.dir/C_/Development/sdk/pico/pico-sdk/src/rp2_common/pico_rand/rand.c.obj
 .text.capture_additional_rosc_samples
                0x1003bbe0      0x164 CMakeFiles/picopad-gb.dir/C_/Development/sdk/pico/pico-sdk/src/rp2_common/pico_rand/rand.c.obj
 .text.initialise_rand
                0x1003bd44      0x110 CMakeFiles/picopad-gb.dir/C_/Development/sdk/pico/pico-sdk/src/rp2_common/pico_rand/rand.c.obj
 .text.get_rand_64
                0x1003be54      0x10c CMakeFiles/picopad-gb.dir/C_/Development/sdk/pico/pico-sdk/src/rp2_common/pico_rand/rand.c.obj
                0x1003be54                get_rand_64
 .text.get_rand_32
                0x1003bf60        0x8 CMakeFiles/picopad-gb.dir/C_/Development/sdk/pico/pico-sdk/src/rp2_common/pico_rand/rand.c.obj
                0x1003bf60                get_rand_32
 .text._retrieve_unique_id_on_boot
                0x1003bf68       0x10 CMakeFiles/picopad-gb.dir/C_/Development/sdk/pico/pico-sdk/src/rp2_common/pico_unique_id/unique_id.c.obj
 .text.pico_get_unique_board_id
                0x1003bf78       0x10 CMakeFiles/picopad-gb.dir/C_/Development/sdk/pico/pico-sdk/src/rp2_common/pico_unique_id/unique_id.c.obj
                0x1003bf78                pico_get_unique_board_id
 .text.flash_get_unique_id
                0x1003bf88       0x46 CMakeFiles/picopad-gb.dir/C_/Development/sdk/pico/pico-sdk/src/rp2_common/hardware_flash/flash.c.obj
                0x1003bf88                flash_get_unique_id
 *fill*         0x1003bfce        0x2 
 .text.dma_channel_unclaim
                0x1003bfd0       0x14 CMakeFiles/picopad-gb.dir/C_/Development/sdk/pico/pico-sdk/src/rp2_common/hardware_dma/dma.c.obj
                0x1003bfd0                dma_channel_unclaim
 .text.dma_claim_unused_channel
                0x1003bfe4       0x24 CMakeFiles/picopad-gb.dir/C_/Development/sdk/pico/pico-sdk/src/rp2_common/hardware_dma/dma.c.obj
                0x1003bfe4                dma_claim_unused_channel
 .text.pwm_init
                0x1003c008       0x34 CMakeFiles/picopad-gb.dir/C_/Development/sdk/netczech/picopad-playground/picopad-sdk/picopad-base/src/common/st7789/st7789.c.obj
 .text.pwm_get_default_config
                0x1003c03c       0x18 CMakeFiles/picopad-gb.dir/C_/Development/sdk/netczech/picopad-playground/picopad-sdk/picopad-base/src/common/st7789/st7789.c.obj
 .text.pwm_set_chan_level
                0x1003c054       0x40 CMakeFiles/picopad-gb.dir/C_/Development/sdk/netczech/picopad-playground/picopad-sdk/picopad-base/src/common/st7789/st7789.c.obj
 .text.DispWriteCmd
                0x1003c094       0x2c CMakeFiles/picopad-gb.dir/C_/Development/sdk/netczech/picopad-playground/picopad-sdk/picopad-base/src/common/st7789/st7789.c.obj
                0x1003c094                DispWriteCmd
 .text.DispWriteData
                0x1003c0c0       0x24 CMakeFiles/picopad-gb.dir/C_/Development/sdk/netczech/picopad-playground/picopad-sdk/picopad-base/src/common/st7789/st7789.c.obj
                0x1003c0c0                DispWriteData
 .text.DispWriteCmdData
                0x1003c0e4       0x4c CMakeFiles/picopad-gb.dir/C_/Development/sdk/netczech/picopad-playground/picopad-sdk/picopad-base/src/common/st7789/st7789.c.obj
                0x1003c0e4                DispWriteCmdData
 .text.DispHardReset
                0x1003c130       0x2c CMakeFiles/picopad-gb.dir/C_/Development/sdk/netczech/picopad-playground/picopad-sdk/picopad-base/src/common/st7789/st7789.c.obj
                0x1003c130                DispHardReset
 .text.DispSoftReset
                0x1003c15c       0x10 CMakeFiles/picopad-gb.dir/C_/Development/sdk/netczech/picopad-playground/picopad-sdk/picopad-base/src/common/st7789/st7789.c.obj
                0x1003c15c                DispSoftReset
 .text.DispSleepDisable
                0x1003c16c        0xa CMakeFiles/picopad-gb.dir/C_/Development/sdk/netczech/picopad-playground/picopad-sdk/picopad-base/src/common/st7789/st7789.c.obj
                0x1003c16c                DispSleepDisable
 .text.DispInvEnable
                0x1003c176        0xa CMakeFiles/picopad-gb.dir/C_/Development/sdk/netczech/picopad-playground/picopad-sdk/picopad-base/src/common/st7789/st7789.c.obj
                0x1003c176                DispInvEnable
 .text.DispColorMode
                0x1003c180       0x16 CMakeFiles/picopad-gb.dir/C_/Development/sdk/netczech/picopad-playground/picopad-sdk/picopad-base/src/common/st7789/st7789.c.obj
                0x1003c180                DispColorMode
 *fill*         0x1003c196        0x2 
 .text.DispRotation
                0x1003c198       0x44 CMakeFiles/picopad-gb.dir/C_/Development/sdk/netczech/picopad-playground/picopad-sdk/picopad-base/src/common/st7789/st7789.c.obj
                0x1003c198                DispRotation
 .text.DispWindow
                0x1003c1dc       0x52 CMakeFiles/picopad-gb.dir/C_/Development/sdk/netczech/picopad-playground/picopad-sdk/picopad-base/src/common/st7789/st7789.c.obj
                0x1003c1dc                DispWindow
 *fill*         0x1003c22e        0x2 
 .text.DispDirtyAll
                0x1003c230       0x34 CMakeFiles/picopad-gb.dir/C_/Development/sdk/netczech/picopad-playground/picopad-sdk/picopad-base/src/common/st7789/st7789.c.obj
                0x1003c230                DispDirtyAll
 .text.DispDirtyNone
                0x1003c264       0x34 CMakeFiles/picopad-gb.dir/C_/Development/sdk/netczech/picopad-playground/picopad-sdk/picopad-base/src/common/st7789/st7789.c.obj
                0x1003c264                DispDirtyNone
 .text.DispDirtyRect
                0x1003c298       0x84 CMakeFiles/picopad-gb.dir/C_/Development/sdk/netczech/picopad-playground/picopad-sdk/picopad-base/src/common/st7789/st7789.c.obj
                0x1003c298                DispDirtyRect
 .text.DispUpdate
                0x1003c31c       0x84 CMakeFiles/picopad-gb.dir/C_/Development/sdk/netczech/picopad-playground/picopad-sdk/picopad-base/src/common/st7789/st7789.c.obj
                0x1003c31c                DispUpdate
 .text.DispUpdateAll
                0x1003c3a0        0xc CMakeFiles/picopad-gb.dir/C_/Development/sdk/netczech/picopad-playground/picopad-sdk/picopad-base/src/common/st7789/st7789.c.obj
                0x1003c3a0                DispUpdateAll
 .text.calc_brightness
                0x1003c3ac       0x14 CMakeFiles/picopad-gb.dir/C_/Development/sdk/netczech/picopad-playground/picopad-sdk/picopad-base/src/common/st7789/st7789.c.obj
                0x1003c3ac                calc_brightness
 .text.set_brightness
                0x1003c3c0       0x1c CMakeFiles/picopad-gb.dir/C_/Development/sdk/netczech/picopad-playground/picopad-sdk/picopad-base/src/common/st7789/st7789.c.obj
                0x1003c3c0                set_brightness
 .text.DispInit
                0x1003c3dc      0x148 CMakeFiles/picopad-gb.dir/C_/Development/sdk/netczech/picopad-playground/picopad-sdk/picopad-base/src/common/st7789/st7789.c.obj
                0x1003c3dc                DispInit
 .text.adc_gpio_init
                0x1003c524       0x1e CMakeFiles/picopad-gb.dir/C_/Development/sdk/netczech/picopad-playground/picopad-sdk/picopad-base/src/common/sdk/sdk_adc.c.obj
 .text.ADC_Init
                0x1003c542        0x8 CMakeFiles/picopad-gb.dir/C_/Development/sdk/netczech/picopad-playground/picopad-sdk/picopad-base/src/common/sdk/sdk_adc.c.obj
                0x1003c542                ADC_Init
 .text.ADC_PinInit
                0x1003c54a        0x8 CMakeFiles/picopad-gb.dir/C_/Development/sdk/netczech/picopad-playground/picopad-sdk/picopad-base/src/common/sdk/sdk_adc.c.obj
                0x1003c54a                ADC_PinInit
 .text.ResetToBootLoader
                0x1003c552        0xc CMakeFiles/picopad-gb.dir/C_/Development/sdk/netczech/picopad-playground/picopad-sdk/picopad-base/src/common/sdk/sdk_watchdog.c.obj
                0x1003c552                ResetToBootLoader
 *fill*         0x1003c55e        0x2 
 .text.load_config_data
                0x1003c560       0x60 CMakeFiles/picopad-gb.dir/C_/Development/sdk/netczech/picopad-playground/picopad-sdk/picopad-base/src/common/sdk/sdk_config.c.obj
                0x1003c560                load_config_data
 .text.save_config_data
                0x1003c5c0       0x3c CMakeFiles/picopad-gb.dir/C_/Development/sdk/netczech/picopad-playground/picopad-sdk/picopad-base/src/common/sdk/sdk_config.c.obj
                0x1003c5c0                save_config_data
 .text.save_config_to_file
                0x1003c5fc       0x84 CMakeFiles/picopad-gb.dir/C_/Development/sdk/netczech/picopad-playground/picopad-sdk/picopad-base/src/common/sdk/sdk_config.c.obj
                0x1003c5fc                save_config_to_file
 .text.save_volume
                0x1003c680       0x1c CMakeFiles/picopad-gb.dir/C_/Development/sdk/netczech/picopad-playground/picopad-sdk/picopad-base/src/common/sdk/sdk_config.c.obj
                0x1003c680                save_volume
 .text.save_brightness
                0x1003c69c       0x1c CMakeFiles/picopad-gb.dir/C_/Development/sdk/netczech/picopad-playground/picopad-sdk/picopad-base/src/common/sdk/sdk_config.c.obj
                0x1003c69c                save_brightness
 .text.load_config_from_sd_card
                0x1003c6b8       0xac CMakeFiles/picopad-gb.dir/C_/Development/sdk/netczech/picopad-playground/picopad-sdk/picopad-base/src/common/sdk/sdk_config.c.obj
                0x1003c6b8                load_config_from_sd_card
 .text.adc_init
                0x1003c764       0x34 CMakeFiles/picopad-gb.dir/C_/Development/sdk/pico/pico-sdk/src/rp2_common/hardware_adc/adc.c.obj
                0x1003c764                adc_init
 .text.dma_sniffer_enable
                0x1003c798       0x4c CMakeFiles/picopad-gb.dir/C_/Development/sdk/netczech/picopad-playground/picopad-sdk/picopad-base/src/common/libs/lib_crc.c.obj
 .text.channel_config_set_chain_to
                0x1003c7e4       0x30 CMakeFiles/picopad-gb.dir/C_/Development/sdk/netczech/picopad-playground/picopad-sdk/picopad-base/src/common/libs/lib_crc.c.obj
 .text.dma_channel_get_default_config
                0x1003c814       0x74 CMakeFiles/picopad-gb.dir/C_/Development/sdk/netczech/picopad-playground/picopad-sdk/picopad-base/src/common/libs/lib_crc.c.obj
 .text.Crc32ADMA
                0x1003c888       0x98 CMakeFiles/picopad-gb.dir/C_/Development/sdk/netczech/picopad-playground/picopad-sdk/picopad-base/src/common/libs/lib_crc.c.obj
                0x1003c888                Crc32ADMA
 .text.DrawClear
                0x1003c920       0x20 CMakeFiles/picopad-gb.dir/C_/Development/sdk/netczech/picopad-playground/picopad-sdk/picopad-base/src/common/libs/lib_drawtft.c.obj
                0x1003c920                DrawClear
 .text.Disk_ClustValid
                0x1003c940       0x20 CMakeFiles/picopad-gb.dir/C_/Development/sdk/netczech/picopad-playground/picopad-sdk/picopad-base/src/common/libs/lib_fat.c.obj
                0x1003c940                Disk_ClustValid
 .text.Disk_CompFATName
                0x1003c960       0x34 CMakeFiles/picopad-gb.dir/C_/Development/sdk/netczech/picopad-playground/picopad-sdk/picopad-base/src/common/libs/lib_fat.c.obj
                0x1003c960                Disk_CompFATName
 .text.Disk_FlushBuf
                0x1003c994       0x78 CMakeFiles/picopad-gb.dir/C_/Development/sdk/netczech/picopad-playground/picopad-sdk/picopad-base/src/common/libs/lib_fat.c.obj
                0x1003c994                Disk_FlushBuf
 .text.Disk_SyncFS
                0x1003ca0c       0x98 CMakeFiles/picopad-gb.dir/C_/Development/sdk/netczech/picopad-playground/picopad-sdk/picopad-base/src/common/libs/lib_fat.c.obj
                0x1003ca0c                Disk_SyncFS
 .text.Disk_MoveBuf
                0x1003caa4       0x40 CMakeFiles/picopad-gb.dir/C_/Development/sdk/netczech/picopad-playground/picopad-sdk/picopad-base/src/common/libs/lib_fat.c.obj
                0x1003caa4                Disk_MoveBuf
 .text.Disk_ClustSect
                0x1003cae4       0x28 CMakeFiles/picopad-gb.dir/C_/Development/sdk/netczech/picopad-playground/picopad-sdk/picopad-base/src/common/libs/lib_fat.c.obj
                0x1003cae4                Disk_ClustSect
 .text.Disk_ReadFat
                0x1003cb0c       0xd0 CMakeFiles/picopad-gb.dir/C_/Development/sdk/netczech/picopad-playground/picopad-sdk/picopad-base/src/common/libs/lib_fat.c.obj
                0x1003cb0c                Disk_ReadFat
 .text.Disk_WriteFat
                0x1003cbdc      0x110 CMakeFiles/picopad-gb.dir/C_/Development/sdk/netczech/picopad-playground/picopad-sdk/picopad-base/src/common/libs/lib_fat.c.obj
                0x1003cbdc                Disk_WriteFat
 .text.Disk_CreateFat
                0x1003ccec      0x118 CMakeFiles/picopad-gb.dir/C_/Development/sdk/netczech/picopad-playground/picopad-sdk/picopad-base/src/common/libs/lib_fat.c.obj
                0x1003ccec                Disk_CreateFat
 .text.Disk_DirClear
                0x1003ce04       0x58 CMakeFiles/picopad-gb.dir/C_/Development/sdk/netczech/picopad-playground/picopad-sdk/picopad-base/src/common/libs/lib_fat.c.obj
                0x1003ce04                Disk_DirClear
 .text.Disk_DirInx
                0x1003ce5c       0xa0 CMakeFiles/picopad-gb.dir/C_/Development/sdk/netczech/picopad-playground/picopad-sdk/picopad-base/src/common/libs/lib_fat.c.obj
                0x1003ce5c                Disk_DirInx
 .text.Disk_DirNext
                0x1003cefc       0xb4 CMakeFiles/picopad-gb.dir/C_/Development/sdk/netczech/picopad-playground/picopad-sdk/picopad-base/src/common/libs/lib_fat.c.obj
                0x1003cefc                Disk_DirNext
 .text.Disk_LoadStartClust
                0x1003cfb0       0x28 CMakeFiles/picopad-gb.dir/C_/Development/sdk/netczech/picopad-playground/picopad-sdk/picopad-base/src/common/libs/lib_fat.c.obj
                0x1003cfb0                Disk_LoadStartClust
 .text.Disk_SaveStartClust
                0x1003cfd8       0x24 CMakeFiles/picopad-gb.dir/C_/Development/sdk/netczech/picopad-playground/picopad-sdk/picopad-base/src/common/libs/lib_fat.c.obj
                0x1003cfd8                Disk_SaveStartClust
 .text.Disk_DirFind
                0x1003cffc       0x56 CMakeFiles/picopad-gb.dir/C_/Development/sdk/netczech/picopad-playground/picopad-sdk/picopad-base/src/common/libs/lib_fat.c.obj
                0x1003cffc                Disk_DirFind
 *fill*         0x1003d052        0x2 
 .text.Disk_CheckChar
                0x1003d054       0x54 CMakeFiles/picopad-gb.dir/C_/Development/sdk/netczech/picopad-playground/picopad-sdk/picopad-base/src/common/libs/lib_fat.c.obj
                0x1003d054                Disk_CheckChar
 .text.Disk_ExtractName
                0x1003d0a8       0xbc CMakeFiles/picopad-gb.dir/C_/Development/sdk/netczech/picopad-playground/picopad-sdk/picopad-base/src/common/libs/lib_fat.c.obj
                0x1003d0a8                Disk_ExtractName
 .text.Disk_FollowPath
                0x1003d164       0xb8 CMakeFiles/picopad-gb.dir/C_/Development/sdk/netczech/picopad-playground/picopad-sdk/picopad-base/src/common/libs/lib_fat.c.obj
                0x1003d164                Disk_FollowPath
 .text.Disk_CheckFS
                0x1003d21c      0x114 CMakeFiles/picopad-gb.dir/C_/Development/sdk/netczech/picopad-playground/picopad-sdk/picopad-base/src/common/libs/lib_fat.c.obj
                0x1003d21c                Disk_CheckFS
 .text.DiskUnmount
                0x1003d330       0xb4 CMakeFiles/picopad-gb.dir/C_/Development/sdk/netczech/picopad-playground/picopad-sdk/picopad-base/src/common/libs/lib_fat.c.obj
                0x1003d330                DiskUnmount
 .text.DiskMount
                0x1003d3e4      0x264 CMakeFiles/picopad-gb.dir/C_/Development/sdk/netczech/picopad-playground/picopad-sdk/picopad-base/src/common/libs/lib_fat.c.obj
                0x1003d3e4                DiskMount
 .text.FileOpen
                0x1003d648       0x64 CMakeFiles/picopad-gb.dir/C_/Development/sdk/netczech/picopad-playground/picopad-sdk/picopad-base/src/common/libs/lib_fat.c.obj
                0x1003d648                FileOpen
 .text.FileRead
                0x1003d6ac       0xfc CMakeFiles/picopad-gb.dir/C_/Development/sdk/netczech/picopad-playground/picopad-sdk/picopad-base/src/common/libs/lib_fat.c.obj
                0x1003d6ac                FileRead
 .text.FileWrite
                0x1003d7a8      0x138 CMakeFiles/picopad-gb.dir/C_/Development/sdk/netczech/picopad-playground/picopad-sdk/picopad-base/src/common/libs/lib_fat.c.obj
                0x1003d7a8                FileWrite
 .text.FileFlush
                0x1003d8e0       0x90 CMakeFiles/picopad-gb.dir/C_/Development/sdk/netczech/picopad-playground/picopad-sdk/picopad-base/src/common/libs/lib_fat.c.obj
                0x1003d8e0                FileFlush
 .text.FileClose
                0x1003d970       0x24 CMakeFiles/picopad-gb.dir/C_/Development/sdk/netczech/picopad-playground/picopad-sdk/picopad-base/src/common/libs/lib_fat.c.obj
                0x1003d970                FileClose
 .text.SDByte   0x1003d994       0x28 CMakeFiles/picopad-gb.dir/C_/Development/sdk/netczech/picopad-playground/picopad-sdk/picopad-base/src/common/libs/lib_sd.c.obj
                0x1003d994                SDByte
 .text.SDUnsel  0x1003d9bc       0x20 CMakeFiles/picopad-gb.dir/C_/Development/sdk/netczech/picopad-playground/picopad-sdk/picopad-base/src/common/libs/lib_sd.c.obj
 .text.SDSendCmd
                0x1003d9dc       0x8e CMakeFiles/picopad-gb.dir/C_/Development/sdk/netczech/picopad-playground/picopad-sdk/picopad-base/src/common/libs/lib_sd.c.obj
                0x1003d9dc                SDSendCmd
 *fill*         0x1003da6a        0x2 
 .text.SDConnect
                0x1003da6c      0x174 CMakeFiles/picopad-gb.dir/C_/Development/sdk/netczech/picopad-playground/picopad-sdk/picopad-base/src/common/libs/lib_sd.c.obj
                0x1003da6c                SDConnect
 .text.SDReadBlock
                0x1003dbe0       0x4c CMakeFiles/picopad-gb.dir/C_/Development/sdk/netczech/picopad-playground/picopad-sdk/picopad-base/src/common/libs/lib_sd.c.obj
                0x1003dbe0                SDReadBlock
 .text.SDOpen   0x1003dc2c       0x38 CMakeFiles/picopad-gb.dir/C_/Development/sdk/netczech/picopad-playground/picopad-sdk/picopad-base/src/common/libs/lib_sd.c.obj
                0x1003dc2c                SDOpen
 .text.SDClose  0x1003dc64       0x20 CMakeFiles/picopad-gb.dir/C_/Development/sdk/netczech/picopad-playground/picopad-sdk/picopad-base/src/common/libs/lib_sd.c.obj
                0x1003dc64                SDClose
 .text.SDReadSect
                0x1003dc84       0x4c CMakeFiles/picopad-gb.dir/C_/Development/sdk/netczech/picopad-playground/picopad-sdk/picopad-base/src/common/libs/lib_sd.c.obj
                0x1003dc84                SDReadSect
 .text.SDWriteSect
                0x1003dcd0       0xa4 CMakeFiles/picopad-gb.dir/C_/Development/sdk/netczech/picopad-playground/picopad-sdk/picopad-base/src/common/libs/lib_sd.c.obj
                0x1003dcd0                SDWriteSect
 .text.SDInit   0x1003dd74       0x40 CMakeFiles/picopad-gb.dir/C_/Development/sdk/netczech/picopad-playground/picopad-sdk/picopad-base/src/common/libs/lib_sd.c.obj
                0x1003dd74                SDInit
 .text.ListEntryAddAfter
                0x1003ddb4        0xc CMakeFiles/picopad-gb.dir/C_/Development/sdk/netczech/picopad-playground/picopad-sdk/picopad-base/src/common/libs/lib_list.c.obj
                0x1003ddb4                ListEntryAddAfter
 .text.NumListInit
                0x1003ddc0        0xa CMakeFiles/picopad-gb.dir/C_/Development/sdk/netczech/picopad-playground/picopad-sdk/picopad-base/src/common/libs/lib_list.c.obj
                0x1003ddc0                NumListInit
 .text.NumListAddFirst
                0x1003ddca       0x10 CMakeFiles/picopad-gb.dir/C_/Development/sdk/netczech/picopad-playground/picopad-sdk/picopad-base/src/common/libs/lib_list.c.obj
                0x1003ddca                NumListAddFirst
 *fill*         0x1003ddda        0x2 
 .text.pwm_init
                0x1003dddc       0x34 CMakeFiles/picopad-gb.dir/C_/Development/sdk/netczech/picopad-playground/picopad-sdk/picopad-base/src/common/libs/lib_pwmsnd.c.obj
 .text.pwm_get_default_config
                0x1003de10       0x18 CMakeFiles/picopad-gb.dir/C_/Development/sdk/netczech/picopad-playground/picopad-sdk/picopad-base/src/common/libs/lib_pwmsnd.c.obj
 .text.pwm_set_chan_level
                0x1003de28       0x40 CMakeFiles/picopad-gb.dir/C_/Development/sdk/netczech/picopad-playground/picopad-sdk/picopad-base/src/common/libs/lib_pwmsnd.c.obj
 .text.PWMSndIrq
                0x1003de68       0xb8 CMakeFiles/picopad-gb.dir/C_/Development/sdk/netczech/picopad-playground/picopad-sdk/picopad-base/src/common/libs/lib_pwmsnd.c.obj
                0x1003de68                PWMSndIrq
 .text.PWMSndTerm
                0x1003df20       0x34 CMakeFiles/picopad-gb.dir/C_/Development/sdk/netczech/picopad-playground/picopad-sdk/picopad-base/src/common/libs/lib_pwmsnd.c.obj
                0x1003df20                PWMSndTerm
 .text.StopSoundChan
                0x1003df54       0x18 CMakeFiles/picopad-gb.dir/C_/Development/sdk/netczech/picopad-playground/picopad-sdk/picopad-base/src/common/libs/lib_pwmsnd.c.obj
                0x1003df54                StopSoundChan
 .text.PlaySoundChan
                0x1003df6c       0xb4 CMakeFiles/picopad-gb.dir/C_/Development/sdk/netczech/picopad-playground/picopad-sdk/picopad-base/src/common/libs/lib_pwmsnd.c.obj
                0x1003df6c                PlaySoundChan
 .text.PlaySound
                0x1003e020       0x1c CMakeFiles/picopad-gb.dir/C_/Development/sdk/netczech/picopad-playground/picopad-sdk/picopad-base/src/common/libs/lib_pwmsnd.c.obj
                0x1003e020                PlaySound
 .text.PlayingSoundChan
                0x1003e03c       0x24 CMakeFiles/picopad-gb.dir/C_/Development/sdk/netczech/picopad-playground/picopad-sdk/picopad-base/src/common/libs/lib_pwmsnd.c.obj
                0x1003e03c                PlayingSoundChan
 .text.PlayingSound
                0x1003e060       0x1c CMakeFiles/picopad-gb.dir/C_/Development/sdk/netczech/picopad-playground/picopad-sdk/picopad-base/src/common/libs/lib_pwmsnd.c.obj
                0x1003e060                PlayingSound
 .text.linear_to_logarithmic
                0x1003e07c       0x3c CMakeFiles/picopad-gb.dir/C_/Development/sdk/netczech/picopad-playground/picopad-sdk/picopad-base/src/common/libs/lib_pwmsnd.c.obj
                0x1003e07c                linear_to_logarithmic
 .text.set_volume
                0x1003e0b8       0x30 CMakeFiles/picopad-gb.dir/C_/Development/sdk/netczech/picopad-playground/picopad-sdk/picopad-base/src/common/libs/lib_pwmsnd.c.obj
                0x1003e0b8                set_volume
 .text.PWMSndInitInternal
                0x1003e0e8       0xb0 CMakeFiles/picopad-gb.dir/C_/Development/sdk/netczech/picopad-playground/picopad-sdk/picopad-base/src/common/libs/lib_pwmsnd.c.obj
                0x1003e0e8                PWMSndInitInternal
 .text.PWMSndInit
                0x1003e198        0xc CMakeFiles/picopad-gb.dir/C_/Development/sdk/netczech/picopad-playground/picopad-sdk/picopad-base/src/common/libs/lib_pwmsnd.c.obj
                0x1003e198                PWMSndInit
 .text.RandShift
                0x1003e1a4       0x40 CMakeFiles/picopad-gb.dir/C_/Development/sdk/netczech/picopad-playground/picopad-sdk/picopad-base/src/common/libs/lib_rand.c.obj
                0x1003e1a4                RandShift
 .text.RandInit
                0x1003e1e4       0x54 CMakeFiles/picopad-gb.dir/C_/Development/sdk/netczech/picopad-playground/picopad-sdk/picopad-base/src/common/libs/lib_rand.c.obj
                0x1003e1e4                RandInit
 .text.MemInit  0x1003e238       0x74 CMakeFiles/picopad-gb.dir/C_/Development/sdk/netczech/picopad-playground/picopad-sdk/picopad-base/src/common/libs/lib_mem.c.obj
                0x1003e238                MemInit
 .text.SystemCoreClockUpdate
                0x1003e2ac       0x14 CMakeFiles/picopad-gb.dir/C_/Development/sdk/pico/pico-sdk/src/rp2_common/cmsis/stub/CMSIS/Device/RaspberryPi/RP2040/Source/system_RP2040.c.obj
                0x1003e2ac                SystemCoreClockUpdate
 .text.SystemInit
                0x1003e2c0        0x8 CMakeFiles/picopad-gb.dir/C_/Development/sdk/pico/pico-sdk/src/rp2_common/cmsis/stub/CMSIS/Device/RaspberryPi/RP2040/Source/system_RP2040.c.obj
                0x1003e2c0                SystemInit
 .text.BatInit  0x1003e2c8        0xe CMakeFiles/picopad-gb.dir/C_/Development/sdk/netczech/picopad-playground/picopad-sdk/picopad-base/src/common/machine/picopad_bat.c.obj
                0x1003e2c8                BatInit
 .text.DeviceInit
                0x1003e2d6       0x4e CMakeFiles/picopad-gb.dir/C_/Development/sdk/netczech/picopad-playground/picopad-sdk/picopad-base/src/common/machine/picopad_init.c.obj
                0x1003e2d6                DeviceInit
 .text.KeyInit  0x1003e324       0x4c CMakeFiles/picopad-gb.dir/C_/Development/sdk/netczech/picopad-playground/picopad-sdk/picopad-base/src/common/machine/picopad_key.c.obj
                0x1003e324                KeyInit
 .text.LedOff   0x1003e370       0x14 CMakeFiles/picopad-gb.dir/C_/Development/sdk/netczech/picopad-playground/picopad-sdk/picopad-base/src/common/machine/picopad_led.c.obj
                0x1003e370                LedOff
 .text.LedInit  0x1003e384       0x44 CMakeFiles/picopad-gb.dir/C_/Development/sdk/netczech/picopad-playground/picopad-sdk/picopad-base/src/common/machine/picopad_led.c.obj
                0x1003e384                LedInit
 .text.malloc   0x1003e3c8       0x14 c:/development/arm-none-eabi/bin/../lib/gcc/arm-none-eabi/12.2.1/thumb/v6-m/nofp\libg.a(libc_a-malloc.o)
                0x1003e3c8                malloc
 .text._malloc_r
                0x1003e3dc      0x5c4 c:/development/arm-none-eabi/bin/../lib/gcc/arm-none-eabi/12.2.1/thumb/v6-m/nofp\libg.a(libc_a-mallocr.o)
                0x1003e3dc                _malloc_r
 .text.__malloc_lock
                0x1003e9a0       0x10 c:/development/arm-none-eabi/bin/../lib/gcc/arm-none-eabi/12.2.1/thumb/v6-m/nofp\libg.a(libc_a-mlock.o)
                0x1003e9a0                __malloc_lock
 .text.__malloc_unlock
                0x1003e9b0       0x10 c:/development/arm-none-eabi/bin/../lib/gcc/arm-none-eabi/12.2.1/thumb/v6-m/nofp\libg.a(libc_a-mlock.o)
                0x1003e9b0                __malloc_unlock
 .text.qsort    0x1003e9c0      0x5cc c:/development/arm-none-eabi/bin/../lib/gcc/arm-none-eabi/12.2.1/thumb/v6-m/nofp\libg.a(libc_a-qsort.o)
                0x1003e9c0                qsort
 .text.memcmp   0x1003ef8c       0x44 c:/development/arm-none-eabi/bin/../lib/gcc/arm-none-eabi/12.2.1/thumb/v6-m/nofp\libg.a(libc_a-memcmp.o)
                0x1003ef8c                memcmp
 .text.strcat   0x1003efd0       0x4c c:/development/arm-none-eabi/bin/../lib/gcc/arm-none-eabi/12.2.1/thumb/v6-m/nofp\libg.a(libc_a-strcat.o)
                0x1003efd0                strcat
 .text._sbrk_r  0x1003f01c       0x24 c:/development/arm-none-eabi/bin/../lib/gcc/arm-none-eabi/12.2.1/thumb/v6-m/nofp\libg.a(libc_a-sbrkr.o)
                0x1003f01c                _sbrk_r
 .text.__errno  0x1003f040        0xc c:/development/arm-none-eabi/bin/../lib/gcc/arm-none-eabi/12.2.1/thumb/v6-m/nofp\libg.a(libc_a-errno.o)
                0x1003f040                __errno
 .text.__retarget_lock_acquire_recursive
                0x1003f04c        0x4 c:/development/arm-none-eabi/bin/../lib/gcc/arm-none-eabi/12.2.1/thumb/v6-m/nofp\libg.a(libc_a-lock.o)
                0x1003f04c                __retarget_lock_acquire_recursive
 .text.__retarget_lock_release_recursive
                0x1003f050        0x4 c:/development/arm-none-eabi/bin/../lib/gcc/arm-none-eabi/12.2.1/thumb/v6-m/nofp\libg.a(libc_a-lock.o)
                0x1003f050                __retarget_lock_release_recursive
 .text.sysconf  0x1003f054       0x1c c:/development/arm-none-eabi/bin/../lib/gcc/arm-none-eabi/12.2.1/thumb/v6-m/nofp\libg.a(libc_a-sysconf.o)
                0x1003f054                sysconf
 .text.strcpy   0x1003f070       0x10 c:/development/arm-none-eabi/bin/../lib/gcc/arm-none-eabi/12.2.1/thumb/v6-m/nofp\libg.a(libc_a-strcpy.o)
                0x1003f070                strcpy
 .text.strlen   0x1003f080       0x5c c:/development/arm-none-eabi/bin/../lib/gcc/arm-none-eabi/12.2.1/thumb/v6-m/nofp\libg.a(libc_a-strlen-stub.o)
                0x1003f080                strlen
 .text._malloc_trim_r
                0x1003f0dc       0xb4 c:/development/arm-none-eabi/bin/../lib/gcc/arm-none-eabi/12.2.1/thumb/v6-m/nofp\libg.a(libc_a-freer.o)
                0x1003f0dc                _malloc_trim_r
 .text._free_r  0x1003f190      0x1d4 c:/development/arm-none-eabi/bin/../lib/gcc/arm-none-eabi/12.2.1/thumb/v6-m/nofp\libg.a(libc_a-freer.o)
                0x1003f190                _free_r
 *(.fini)
 .fini          0x1003f364        0x4 c:/development/arm-none-eabi/bin/../lib/gcc/arm-none-eabi/12.2.1/thumb/v6-m/nofp/crti.o
                0x1003f364                _fini
 .fini.__stub   0x1003f368       0x80 linker stubs
 *crtbegin.o(.ctors)
 *crtbegin?.o(.ctors)
 *(EXCLUDE_FILE(*crtend.o *crtend?.o) .ctors)
 *(SORT_BY_NAME(.ctors.*))
 *(.ctors)
 *crtbegin.o(.dtors)
 *crtbegin?.o(.dtors)
 *(EXCLUDE_FILE(*crtend.o *crtend?.o) .dtors)
 *(SORT_BY_NAME(.dtors.*))
 *(.dtors)
 *(.eh_frame*)
 .eh_frame      0x1003f3e8        0x0 c:/development/arm-none-eabi/bin/../lib/gcc/arm-none-eabi/12.2.1/thumb/v6-m/nofp/crtbegin.o
                0x1003f3e8                        . = ALIGN (0x4)

.glue_7         0x1003f3e8        0x0
 .glue_7        0x1003f3e8        0x0 linker stubs

.glue_7t        0x1003f3e8        0x0
 .glue_7t       0x1003f3e8        0x0 linker stubs

.vfp11_veneer   0x1003f3e8        0x0
 .vfp11_veneer  0x1003f3e8        0x0 linker stubs

.v4_bx          0x1003f3e8        0x0
 .v4_bx         0x1003f3e8        0x0 linker stubs

.iplt           0x1003f3e8        0x0
 .iplt          0x1003f3e8        0x0 c:/development/arm-none-eabi/bin/../lib/gcc/arm-none-eabi/12.2.1/thumb/v6-m/nofp/crtbegin.o

.rodata         0x1003f3e8   0x101fac
 *(EXCLUDE_FILE(*libm.a: *libc.a:*lib_a-mem*.o *libgcc.a:) .rodata*)
 .rodata.audio_write
                0x1003f3e8       0x54 CMakeFiles/picopad-gb.dir/vendor/minigb_apu/minigb_apu.c.obj
 .rodata.audio_init.str1.4
                0x1003f43c       0x11 CMakeFiles/picopad-gb.dir/vendor/minigb_apu/minigb_apu.c.obj
 *fill*         0x1003f44d        0x3 
 .rodata.ortab.0
                0x1003f450       0x30 CMakeFiles/picopad-gb.dir/vendor/minigb_apu/minigb_apu.c.obj
 .rodata        0x1003f480       0x17 CMakeFiles/picopad-gb.dir/vendor/minigb_apu/minigb_apu.c.obj
 *fill*         0x1003f497        0x1 
 .rodata._Z9__gb_readP4gb_st
                0x1003f498       0xd0 CMakeFiles/picopad-gb.dir/src/main.cpp.obj
 .rodata._Z10__gb_writeP4gb_sjh
                0x1003f568      0x440 CMakeFiles/picopad-gb.dir/src/main.cpp.obj
 .rodata._Z15__gb_execute_cbP4gb_s
                0x1003f9a8       0x3c CMakeFiles/picopad-gb.dir/src/main.cpp.obj
 .rodata._Z13__gb_step_cpuP4gb_s
                0x1003f9e4      0x400 CMakeFiles/picopad-gb.dir/src/main.cpp.obj
 .rodata.main.str1.4
                0x1003fde4       0x73 CMakeFiles/picopad-gb.dir/src/main.cpp.obj
 *fill*         0x1003fe57        0x1 
 .rodata._ZL12colorPalette
                0x1003fe58       0x18 CMakeFiles/picopad-gb.dir/src/main.cpp.obj
 .rodata._ZZ13__gb_step_cpuP4gb_sE10TAC_CYCLES
                0x1003fe70       0x10 CMakeFiles/picopad-gb.dir/src/main.cpp.obj
 .rodata._ZZ13__gb_step_cpuP4gb_sE9op_cycles
                0x1003fe80      0x100 CMakeFiles/picopad-gb.dir/src/main.cpp.obj
 .rodata        0x1003ff80       0x6e CMakeFiles/picopad-gb.dir/src/main.cpp.obj
 *fill*         0x1003ffee        0x2 
 .rodata.hw_claim_clear.str1.4
                0x1003fff0       0x67 CMakeFiles/picopad-gb.dir/C_/Development/sdk/pico/pico-sdk/src/rp2_common/hardware_claim/claim.c.obj
 *fill*         0x10040057        0x1 
 .rodata.__func__.0
                0x10040058        0xf CMakeFiles/picopad-gb.dir/C_/Development/sdk/pico/pico-sdk/src/rp2_common/hardware_claim/claim.c.obj
 *fill*         0x10040067        0x1 
 .rodata.resolve_branch.str1.4
                0x10040068       0x5b CMakeFiles/picopad-gb.dir/C_/Development/sdk/pico/pico-sdk/src/rp2_common/hardware_irq/irq.c.obj
 *fill*         0x100400c3        0x1 
 .rodata.make_branch.str1.4
                0x100400c4       0x30 CMakeFiles/picopad-gb.dir/C_/Development/sdk/pico/pico-sdk/src/rp2_common/hardware_irq/irq.c.obj
 .rodata.insert_branch_and_link.str1.4
                0x100400f4       0x10 CMakeFiles/picopad-gb.dir/C_/Development/sdk/pico/pico-sdk/src/rp2_common/hardware_irq/irq.c.obj
 .rodata.irq_set_exclusive_handler.str1.4
                0x10040104       0x36 CMakeFiles/picopad-gb.dir/C_/Development/sdk/pico/pico-sdk/src/rp2_common/hardware_irq/irq.c.obj
 *fill*         0x1004013a        0x2 
 .rodata.irq_remove_handler.str1.4
                0x1004013c       0x3a CMakeFiles/picopad-gb.dir/C_/Development/sdk/pico/pico-sdk/src/rp2_common/hardware_irq/irq.c.obj
 *fill*         0x10040176        0x2 
 .rodata.irq_add_tail_to_free_list.str1.4
                0x10040178       0x3a CMakeFiles/picopad-gb.dir/C_/Development/sdk/pico/pico-sdk/src/rp2_common/hardware_irq/irq.c.obj
 *fill*         0x100401b2        0x2 
 .rodata.__func__.0
                0x100401b4       0x1a CMakeFiles/picopad-gb.dir/C_/Development/sdk/pico/pico-sdk/src/rp2_common/hardware_irq/irq.c.obj
 *fill*         0x100401ce        0x2 
 .rodata.__func__.1
                0x100401d0       0x17 CMakeFiles/picopad-gb.dir/C_/Development/sdk/pico/pico-sdk/src/rp2_common/hardware_irq/irq.c.obj
 *fill*         0x100401e7        0x1 
 .rodata.__func__.2
                0x100401e8       0x13 CMakeFiles/picopad-gb.dir/C_/Development/sdk/pico/pico-sdk/src/rp2_common/hardware_irq/irq.c.obj
 *fill*         0x100401fb        0x1 
 .rodata.__func__.3
                0x100401fc        0xc CMakeFiles/picopad-gb.dir/C_/Development/sdk/pico/pico-sdk/src/rp2_common/hardware_irq/irq.c.obj
 .rodata.__func__.4
                0x10040208        0xf CMakeFiles/picopad-gb.dir/C_/Development/sdk/pico/pico-sdk/src/rp2_common/hardware_irq/irq.c.obj
 *fill*         0x10040217        0x1 
 .rodata.__func__.6
                0x10040218       0x1a CMakeFiles/picopad-gb.dir/C_/Development/sdk/pico/pico-sdk/src/rp2_common/hardware_irq/irq.c.obj
 *fill*         0x10040232        0x2 
 .rodata.str1.4
                0x10040234       0x91 CMakeFiles/picopad-gb.dir/C_/Development/sdk/pico/pico-sdk/src/common/pico_sync/mutex.c.obj
 *fill*         0x100402c5        0x3 
 .rodata.__func__.1
                0x100402c8        0xb CMakeFiles/picopad-gb.dir/C_/Development/sdk/pico/pico-sdk/src/common/pico_sync/mutex.c.obj
 *fill*         0x100402d3        0x1 
 .rodata.__func__.3
                0x100402d4       0x18 CMakeFiles/picopad-gb.dir/C_/Development/sdk/pico/pico-sdk/src/common/pico_sync/mutex.c.obj
 .rodata.get_entry.str1.4
                0x100402ec       0x61 CMakeFiles/picopad-gb.dir/C_/Development/sdk/pico/pico-sdk/src/common/pico_time/time.c.obj
 *fill*         0x1004034d        0x3 
 .rodata.update_us_since_boot.str1.4
                0x10040350       0x67 CMakeFiles/picopad-gb.dir/C_/Development/sdk/pico/pico-sdk/src/common/pico_time/time.c.obj
 *fill*         0x100403b7        0x1 
 .rodata.ph_get_node.str1.4
                0x100403b8       0x6c CMakeFiles/picopad-gb.dir/C_/Development/sdk/pico/pico-sdk/src/common/pico_time/time.c.obj
 .rodata.ph_add_child_node.str1.4
                0x10040424       0x2e CMakeFiles/picopad-gb.dir/C_/Development/sdk/pico/pico-sdk/src/common/pico_time/time.c.obj
 *fill*         0x10040452        0x2 
 .rodata.ph_insert_node.str1.4
                0x10040454        0x3 CMakeFiles/picopad-gb.dir/C_/Development/sdk/pico/pico-sdk/src/common/pico_time/time.c.obj
 *fill*         0x10040457        0x1 
 .rodata.ph_free_node.str1.4
                0x10040458       0x38 CMakeFiles/picopad-gb.dir/C_/Development/sdk/pico/pico-sdk/src/common/pico_time/time.c.obj
 .rodata.add_alarm_under_lock.str1.4
                0x10040490       0x28 CMakeFiles/picopad-gb.dir/C_/Development/sdk/pico/pico-sdk/src/common/pico_time/time.c.obj
 .rodata.alarm_pool_alarm_callback.str1.4
                0x100404b8       0x60 CMakeFiles/picopad-gb.dir/C_/Development/sdk/pico/pico-sdk/src/common/pico_time/time.c.obj
 .rodata.alarm_pool_get_default.str1.4
                0x10040518       0x21 CMakeFiles/picopad-gb.dir/C_/Development/sdk/pico/pico-sdk/src/common/pico_time/time.c.obj
 *fill*         0x10040539        0x3 
 .rodata.alarm_pool_cancel_alarm.str1.4
                0x1004053c       0x27 CMakeFiles/picopad-gb.dir/C_/Development/sdk/pico/pico-sdk/src/common/pico_time/time.c.obj
 *fill*         0x10040563        0x1 
 .rodata.sleep_until.str1.4
                0x10040564       0x4d CMakeFiles/picopad-gb.dir/C_/Development/sdk/pico/pico-sdk/src/common/pico_time/time.c.obj
 *fill*         0x100405b1        0x3 
 .rodata.__func__.1
                0x100405b4       0x18 CMakeFiles/picopad-gb.dir/C_/Development/sdk/pico/pico-sdk/src/common/pico_time/time.c.obj
 .rodata.__func__.3
                0x100405cc       0x17 CMakeFiles/picopad-gb.dir/C_/Development/sdk/pico/pico-sdk/src/common/pico_time/time.c.obj
 *fill*         0x100405e3        0x1 
 .rodata.__func__.4
                0x100405e4       0x12 CMakeFiles/picopad-gb.dir/C_/Development/sdk/pico/pico-sdk/src/common/pico_time/time.c.obj
 *fill*         0x100405f6        0x2 
 .rodata.__func__.5
                0x100405f8        0xd CMakeFiles/picopad-gb.dir/C_/Development/sdk/pico/pico-sdk/src/common/pico_time/time.c.obj
 *fill*         0x10040605        0x3 
 .rodata.__func__.6
                0x10040608       0x12 CMakeFiles/picopad-gb.dir/C_/Development/sdk/pico/pico-sdk/src/common/pico_time/time.c.obj
 *fill*         0x1004061a        0x2 
 .rodata.__func__.7
                0x1004061c        0xf CMakeFiles/picopad-gb.dir/C_/Development/sdk/pico/pico-sdk/src/common/pico_time/time.c.obj
 *fill*         0x1004062b        0x1 
 .rodata.__func__.8
                0x1004062c        0xc CMakeFiles/picopad-gb.dir/C_/Development/sdk/pico/pico-sdk/src/common/pico_time/time.c.obj
 .rodata.__func__.9
                0x10040638       0x15 CMakeFiles/picopad-gb.dir/C_/Development/sdk/pico/pico-sdk/src/common/pico_time/time.c.obj
 *fill*         0x1004064d        0x3 
 .rodata.__func__.10
                0x10040650       0x15 CMakeFiles/picopad-gb.dir/C_/Development/sdk/pico/pico-sdk/src/common/pico_time/time.c.obj
 *fill*         0x10040665        0x3 
 .rodata.__func__.11
                0x10040668       0x1a CMakeFiles/picopad-gb.dir/C_/Development/sdk/pico/pico-sdk/src/common/pico_time/time.c.obj
 *fill*         0x10040682        0x2 
 .rodata.__func__.12
                0x10040684        0xa CMakeFiles/picopad-gb.dir/C_/Development/sdk/pico/pico-sdk/src/common/pico_time/time.c.obj
 .rodata.update_us_since_boot.str1.4
                0x1004068e       0x67 CMakeFiles/picopad-gb.dir/C_/Development/sdk/pico/pico-sdk/src/rp2_common/hardware_timer/timer.c.obj
 *fill*         0x1004068e        0x2 
 .rodata.hardware_alarm_claim.str1.4
                0x10040690       0x22 CMakeFiles/picopad-gb.dir/C_/Development/sdk/pico/pico-sdk/src/rp2_common/hardware_timer/timer.c.obj
 *fill*         0x100406b2        0x2 
 .rodata.hardware_alarm_set_target.str1.4
                0x100406b4       0x6b CMakeFiles/picopad-gb.dir/C_/Development/sdk/pico/pico-sdk/src/rp2_common/hardware_timer/timer.c.obj
 *fill*         0x1004071f        0x1 
 .rodata.__func__.0
                0x10040720       0x1a CMakeFiles/picopad-gb.dir/C_/Development/sdk/pico/pico-sdk/src/rp2_common/hardware_timer/timer.c.obj
 *fill*         0x1004073a        0x2 